HI-TECH Software C Compiler 

Linker command line:

--edf=C:\Program Files (x86)\HI-TECH Software\PICC\9.83\dat\en_msgs.txt -cs \
  -h+BT02week12ttvxl.sym -z -Q16F887 -ol.obj -MBT02week12ttvxl.map -E1 \
  -ACONST=00h-0FFhx32 -ACODE=00h-07FFhx4 -ASTRCODE=00h-01FFFh \
  -AENTRY=00h-0FFhx32 -ASTRING=00h-0FFhx32 -ABANK0=020h-06Fh \
  -ABANK1=0A0h-0EFh -ABANK2=0110h-016Fh -ABANK3=0190h-01EFh \
  -ARAM=020h-06Fh,0A0h-0EFh,0110h-016Fh,0190h-01EFh \
  -AABS1=020h-07Fh,0A0h-0EFh,0110h-016Fh,0190h-01EFh -ACOMMON=070h-07Fh \
  -ASFR0=00h-01Fh -ASFR1=080h-09Fh -ASFR2=0100h-010Fh -ASFR3=0180h-018Fh \
  -preset_vec=00h,intentry=04h,init,end_init -ppowerup=CODE -pfunctab=CODE \
  -ACONFIG=02007h-02008h -pconfig=CONFIG -DCONFIG=2 -AIDLOC=02000h-02003h \
  -pidloc=IDLOC -DIDLOC=2 -AEEDATA=00h-0FFh/02100h -peeprom_data=EEDATA \
  -DEEDATA=2 -DCODE=2 -DSTRCODE=2 -DSTRING=2 -DCONST=2 -DENTRY=2 -k \
  startup.obj BT02week12ttvxl.obj 

Object code version is 3.10

Machine type is 16F887



                Name                               Link     Load   Length Selector   Space Scale
startup.obj     end_init                              E        E        3        8       0
                reset_vec                             0        0        3        0       0
BT02week12ttvxl.obj
                intentry                              4        4        A        8       0
                config                             2007     2007        1     400E       0
                text784                             809      809      138     1012       0
                text780                            1734     1734       CC     2E68       0
                text765                            1672     1672       C2     2CE4       0
                text763                             CA8      CA8      358     1950       0
                text760                             AB7      AB7      1F1     156E       0
                text759                             941      941      176     1282       0
                text754                              11       11      7D3        8       0
                maintext                           15CD     15CD       A5     2B9A       0
                cstackBANK0                          20       20       44       20       1
                cstackCOMMON                         70       70        E       70       1
                cstackBANK1                          A0       A0       29       A0       1
                bssBANK1                             C9       C9        7       A0       1
                bssBANK0                             64       64        3       20       1
                cinit                               7E4      7E4        F        8       0
                strings                            1000     1000       90     2000       0

TOTAL           Name                               Link     Load   Length     Space
        CLASS   CONST          

        CLASS   CODE           
                end_init                              E        E        3         0
                intentry                              4        4        A         0
                reset_vec                             0        0        3         0
                text784                             809      809      138         0
                text780                            1734     1734       CC         0
                text765                            1672     1672       C2         0
                text763                             CA8      CA8      358         0
                text760                             AB7      AB7      1F1         0
                text759                             941      941      176         0
                text754                              11       11      7D3         0
                maintext                           15CD     15CD       A5         0
                cinit                               7E4      7E4        F         0

        CLASS   STRCODE        

        CLASS   ENTRY          

        CLASS   STRING         
                strings                            1000     1000       90         0

        CLASS   BANK0          
                cstackBANK0                          20       20       44         1
                bssBANK0                             64       64        3         1

        CLASS   BANK1          
                cstackBANK1                          A0       A0       29         1
                bssBANK1                             C9       C9        7         1

        CLASS   BANK2          

        CLASS   BANK3          

        CLASS   RAM            

        CLASS   ABS1           
                abs_s1                               7E       7E        2         1

        CLASS   COMMON         
                cstackCOMMON                         70       70        E         1

        CLASS   SFR0           

        CLASS   SFR1           

        CLASS   SFR2           

        CLASS   SFR3           

        CLASS   CONFIG         
                config                             2007     2007        1         0

        CLASS   IDLOC          

        CLASS   EEDATA         



SEGMENTS        Name                           Load    Length   Top    Selector   Space  Class     Delta

                reset_vec                      000000  000003  000003         0       0  CODE        2
                intentry                       000004  0007EF  0007F3         8       0  CODE        2
                cstackBANK0                    000020  000047  000067        20       1  BANK0       1
                cstackCOMMON                   000070  00000E  00007E        70       1  COMMON      1
                cstackBANK1                    0000A0  000030  0000D0        A0       1  BANK1       1
                text784                        000809  000138  000941      1012       0  CODE        2
                text759                        000941  000176  000AB7      1282       0  CODE        2
                text760                        000AB7  0001F1  000CA8      156E       0  CODE        2
                text763                        000CA8  000358  001000      1950       0  CODE        2
                strings                        001000  000090  001090      2000       0  STRING      2
                maintext                       0015CD  0000A5  001672      2B9A       0  CODE        2
                text765                        001672  0000C2  001734      2CE4       0  CODE        2
                text780                        001734  0000CC  001800      2E68       0  CODE        2
                config                         002007  000001  002008      400E       0  CONFIG      2


UNUSED ADDRESS RANGES

        Name                Unused          Largest block    Delta
        BANK0            0067-006F              9           1
        BANK1            00D0-00EF             20           1
        BANK2            0110-016F             60           1
        BANK3            0190-01EF             60           1
        CODE             0003-0003              1           2
                         07F3-0808              D
                         1090-15CC            53D
                         1800-1FFF            800
        CONFIG           2008-2008              1           2
        CONST            0003-0003              1           2
                         07F3-0808              D
                         1090-15CC            100
                         1800-1FFF            100
        EEDATA           2100-21FF            100           2
        ENTRY            0003-0003              1           2
                         07F3-0808              D
                         1090-15CC            100
                         1800-1FFF            100
        IDLOC            2000-2003              4           2
        RAM              0067-006F              9           1
                         00D0-00EF             20
                         0110-016F             60
                         0190-01EF             60
        SFR0             0000-001F             20           1
        SFR1             0080-009F             20           1
        SFR2             0100-010F             10           1
        SFR3             0180-018F             10           1
        STRCODE          0003-0003              1           2
                         07F3-0808             16
                         1090-15CC            53D
                         1800-1FFF            800
        STRING           0003-0003              1           2
                         07F3-0808              D
                         1090-15CC            100
                         1800-1FFF            100

                                  Symbol Table

??___altoft            cstackBANK0  0034
??___awdiv             cstackBANK0  0032
??___awmod             cstackBANK0  002C
??___bmul              cstackBANK0  0032
??___ftadd             cstackBANK0  0058
??___ftge              cstackBANK0  002E
??___ftmul             cstackBANK0  0049
??___ftneg             cstackBANK0  002B
??___ftpack            cstackBANK0  002D
??___ftsub             cstackBANK0  0064
??___fttol             cstackBANK0  003A
??___lbdiv             cstackBANK0  002E
??___lbmod             cstackBANK0  0029
??___lldiv             cstackBANK0  0030
??___llmod             cstackBANK0  003D
??___lltoft            cstackBANK0  0034
??___wmul              cstackBANK0  002C
??__div_to_l_          cstackBANK0  002E
??__tdiv_to_l_         cstackBANK0  002E
??_fround              cstackBANK0  0061
??_isdigit             cstackBANK0  0028
??_isprint             cstackBANK0  0028
??_lcd_busy            cstackBANK0  0028
??_lcd_gotoxy          cstackBANK0  002E
??_lcd_init            cstackBANK0  002D
??_lcd_put_byte        cstackBANK0  0029
??_lcd_putc            cstackBANK0  0030
??_main                cstackBANK0  0064
??_ngat                cstackBANK0  0026
??_printf              cstackBANK1  00AB
??_putch               cstackBANK0  0031
??_scale               cstackBANK0  0055
??i1___ftadd           cstackBANK0  0020
??i1___ftpack          cstackCOMMON 0075
?___altoft             cstackBANK0  0030
?___awdiv              cstackBANK0  002E
?___awmod              cstackBANK0  0028
?___bmul               cstackBANK0  0031
?___ftadd              cstackBANK0  0052
?___ftge               cstackBANK0  0028
?___ftmul              cstackBANK0  0043
?___ftneg              cstackBANK0  0028
?___ftpack             cstackBANK0  0028
?___ftsub              cstackBANK0  005E
?___fttol              cstackBANK0  0036
?___lbdiv              cstackBANK0  002D
?___lbmod              cstackBANK0  0028
?___lldiv              cstackBANK0  0028
?___llmod              cstackBANK0  0035
?___lltoft             cstackBANK0  0030
?___wmul               cstackBANK0  0028
?__div_to_l_           cstackBANK0  0028
?__tdiv_to_l_          cstackBANK0  0028
?_fround               cstackBANK0  005E
?_isdigit              cstackCOMMON 0070
?_isprint              cstackCOMMON 0070
?_lcd_busy             cstackCOMMON 0070
?_lcd_gotoxy           cstackBANK0  002D
?_lcd_init             cstackCOMMON 0070
?_lcd_put_byte         cstackBANK0  0028
?_lcd_putc             cstackCOMMON 0070
?_main                 cstackCOMMON 0070
?_ngat                 cstackCOMMON 0070
?_printf               cstackBANK1  00A7
?_putch                cstackCOMMON 0070
?_scale                cstackBANK0  0052
?i1___ftadd            cstackCOMMON 0078
?i1___ftpack           cstackCOMMON 0070
_ANSEL                 (abs)        0188
_ANSELH                (abs)        0189
_GIE                   (abs)        005F
_PS0                   (abs)        0408
_PS1                   (abs)        0409
_PS2                   (abs)        040A
_PSA                   (abs)        040B
_RD1                   (abs)        0041
_RD2                   (abs)        0042
_RD3                   (abs)        0043
_RD4                   (abs)        0044
_RD5                   (abs)        0045
_RD6                   (abs)        0046
_RD7                   (abs)        0047
_T0CS                  (abs)        040D
_T0IE                  (abs)        005D
_T0IF                  (abs)        005A
_T1CKPS0               (abs)        0084
_T1CKPS1               (abs)        0085
_T1SYNC                (abs)        0082
_TMR0                  (abs)        0001
_TMR1                  (abs)        000E
_TMR1CS                (abs)        0081
_TMR1GE                (abs)        0086
_TMR1H                 (abs)        000F
_TMR1L                 (abs)        000E
_TMR1ON                (abs)        0080
_TRISA4                (abs)        042C
_TRISD                 (abs)        0088
_TRISD1                (abs)        0441
_TRISD2                (abs)        0442
_TRISD3                (abs)        0443
_TRISD4                (abs)        0444
_TRISD5                (abs)        0445
_TRISD6                (abs)        0446
_TRISD7                (abs)        0447
_TRISE0                (abs)        0448
__Habs1                abs1         0000
__Hbank0               bank0        0000
__Hbank1               bank1        0000
__Hbank2               bank2        0000
__Hbank3               bank3        0000
__HbssBANK0            bssBANK0     0000
__HbssBANK1            bssBANK1     0000
__Hcinit               cinit        0000
__Hclrtext             clrtext      0000
__Hcode                code         0000
__Hcommon              common       0000
__Hconfig              config       2008
__HcstackBANK0         cstackBANK0  0000
__HcstackBANK1         cstackBANK1  0000
__HcstackCOMMON        cstackCOMMON 0000
__Heeprom_data         eeprom_data  0000
__Hend_init            end_init     0011
__Hfunctab             functab      0000
__Hidloc               idloc        0000
__Hinit                init         000E
__Hintentry            intentry     000E
__Hmaintext            maintext     0000
__Hpa_nodes            pa_nodes     0000
__Hpowerup             powerup      0000
__Hram                 ram          0000
__Hreset_vec           reset_vec    0003
__Hsfr0                sfr0         0000
__Hsfr1                sfr1         0000
__Hsfr2                sfr2         0000
__Hsfr3                sfr3         0000
__Hstrings             strings      0000
__Htext                text         0000
__Labs1                abs1         0000
__Lbank0               bank0        0000
__Lbank1               bank1        0000
__Lbank2               bank2        0000
__Lbank3               bank3        0000
__LbssBANK0            bssBANK0     0000
__LbssBANK1            bssBANK1     0000
__Lcinit               cinit        0000
__Lclrtext             clrtext      0000
__Lcode                code         0000
__Lcommon              common       0000
__Lconfig              config       2007
__LcstackBANK0         cstackBANK0  0000
__LcstackBANK1         cstackBANK1  0000
__LcstackCOMMON        cstackCOMMON 0000
__Leeprom_data         eeprom_data  0000
__Lend_init            end_init     000E
__Lfunctab             functab      0000
__Lidloc               idloc        0000
__Linit                init         000E
__Lintentry            intentry     0004
__Lmaintext            maintext     0000
__Lpa_nodes            pa_nodes     0000
__Lpowerup             powerup      0000
__Lram                 ram          0000
__Lreset_vec           reset_vec    0000
__Lsfr0                sfr0         0000
__Lsfr1                sfr1         0000
__Lsfr2                sfr2         0000
__Lsfr3                sfr3         0000
__Lstrings             strings      0000
__Ltext                text         0000
__S0                   (abs)        2008
__S1                   (abs)        00D0
__S2                   (abs)        0000
___altoft              text763      0CA8
___altoft@c            cstackBANK0  0030
___altoft@exp          cstackBANK0  0034
___altoft@sign         cstackBANK0  0035
___awdiv               text763      0E69
___awdiv@counter       cstackBANK0  0032
___awdiv@dividend      cstackBANK0  0030
___awdiv@divisor       cstackBANK0  002E
___awdiv@quotient      cstackBANK0  0034
___awdiv@sign          cstackBANK0  0033
___awmod               text763      0EAE
___awmod@counter       cstackBANK0  002C
___awmod@dividend      cstackBANK0  002A
___awmod@divisor       cstackBANK0  0028
___awmod@sign          cstackBANK0  002D
___bmul                text763      0F5A
___bmul@multiplicand   cstackBANK0  0031
___bmul@multiplier     cstackBANK0  0033
___bmul@product        cstackBANK0  0032
___ftadd               text765      1672
___ftadd@exp1          cstackBANK0  005D
___ftadd@exp2          cstackBANK0  005C
___ftadd@f1            cstackBANK0  0052
___ftadd@f2            cstackBANK0  0055
___ftadd@sign          cstackBANK0  005B
___ftge                text754      05A7
___ftge@ff1            cstackBANK0  0028
___ftge@ff2            cstackBANK0  002B
___ftmul               text763      0EEB
___ftmul@cntr          cstackBANK0  0050
___ftmul@exp           cstackBANK0  004C
___ftmul@f1            cstackBANK0  0043
___ftmul@f2            cstackBANK0  0046
___ftmul@f3_as_product cstackBANK0  004D
___ftmul@sign          cstackBANK0  0051
___ftneg               text754      069E
___ftneg@f1            cstackBANK0  0028
___ftpack              text763      0F69
___ftpack@arg          cstackBANK0  0028
___ftpack@exp          cstackBANK0  002B
___ftpack@sign         cstackBANK0  002C
___ftsub               text754      06C6
___ftsub@f1            cstackBANK0  0061
___ftsub@f2            cstackBANK0  005E
___fttol               text754      05FB
___fttol@exp1          cstackBANK0  0042
___fttol@f1            cstackBANK0  0036
___fttol@lval          cstackBANK0  003E
___fttol@sign1         cstackBANK0  003D
___lbdiv               text759      0A56
___lbdiv@counter       cstackBANK0  002F
___lbdiv@dividend      cstackBANK0  002E
___lbdiv@divisor       cstackBANK0  002D
___lbdiv@quotient      cstackBANK0  0030
___lbmod               text759      0A72
___lbmod@counter       cstackBANK0  002B
___lbmod@dividend      cstackBANK0  002A
___lbmod@divisor       cstackBANK0  0028
___lbmod@rem           cstackBANK0  002C
___lldiv               text754      0656
___lldiv@counter       cstackBANK0  0034
___lldiv@dividend      cstackBANK0  002C
___lldiv@divisor       cstackBANK0  0028
___lldiv@quotient      cstackBANK0  0030
___llmod               text754      0569
___llmod@counter       cstackBANK0  003D
___llmod@dividend      cstackBANK0  0039
___llmod@divisor       cstackBANK0  0035
___lltoft              text754      06A6
___lltoft@c            cstackBANK0  0030
___lltoft@exp          cstackBANK0  0034
___wmul                text754      05E2
___wmul@multiplicand   cstackBANK0  002A
___wmul@multiplier     cstackBANK0  0028
___wmul@product        cstackBANK0  002C
__div_to_l_            text780      1734
__div_to_l_@cntr       cstackBANK0  003A
__div_to_l_@exp1       cstackBANK0  003B
__div_to_l_@f1         cstackBANK0  0028
__div_to_l_@f2         cstackBANK0  002B
__div_to_l_@quot       cstackBANK0  0036
__end_of___altoft      text763      0CD7
__end_of___awdiv       text763      0EAE
__end_of___awmod       text763      0EEB
__end_of___bmul        text763      0F69
__end_of___ftadd       text765      1734
__end_of___ftge        text754      05D3
__end_of___ftmul       text763      0F5A
__end_of___ftneg       text754      06A6
__end_of___ftpack      text763      0FA7
__end_of___ftsub       text754      06DE
__end_of___fttol       text754      0656
__end_of___lbdiv       text759      0A72
__end_of___lbmod       text759      0A8F
__end_of___lldiv       text754      069E
__end_of___llmod       text754      05A7
__end_of___lltoft      text754      06C6
__end_of___wmul        text754      05FB
__end_of__div_to_l_    text780      17F3
__end_of__tdiv_to_l_   text754      07E4
__end_of_fround        text759      0A56
__end_of_isdigit       text754      05E2
__end_of_isprint       text760      0CA3
__end_of_lcd_busy      text760      0C95
__end_of_lcd_gotoxy    text760      0ACF
__end_of_lcd_init      text760      0BBF
__end_of_lcd_put_byte  text760      0C6A
__end_of_lcd_putc      text760      0AFE
__end_of_main          maintext     1672
__end_of_ngat          text784      0843
__end_of_printf        text754      0563
__end_of_putch         text754      0569
__end_of_scale         text763      0E69
__end_ofi1___ftadd     text784      0903
__end_ofi1___ftpack    text784      0941
__npowers_             strings      1006
__pbssBANK0            bssBANK0     0064
__pbssBANK1            bssBANK1     00C9
__pcstackBANK0         cstackBANK0  0020
__pcstackBANK1         cstackBANK1  00A0
__pcstackCOMMON        cstackCOMMON 0070
__pintentry            intentry     0004
__pmaintext            maintext     15CD
__powers_              strings      102D
__pstrings             strings      1000
__ptext754             text754      0011
__ptext755             text754      0563
__ptext756             text760      0ACF
__ptext757             text754      06C6
__ptext758             text763      0CD7
__ptext759             text759      0941
__ptext760             text760      0AB7
__ptext761             text760      0AFE
__ptext762             text754      06A6
__ptext763             text763      0CA8
__ptext764             text763      0EEB
__ptext765             text765      1672
__ptext766             text760      0C6A
__ptext767             text760      0BBF
__ptext768             text763      0EAE
__ptext769             text754      0656
__ptext770             text754      05A7
__ptext771             text754      069E
__ptext772             text754      0569
__ptext773             text763      0E69
__ptext774             text754      05FB
__ptext775             text763      0F69
__ptext776             text759      0A72
__ptext777             text759      0A56
__ptext778             text754      05E2
__ptext779             text763      0F5A
__ptext780             text780      1734
__ptext781             text754      076D
__ptext782             text754      05D3
__ptext783             text760      0C95
__ptext784             text784      0809
__ptext785             text784      0843
__ptext786             text784      0903
__ptext787             text787      0000
__size_of___altoft     (abs)        0000
__size_of___awdiv      (abs)        0000
__size_of___awmod      (abs)        0000
__size_of___bmul       (abs)        0000
__size_of___ftadd      (abs)        0000
__size_of___ftge       (abs)        0000
__size_of___ftmul      (abs)        0000
__size_of___ftneg      (abs)        0000
__size_of___ftpack     (abs)        0000
__size_of___ftsub      (abs)        0000
__size_of___fttol      (abs)        0000
__size_of___lbdiv      (abs)        0000
__size_of___lbmod      (abs)        0000
__size_of___lldiv      (abs)        0000
__size_of___llmod      (abs)        0000
__size_of___lltoft     (abs)        0000
__size_of___wmul       (abs)        0000
__size_of__div_to_l_   (abs)        0000
__size_of__tdiv_to_l_  (abs)        0000
__size_of_fround       (abs)        0000
__size_of_isdigit      (abs)        0000
__size_of_isprint      (abs)        0000
__size_of_lcd_busy     (abs)        0000
__size_of_lcd_gotoxy   (abs)        0000
__size_of_lcd_init     (abs)        0000
__size_of_lcd_put_byte (abs)        0000
__size_of_lcd_putc     (abs)        0000
__size_of_main         (abs)        0000
__size_of_ngat         (abs)        0000
__size_of_printf       (abs)        0000
__size_of_putch        (abs)        0000
__size_of_scale        (abs)        0000
__size_ofi1___ftadd    (abs)        0000
__size_ofi1___ftpack   (abs)        0000
__tdiv_to_l_           text754      076D
__tdiv_to_l_@cntr      cstackBANK0  0035
__tdiv_to_l_@exp1      cstackBANK0  0036
__tdiv_to_l_@f1        cstackBANK0  0028
__tdiv_to_l_@f2        cstackBANK0  002B
__tdiv_to_l_@quot      cstackBANK0  0031
_dem                   bssBANK0     0064
_dpowers               strings      1054
_exit                  init         000E
_f                     bssBANK1     00CD
_fround                text759      0941
_fround$4112           cstackBANK1  00A3
_fround$4113           cstackBANK1  00A0
_isdigit               text754      05D3
_isdigit$3674          cstackBANK0  0028
_isprint               text760      0C95
_isprint$3677          cstackBANK0  0028
_lcd_busy              text760      0C6A
_lcd_gotoxy            text760      0AB7
_lcd_init              text760      0AFE
_lcd_put_byte          text760      0BBF
_lcd_putc              text760      0ACF
_main                  maintext     15CD
_ngat                  text784      0809
_printf                text754      0011
_printf$3166           cstackBANK1  00B0
_putch                 text754      0563
_scale                 text763      0CD7
_scale$4114            cstackBANK0  0059
_xung                  bssBANK1     00C9
btemp                  (abs)        007E
end_of_initialization  cinit        07EF
fround@prec            cstackBANK1  00A6
i1___ftadd             text784      0843
i1___ftadd@exp1        cstackBANK0  0025
i1___ftadd@exp2        cstackBANK0  0024
i1___ftadd@f1          cstackCOMMON 0078
i1___ftadd@f2          cstackCOMMON 007B
i1___ftadd@sign        cstackBANK0  0023
i1___ftpack            text784      0903
i1___ftpack@arg        cstackCOMMON 0070
i1___ftpack@exp        cstackCOMMON 0073
i1___ftpack@sign       cstackCOMMON 0074
i1l1066                                 
i1l6327                                 
i1l6329                                 
i1l6333                                 
i1l6337                                 
i1l6339                                 
i1l6755                                 
i1l6757                                 
i1l6759                                 
i1l6769                                 
i1l6775                                 
i1l6781                                 
i1l6783                                 
i1l6787                                 
i1l6799                                 
i1l6809                                 
i1l6815                                 
i1l6819                                 
i1l6821                                 
i1l6825                                 
i1l6827                                 
i1l6833                                 
i1l6835                                 
i1l6855                                 
i1l6857                                 
i1l6859                                 
interrupt_function     intentry     0004
intlevel0              functab      0000
intlevel1              functab      0000
intlevel2              functab      0000
intlevel3              functab      0000
intlevel4              functab      0000
intlevel5              functab      0000
isdigit@c              cstackBANK0  0029
isprint@c              cstackBANK0  0029
l1061                                   
l2122                                   
l2125                                   
l2133                                   
l2156                                   
l3283                                   
l3288                                   
l3298                                   
l3304                                   
l3334                                   
l3340                                   
l3384                                   
l3451                                   
l3461                                   
l3465                                   
l3480                                   
l3519                                   
l3533                                   
l3541                                   
l3549                                   
l3592                                   
l6343                                   
l6345                                   
l6355                                   
l6357                                   
l6367                                   
l6375                                   
l6377                                   
l6379                                   
l6381                                   
l6383                                   
l6387                                   
l6391                                   
l6395                                   
l6403                                   
l6415                                   
l6425                                   
l6427                                   
l6429                                   
l6431                                   
l6435                                   
l6439                                   
l6441                                   
l6449                                   
l6461                                   
l6469                                   
l6471                                   
l6563                                   
l6569                                   
l6571                                   
l6573                                   
l6575                                   
l6577                                   
l6585                                   
l6595                                   
l6601                                   
l6603                                   
l6607                                   
l6613                                   
l6617                                   
l6627                                   
l6631                                   
l6635                                   
l6639                                   
l6645                                   
l6659                                   
l6665                                   
l6673                                   
l6683                                   
l6685                                   
l6693                                   
l6695                                   
l6705                                   
l6709                                   
l6713                                   
l6719                                   
l6721                                   
l6725                                   
l6745                                   
l6749                                   
l6861                                   
l6863                                   
l6865                                   
l6869                                   
l6871                                   
l6873                                   
l6881                                   
l6883                                   
l6885                                   
l6893                                   
l6895                                   
l6897                                   
l6899                                   
l6901                                   
l6903                                   
l6905                                   
l6907                                   
l7071                                   
l7073                                   
l7075                                   
l7077                                   
l7079                                   
l7081                                   
l7109                                   
l7111                                   
l7117                                   
l7189                                   
l7207                                   
l7675                                   
l7683                                   
l7685                                   
l7691                                   
l7693                                   
l7695                                   
l7701                                   
l7705                                   
l7709                                   
l7715                                   
l7717                                   
l7721                                   
l7723                                   
l7729                                   
l7733                                   
l7735                                   
l7755                                   
l7757                                   
l7759                                   
l7761                                   
l7763                                   
l7765                                   
l7775                                   
l7781                                   
l7787                                   
l7789                                   
l7793                                   
l7805                                   
l7815                                   
l7821                                   
l7825                                   
l7827                                   
l7831                                   
l7833                                   
l7839                                   
l7853                                   
l7855                                   
l7857                                   
l7859                                   
l7861                                   
l7863                                   
l7865                                   
l7867                                   
l7875                                   
l7877                                   
l7879                                   
l7887                                   
l7889                                   
l7891                                   
l7895                                   
l7897                                   
l7899                                   
l7911                                   
l7921                                   
l7925                                   
l7935                                   
l7943                                   
l7947                                   
l7983                                   
l7985                                   
l7989                                   
l7997                                   
l8009                                   
l8011                                   
l8017                                   
l8019                                   
l8023                                   
l8029                                   
l8045                                   
l8047                                   
l8051                                   
l8055                                   
l8059                                   
l8061                                   
l8063                                   
l8065                                   
l8067                                   
l8069                                   
l8075                                   
l8077                                   
l8107                                   
l8109                                   
l8111                                   
l8115                                   
l8129                                   
l8133                                   
l8147                                   
l8153                                   
l8167                                   
l8177                                   
l8185                                   
l8191                                   
l8193                                   
l8211                                   
l8251                                   
l8257                                   
l8269                                   
l8271                                   
l8273                                   
l8275                                   
l8277                                   
l8279                                   
l8281                                   
l8283                                   
l8285                                   
l8287                                   
l8289                                   
l8291                                   
l8293                                   
l8295                                   
l8297                                   
l8299                                   
l8301                                   
l8303                                   
l8305                                   
l8307                                   
l8309                                   
l8311                                   
l8315                                   
l8317                                   
l8319                                   
l8321                                   
lcd_busy@busy          cstackBANK0  0029
lcd_gotoxy@address     cstackBANK0  002F
lcd_gotoxy@col         cstackBANK0  002E
lcd_gotoxy@row         cstackBANK0  002D
lcd_put_byte@b         cstackBANK0  0028
lcd_put_byte@rs        cstackBANK0  002B
lcd_put_byte@temp      cstackBANK0  002C
lcd_putc@c             cstackBANK0  0030
printf@_val            cstackBANK1  00B8
printf@ap              cstackBANK1  00B4
printf@c               cstackBANK1  00C8
printf@exp             cstackBANK1  00BF
printf@f               cstackBANK1  00BC
printf@flag            cstackBANK1  00BD
printf@fval            cstackBANK1  00C3
printf@integ           cstackBANK1  00B5
printf@prec            cstackBANK1  00C6
printf@width           cstackBANK1  00C1
putch@c                cstackBANK0  0031
reset_vec              reset_vec    0000
saved_w                (abs)        007E
scale@scl              cstackBANK0  005C
start                  init         000E
start_initialization   cinit        07E4
u2940                                   
u5370                                   
wtemp0                 (abs)        007E
