HI-TECH Software C Compiler 

Linker command line:

--edf=C:\Program Files (x86)\HI-TECH Software\PICC\9.83\dat\en_msgs.txt -cs \
  -h+BT03week16ttvxl.sym -z -Q16F887 -ol.obj -MBT03week16ttvxl.map -E1 \
  -ACONST=00h-0FFhx32 -ACODE=00h-07FFhx4 -ASTRCODE=00h-01FFFh \
  -AENTRY=00h-0FFhx32 -ASTRING=00h-0FFhx32 -ABANK0=020h-06Fh \
  -ABANK1=0A0h-0EFh -ABANK2=0110h-016Fh -ABANK3=0190h-01EFh \
  -ARAM=020h-06Fh,0A0h-0EFh,0110h-016Fh,0190h-01EFh \
  -AABS1=020h-07Fh,0A0h-0EFh,0110h-016Fh,0190h-01EFh -ACOMMON=070h-07Fh \
  -ASFR0=00h-01Fh -ASFR1=080h-09Fh -ASFR2=0100h-010Fh -ASFR3=0180h-018Fh \
  -preset_vec=00h,intentry=04h,init,end_init -ppowerup=CODE -pfunctab=CODE \
  -ACONFIG=02007h-02008h -pconfig=CONFIG -DCONFIG=2 -AIDLOC=02000h-02003h \
  -pidloc=IDLOC -DIDLOC=2 -AEEDATA=00h-0FFh/02100h -peeprom_data=EEDATA \
  -DEEDATA=2 -DCODE=2 -DSTRCODE=2 -DSTRING=2 -DCONST=2 -DENTRY=2 -k \
  startup.obj BT03week16ttvxl.obj 

Object code version is 3.10

Machine type is 16F887



                Name                               Link     Load   Length Selector   Space Scale
startup.obj     end_init                              E        E        3        8       0
                reset_vec                             0        0        3        0       0
BT03week16ttvxl.obj
                functab                             100      100        9        2       0
                intentry                              4        4        A        8       0
                config                             2007     2007        1     400E       0
                text419                             621      621       1E        2       0
                text418                             64E      64E        F        2       0
                text417                             63F      63F        F        2       0
                text409                             5FF      5FF       22        2       0
                text403                             3C2      3C2      1D3        2       0
                text401                             109      109      2B9        2       0
                maintext                            595      595       6A        2       0
                cstackBANK0                          20       20       1A       20       1
                cstackCOMMON                         70       70        B       70       1
                clrtext                             668      668        8        2       0
                bssBANK0                             3A       3A       11       20       1
                cinit                               65D      65D        B        2       0
                strings                              11       11       34       22       0

TOTAL           Name                               Link     Load   Length     Space
        CLASS   CONST          

        CLASS   CODE           
                end_init                              E        E        3         0
                functab                             100      100        9         0
                intentry                              4        4        A         0
                reset_vec                             0        0        3         0
                text419                             621      621       1E         0
                text418                             64E      64E        F         0
                text417                             63F      63F        F         0
                text409                             5FF      5FF       22         0
                text403                             3C2      3C2      1D3         0
                text401                             109      109      2B9         0
                maintext                            595      595       6A         0
                clrtext                             668      668        8         0
                cinit                               65D      65D        B         0

        CLASS   STRCODE        

        CLASS   ENTRY          

        CLASS   STRING         
                strings                              11       11       34         0

        CLASS   BANK0          
                cstackBANK0                          20       20       1A         1
                bssBANK0                             3A       3A       11         1

        CLASS   BANK1          

        CLASS   BANK2          

        CLASS   BANK3          

        CLASS   RAM            

        CLASS   ABS1           
                abs_s1                               7E       7E        2         1

        CLASS   COMMON         
                cstackCOMMON                         70       70        B         1

        CLASS   SFR0           

        CLASS   SFR1           

        CLASS   SFR2           

        CLASS   SFR3           

        CLASS   CONFIG         
                config                             2007     2007        1         0

        CLASS   IDLOC          

        CLASS   EEDATA         



SEGMENTS        Name                           Load    Length   Top    Selector   Space  Class     Delta

                reset_vec                      000000  000003  000003         0       0  CODE        2
                intentry                       000004  00000D  000011         8       0  CODE        2
                cstackBANK0                    000020  00002B  00004B        20       1  BANK0       1
                strings                        000011  000034  000045        22       0  STRING      2
                cstackCOMMON                   000070  00000B  00007B        70       1  COMMON      1
                functab                        000100  000570  000670         2       0  CODE        2
                config                         002007  000001  002008      400E       0  CONFIG      2


UNUSED ADDRESS RANGES

        Name                Unused          Largest block    Delta
        BANK0            004B-006F             25           1
        BANK1            00A0-00EF             50           1
        BANK2            0110-016F             60           1
        BANK3            0190-01EF             60           1
        CODE             0003-0003              1           2
                         0045-00FF             BB
                         0670-1FFF            800
        COMMON           007B-007D              3           1
        CONFIG           2008-2008              1           2
        CONST            0003-0003              1           2
                         0045-00FF             BB
                         0670-1FFF            100
        EEDATA           2100-21FF            100           2
        ENTRY            0003-0003              1           2
                         0045-00FF             BB
                         0670-1FFF            100
        IDLOC            2000-2003              4           2
        RAM              004B-006F             25           1
                         00A0-00EF             50
                         0110-016F             60
                         0190-01EF             60
        SFR0             0000-001F             20           1
        SFR1             0080-009F             20           1
        SFR2             0100-010F             10           1
        SFR3             0180-018F             10           1
        STRCODE          0003-0003              1           2
                         0045-00FF             BB
                         0670-1FFF           1990
        STRING           0003-0003              1           2
                         0045-00FF             BB
                         0670-1FFF            100

                                  Symbol Table

??___lwdiv             cstackCOMMON 0077
??___lwmod             cstackCOMMON 007A
??___wmul              cstackCOMMON 0077
??__doprnt             cstackBANK0  0026
??_atoi                cstackBANK0  0020
??_isdigit             cstackCOMMON 0073
??_isprint             cstackCOMMON 0073
??_lcd_busy            cstackCOMMON 0073
??_lcd_gotoxy          cstackCOMMON 0079
??_lcd_init            cstackCOMMON 0078
??_lcd_put_byte        cstackCOMMON 0074
??_lcd_putc            cstackCOMMON 007B
??_main                cstackCOMMON 007B
??_ngat                cstackCOMMON 0070
??_printf              cstackCOMMON 007B
??_putch               cstackCOMMON 007B
??_rx_init             cstackCOMMON 0073
??_send_char           cstackCOMMON 0073
??_send_string         cstackCOMMON 0076
??_sprintf             cstackCOMMON 007B
??_tx_init             cstackCOMMON 0073
?___lwdiv              cstackCOMMON 0073
?___lwmod              cstackBANK0  0020
?___wmul               cstackCOMMON 0073
?__doprnt              cstackBANK0  0024
?_atoi                 cstackCOMMON 0079
?_isdigit              cstackCOMMON 0070
?_isprint              cstackCOMMON 0070
?_lcd_busy             cstackCOMMON 0070
?_lcd_gotoxy           cstackCOMMON 0078
?_lcd_init             cstackCOMMON 0070
?_lcd_put_byte         cstackCOMMON 0073
?_lcd_putc             cstackCOMMON 0070
?_main                 cstackCOMMON 0070
?_ngat                 cstackCOMMON 0070
?_printf               cstackBANK0  0033
?_putch                cstackBANK0  0021
?_rx_init              cstackCOMMON 0070
?_send_char            cstackCOMMON 0070
?_send_string          cstackCOMMON 0074
?_sprintf              cstackBANK0  0033
?_tx_init              cstackCOMMON 0070
_ANSEL                 (abs)        0188
_ANSELH                (abs)        0189
_BRG16                 (abs)        0C3B
_BRGH                  (abs)        04C2
_CREN                  (abs)        00C4
_GIE                   (abs)        005F
_PEIE                  (abs)        005E
_RCIE                  (abs)        0465
_RCIF                  (abs)        0065
_RCREG                 (abs)        001A
_RD1                   (abs)        0041
_RD2                   (abs)        0042
_RD3                   (abs)        0043
_RD4                   (abs)        0044
_RD5                   (abs)        0045
_RD6                   (abs)        0046
_RD7                   (abs)        0047
_RX9                   (abs)        00C6
_SPBRG                 (abs)        0099
_SPBRGH                (abs)        009A
_SPEN                  (abs)        00C7
_SYNC                  (abs)        04C4
_TRISD1                (abs)        0441
_TRISD2                (abs)        0442
_TRISD3                (abs)        0443
_TRISD4                (abs)        0444
_TRISD5                (abs)        0445
_TRISD6                (abs)        0446
_TRISD7                (abs)        0447
_TX9                   (abs)        04C6
_TXEN                  (abs)        04C5
_TXIF                  (abs)        0064
_TXREG                 (abs)        0019
__Habs1                abs1         0000
__Hbank0               bank0        0000
__Hbank1               bank1        0000
__Hbank2               bank2        0000
__Hbank3               bank3        0000
__HbssBANK0            bssBANK0     0000
__Hcinit               cinit        0000
__Hclrtext             clrtext      0000
__Hcode                code         0000
__Hcommon              common       0000
__Hconfig              config       2008
__HcstackBANK0         cstackBANK0  0000
__HcstackCOMMON        cstackCOMMON 0000
__Heeprom_data         eeprom_data  0000
__Hend_init            end_init     0011
__Hfunctab             functab      0109
__Hidloc               idloc        0000
__Hinit                init         000E
__Hintentry            intentry     000E
__Hmaintext            maintext     0000
__Hpa_nodes            pa_nodes     0000
__Hpowerup             powerup      0000
__Hram                 ram          0000
__Hreset_vec           reset_vec    0003
__Hsfr0                sfr0         0000
__Hsfr1                sfr1         0000
__Hsfr2                sfr2         0000
__Hsfr3                sfr3         0000
__Hstrings             strings      0000
__Htext                text         0000
__Labs1                abs1         0000
__Lbank0               bank0        0000
__Lbank1               bank1        0000
__Lbank2               bank2        0000
__Lbank3               bank3        0000
__LbssBANK0            bssBANK0     0000
__Lcinit               cinit        0000
__Lclrtext             clrtext      0000
__Lcode                code         0000
__Lcommon              common       0000
__Lconfig              config       2007
__LcstackBANK0         cstackBANK0  0000
__LcstackCOMMON        cstackCOMMON 0000
__Leeprom_data         eeprom_data  0000
__Lend_init            end_init     000E
__Lfunctab             functab      0100
__Lidloc               idloc        0000
__Linit                init         000E
__Lintentry            intentry     0004
__Lmaintext            maintext     0000
__Lpa_nodes            pa_nodes     0000
__Lpowerup             powerup      0000
__Lram                 ram          0000
__Lreset_vec           reset_vec    0000
__Lsfr0                sfr0         0000
__Lsfr1                sfr1         0000
__Lsfr2                sfr2         0000
__Lsfr3                sfr3         0000
__Lstrings             strings      0000
__Ltext                text         0000
__S0                   (abs)        2008
__S1                   (abs)        007B
__S2                   (abs)        0000
___lwdiv               text401      034F
___lwdiv@counter       cstackCOMMON 0079
___lwdiv@dividend      cstackCOMMON 0075
___lwdiv@divisor       cstackCOMMON 0073
___lwdiv@quotient      cstackCOMMON 0077
___lwmod               text401      0379
___lwmod@counter       cstackCOMMON 007A
___lwmod@dividend      cstackBANK0  0022
___lwmod@divisor       cstackBANK0  0020
___wmul                text401      0336
___wmul@multiplicand   cstackCOMMON 0075
___wmul@multiplier     cstackCOMMON 0073
___wmul@product        cstackCOMMON 0077
__doprnt               text401      0180
__doprnt@_val          cstackBANK0  002A
__doprnt@ap            cstackBANK0  0025
__doprnt@c             cstackBANK0  0031
__doprnt@f             cstackBANK0  0024
__doprnt@flag          cstackBANK0  002E
__doprnt@pb            cstackBANK0  0032
__doprnt@prec          cstackBANK0  0029
__doprnt@width         cstackBANK0  002F
__end_of___lwdiv       text401      0379
__end_of___lwmod       text401      039D
__end_of___wmul        text401      034F
__end_of__doprnt       text401      0328
__end_of_atoi          text401      0180
__end_of_isdigit       text401      0336
__end_of_isprint       text403      058B
__end_of_lcd_busy      text403      057D
__end_of_lcd_gotoxy    text403      03DC
__end_of_lcd_init      text403      04C6
__end_of_lcd_put_byte  text403      0556
__end_of_lcd_putc      text403      040B
__end_of_main          maintext     05FF
__end_of_ngat          text419      063F
__end_of_printf        text401      0115
__end_of_putch         text403      03C4
__end_of_rx_init       text417      064E
__end_of_send_char     text409      0621
__end_of_send_string   text409      061B
__end_of_sprintf       text401      0125
__end_of_tx_init       text418      065D
__pbssBANK0            bssBANK0     003A
__pcstackBANK0         cstackBANK0  0020
__pcstackCOMMON        cstackCOMMON 0070
__pfunctab             functab      0100
__pintentry            intentry     0004
__pmaintext            maintext     0595
__pstrings             strings      0011
__ptext400             text401      0115
__ptext401             text401      0109
__ptext402             text401      0180
__ptext403             text403      03C2
__ptext404             text403      03DC
__ptext405             text403      03C4
__ptext406             text403      040B
__ptext407             text403      0556
__ptext408             text403      04C6
__ptext409             text409      05FF
__ptext410             text401      0125
__ptext411             text401      0379
__ptext412             text401      034F
__ptext413             text401      0336
__ptext414             text401      0328
__ptext415             text403      057D
__ptext416             text409      061B
__ptext417             text417      063F
__ptext418             text418      064E
__ptext419             text419      0621
__size_of___lwdiv      (abs)        0000
__size_of___lwmod      (abs)        0000
__size_of___wmul       (abs)        0000
__size_of__doprnt      (abs)        0000
__size_of_atoi         (abs)        0000
__size_of_isdigit      (abs)        0000
__size_of_isprint      (abs)        0000
__size_of_lcd_busy     (abs)        0000
__size_of_lcd_gotoxy   (abs)        0000
__size_of_lcd_init     (abs)        0000
__size_of_lcd_put_byte (abs)        0000
__size_of_lcd_putc     (abs)        0000
__size_of_main         (abs)        0000
__size_of_ngat         (abs)        0000
__size_of_printf       (abs)        0000
__size_of_putch        (abs)        0000
__size_of_rx_init      (abs)        0000
__size_of_send_char    (abs)        0000
__size_of_send_string  (abs)        0000
__size_of_sprintf      (abs)        0000
__size_of_tx_init      (abs)        0000
_atoi                  text401      0125
_dpowers               strings      0021
_exit                  init         000E
_i                     bssBANK0     003A
_isdigit               text401      0328
_isdigit$3692          cstackCOMMON 0073
_isprint               text403      057D
_isprint$3695          cstackCOMMON 0073
_ket_qua               bssBANK0     0040
_lcd_busy              text403      0556
_lcd_gotoxy            text403      03C4
_lcd_init              text403      040B
_lcd_put_byte          text403      04C6
_lcd_putc              text403      03DC
_main                  maintext     0595
_ngat                  text419      0621
_number_in             bssBANK0     003C
_number_out            bssBANK0     003E
_printf                text401      0109
_putch                 text403      03C2
_rx_data               bssBANK0     0046
_rx_init               text417      063F
_send_char             text409      061B
_send_string           text409      05FF
_sprintf               text401      0115
_tx_init               text418      064E
atoi@a                 cstackBANK0  0023
atoi@s                 cstackBANK0  0025
atoi@sign              cstackBANK0  0022
btemp                  (abs)        007E
clear_ram              clrtext      0668
end_of_initialization  cinit        0664
fpbase                 functab      0105
fptable                functab      0100
fptotal                (abs)        0002
i1l1079                                 
i1l4232                                 
i1l4236                                 
i1l4238                                 
interrupt_function     intentry     0004
intlevel0              functab      0100
intlevel1              functab      0100
intlevel2              functab      0100
intlevel3              functab      0100
intlevel4              functab      0100
intlevel5              functab      0100
isdigit@c              cstackCOMMON 0074
isprint@c              cstackCOMMON 0074
l1059                                   
l1062                                   
l1068                                   
l1074                                   
l1082                                   
l2138                                   
l2141                                   
l2149                                   
l2172                                   
l2242                                   
l3242                                   
l3247                                   
l3256                                   
l3263                                   
l3275                                   
l3285                                   
l3295                                   
l4200                                   
l4202                                   
l4204                                   
l4206                                   
l4208                                   
l4210                                   
l4212                                   
l4214                                   
l4216                                   
l4218                                   
l4220                                   
l4222                                   
l4224                                   
l4226                                   
l4228                                   
l4244                                   
l4246                                   
l4256                                   
l4258                                   
l4268                                   
l4276                                   
l4278                                   
l4284                                   
l4286                                   
l4296                                   
l4300                                   
l4304                                   
l4310                                   
l4324                                   
l4330                                   
l4340                                   
l4356                                   
l4364                                   
l4368                                   
l4372                                   
l4374                                   
l4376                                   
l4380                                   
l4382                                   
l4384                                   
l4392                                   
l4394                                   
l4396                                   
l4404                                   
l4406                                   
l4408                                   
l4410                                   
l4412                                   
l4414                                   
l4416                                   
l4418                                   
l4422                                   
l4424                                   
l4426                                   
l4428                                   
l4430                                   
l4432                                   
l4460                                   
l4462                                   
l4468                                   
l4472                                   
l4490                                   
l4492                                   
l4502                                   
l4506                                   
l4518                                   
l4520                                   
l4528                                   
l4532                                   
l4548                                   
l4572                                   
l4582                                   
l4594                                   
l4606                                   
l4612                                   
l4618                                   
l4628                                   
l4630                                   
l4632                                   
l4634                                   
l4638                                   
l4640                                   
l4642                                   
l4644                                   
l4646                                   
l4650                                   
l4652                                   
l4654                                   
l4656                                   
l4658                                   
l4660                                   
l4662                                   
l4664                                   
l4666                                   
l4670                                   
l4672                                   
l4674                                   
l4676                                   
l4678                                   
l4680                                   
l4682                                   
l4684                                   
l4686                                   
lcd_busy@busy          cstackCOMMON 0074
lcd_gotoxy@address     cstackCOMMON 007A
lcd_gotoxy@col         cstackCOMMON 0079
lcd_gotoxy@row         cstackCOMMON 0078
lcd_put_byte@b         cstackCOMMON 0073
lcd_put_byte@rs        cstackCOMMON 0076
lcd_put_byte@temp      cstackCOMMON 0077
lcd_putc@c             cstackBANK0  0020
printf@ap              cstackBANK0  0036
printf@f               cstackBANK0  0035
printf@pb              cstackBANK0  0037
putch@c                cstackBANK0  0021
reset_vec              reset_vec    0000
saved_w                (abs)        007E
send_char@data         cstackCOMMON 0073
send_string@s          cstackCOMMON 0074
sprintf@ap             cstackBANK0  0037
sprintf@f              cstackBANK0  0033
sprintf@pb             cstackBANK0  0038
sprintf@wh             cstackBANK0  0036
start                  init         000E
start_initialization   cinit        065D
wtemp0                 (abs)        007E
