HI-TECH Software C Compiler 

Linker command line:

--edf=C:\Program Files (x86)\HI-TECH Software\PICC\9.83\dat\en_msgs.txt -cs \
  -h+BT Ôn Thi 03.sym -z -Q16F887 -ol.obj -MBT Ôn Thi 03.map -E1 \
  -ACONST=00h-0FFhx32 -ACODE=00h-07FFhx4 -ASTRCODE=00h-01FFFh \
  -AENTRY=00h-0FFhx32 -ASTRING=00h-0FFhx32 -ABANK0=020h-06Fh \
  -ABANK1=0A0h-0EFh -ABANK2=0110h-016Fh -ABANK3=0190h-01EFh \
  -ARAM=020h-06Fh,0A0h-0EFh,0110h-016Fh,0190h-01EFh \
  -AABS1=020h-07Fh,0A0h-0EFh,0110h-016Fh,0190h-01EFh -ACOMMON=070h-07Fh \
  -ASFR0=00h-01Fh -ASFR1=080h-09Fh -ASFR2=0100h-010Fh -ASFR3=0180h-018Fh \
  -preset_vec=00h,intentry=04h,init,end_init -ppowerup=CODE -pfunctab=CODE \
  -ACONFIG=02007h-02008h -pconfig=CONFIG -DCONFIG=2 -AIDLOC=02000h-02003h \
  -pidloc=IDLOC -DIDLOC=2 -AEEDATA=00h-0FFh/02100h -peeprom_data=EEDATA \
  -DEEDATA=2 -DCODE=2 -DSTRCODE=2 -DSTRING=2 -DCONST=2 -DENTRY=2 -k \
  startup.obj BT Ôn Thi 03.obj 

Object code version is 3.10

Machine type is 16F887



                Name                               Link     Load   Length Selector   Space Scale
startup.obj     end_init                              C        C        3        8       0
                reset_vec                             0        0        3        0       0
BT Ôn Thi 03.obj
                functab                             100      100        9        2       0
                intentry                              4        4        8        8       0
                config                             2007     2007        1     400E       0
                text685                            1542     1542       1F     2A84       0
                text684                            14FA     14FA        F     29F4       0
                text683                            152D     152D       15     2A5A       0
                text682                            14DE     14DE        E     29BC       0
                text678                            15C3     15C3       78     2B86       0
                text677                            163B     163B       CB     2C76       0
                text675                              E7       E7       19        8       0
                text671                            1561     1561       62     2AC2       0
                text666                             7A5      7A5       49        2       0
                text664                            1519     1519       14     2A32       0
                text658                             109      109      376        2       0
                text655                             653      653      152        2       0
                text653                               F        F       D8        8       0
                text651                             47F      47F      1D4        2       0
                text650                             809      809      7F7     1012       0
                text649                            14EC     14EC        E     29D8       0
                text648                             7EE      7EE       12        2       0
                maintext                           1706     1706       FA     2E0C       0
                cstackBANK0                          20       20       48       20       1
                cstackCOMMON                         70       70        C       70       1
                cstackBANK1                          A0       A0       22       A0       1
                bssBANK1                             C2       C2        B       A0       1
                cinit                              1509     1509       10     2A12       0
                strings                            1000     1000       98     2000       0

TOTAL           Name                               Link     Load   Length     Space
        CLASS   CONST          

        CLASS   CODE           
                end_init                              C        C        3         0
                functab                             100      100        9         0
                intentry                              4        4        8         0
                reset_vec                             0        0        3         0
                text685                            1542     1542       1F         0
                text684                            14FA     14FA        F         0
                text683                            152D     152D       15         0
                text682                            14DE     14DE        E         0
                text678                            15C3     15C3       78         0
                text677                            163B     163B       CB         0
                text675                              E7       E7       19         0
                text671                            1561     1561       62         0
                text666                             7A5      7A5       49         0
                text664                            1519     1519       14         0
                text658                             109      109      376         0
                text655                             653      653      152         0
                text653                               F        F       D8         0
                text651                             47F      47F      1D4         0
                text650                             809      809      7F7         0
                text649                            14EC     14EC        E         0
                text648                             7EE      7EE       12         0
                maintext                           1706     1706       FA         0
                cinit                              1509     1509       10         0

        CLASS   STRCODE        

        CLASS   ENTRY          

        CLASS   STRING         
                strings                            1000     1000       98         0

        CLASS   BANK0          
                cstackBANK0                          20       20       48         1

        CLASS   BANK1          
                cstackBANK1                          A0       A0       22         1
                bssBANK1                             C2       C2        B         1

        CLASS   BANK2          

        CLASS   BANK3          

        CLASS   RAM            

        CLASS   ABS1           
                abs_s1                               7E       7E        2         1

        CLASS   COMMON         
                cstackCOMMON                         70       70        C         1

        CLASS   SFR0           

        CLASS   SFR1           

        CLASS   SFR2           

        CLASS   SFR3           

        CLASS   CONFIG         
                config                             2007     2007        1         0

        CLASS   IDLOC          

        CLASS   EEDATA         



SEGMENTS        Name                           Load    Length   Top    Selector   Space  Class     Delta

                reset_vec                      000000  000003  000003         0       0  CODE        2
                intentry                       000004  0000FC  000100         8       0  CODE        2
                cstackBANK0                    000020  000048  000068        20       1  BANK0       1
                cstackCOMMON                   000070  00000C  00007C        70       1  COMMON      1
                cstackBANK1                    0000A0  00002D  0000CD        A0       1  BANK1       1
                functab                        000100  000700  000800         2       0  CODE        2
                text650                        000809  0007F7  001000      1012       0  CODE        2
                strings                        001000  000098  001098      2000       0  STRING      2
                text682                        0014DE  00000E  0014EC      29BC       0  CODE        2
                text649                        0014EC  00000E  0014FA      29D8       0  CODE        2
                text684                        0014FA  00000F  001509      29F4       0  CODE        2
                cinit                          001509  000010  001519      2A12       0  CODE        2
                text664                        001519  000014  00152D      2A32       0  CODE        2
                text683                        00152D  000015  001542      2A5A       0  CODE        2
                text685                        001542  00001F  001561      2A84       0  CODE        2
                text671                        001561  000062  0015C3      2AC2       0  CODE        2
                text678                        0015C3  000078  00163B      2B86       0  CODE        2
                text677                        00163B  0000CB  001706      2C76       0  CODE        2
                maintext                       001706  0000FA  001800      2E0C       0  CODE        2
                config                         002007  000001  002008      400E       0  CONFIG      2


UNUSED ADDRESS RANGES

        Name                Unused          Largest block    Delta
        BANK0            0068-006F              8           1
        BANK1            00CD-00EF             23           1
        BANK2            0110-016F             60           1
        BANK3            0190-01EF             60           1
        CODE             0003-0003              1           2
                         0800-0808              9
                         1098-14DD            446
                         1800-1FFF            800
        COMMON           007C-007D              2           1
        CONFIG           2008-2008              1           2
        CONST            0003-0003              1           2
                         0800-0808              9
                         1098-14DD            100
                         1800-1FFF            100
        EEDATA           2100-21FF            100           2
        ENTRY            0003-0003              1           2
                         0800-0808              9
                         1098-14DD            100
                         1800-1FFF            100
        IDLOC            2000-2003              4           2
        RAM              0068-006F              8           1
                         00CD-00EF             23
                         0110-016F             60
                         0190-01EF             60
        SFR0             0000-001F             20           1
        SFR1             0080-009F             20           1
        SFR2             0100-010F             10           1
        SFR3             0180-018F             10           1
        STRCODE          0003-0003              1           2
                         0800-0808              9
                         1098-14DD            446
                         1800-1FFF            800
        STRING           0003-0003              1           2
                         0800-0808              9
                         1098-14DD            100
                         1800-1FFF            100

                                  Symbol Table

??___altoft            cstackCOMMON 007A
??___awdiv             cstackCOMMON 007C
??___awmod             cstackCOMMON 0076
??___bmul              cstackCOMMON 007C
??___ftadd             cstackBANK0  0046
??___ftge              cstackCOMMON 0078
??___ftmul             cstackBANK0  0037
??___ftneg             cstackCOMMON 0075
??___ftpack            cstackCOMMON 0077
??___ftsub             cstackCOMMON 007C
??___fttol             cstackBANK0  0028
??___lbdiv             cstackCOMMON 0078
??___lbmod             cstackCOMMON 0073
??___lldiv             cstackCOMMON 007A
??___llmod             cstackCOMMON 007A
??___lltoft            cstackCOMMON 007A
??___wmul              cstackCOMMON 0076
??__div_to_l_          cstackBANK0  0020
??__doprnt             cstackBANK0  0058
??__tdiv_to_l_         cstackCOMMON 0078
??_abs                 cstackCOMMON 0074
??_fround              cstackCOMMON 007C
??_isdigit             cstackCOMMON 0072
??_isprint             cstackCOMMON 0072
??_lcd_busy            cstackCOMMON 0072
??_lcd_gotoxy          cstackCOMMON 0078
??_lcd_init            cstackCOMMON 0077
??_lcd_put_byte        cstackCOMMON 0073
??_lcd_putc            cstackCOMMON 007A
??_main                cstackBANK0  0065
??_ngat                cstackCOMMON 0070
??_printf              cstackCOMMON 007C
??_putch               cstackCOMMON 007B
??_rx                  cstackCOMMON 0072
??_scale               cstackBANK0  0043
??_send_char           cstackCOMMON 0072
??_send_string         cstackCOMMON 0073
??_sprintf             cstackCOMMON 007C
??_tx                  cstackCOMMON 0072
?___altoft             cstackBANK0  0020
?___awdiv              cstackCOMMON 0078
?___awmod              cstackCOMMON 0072
?___bmul               cstackCOMMON 007B
?___ftadd              cstackBANK0  0040
?___ftge               cstackCOMMON 0072
?___ftmul              cstackBANK0  0031
?___ftneg              cstackCOMMON 0072
?___ftpack             cstackCOMMON 0072
?___ftsub              cstackBANK0  004C
?___fttol              cstackBANK0  0024
?___lbdiv              cstackCOMMON 0077
?___lbmod              cstackCOMMON 0072
?___lldiv              cstackCOMMON 0072
?___llmod              cstackBANK0  0025
?___lltoft             cstackBANK0  0020
?___wmul               cstackCOMMON 0072
?__div_to_l_           cstackCOMMON 0072
?__doprnt              cstackBANK0  0056
?__tdiv_to_l_          cstackCOMMON 0072
?_abs                  cstackCOMMON 0072
?_fround               cstackBANK0  004C
?_isdigit              cstackCOMMON 0070
?_isprint              cstackCOMMON 0070
?_lcd_busy             cstackCOMMON 0070
?_lcd_gotoxy           cstackCOMMON 0077
?_lcd_init             cstackCOMMON 0070
?_lcd_put_byte         cstackCOMMON 0072
?_lcd_putc             cstackCOMMON 0070
?_main                 cstackCOMMON 0070
?_ngat                 cstackCOMMON 0070
?_printf               cstackBANK0  005D
?_putch                cstackBANK0  002D
?_rx                   cstackCOMMON 0070
?_scale                cstackBANK0  0040
?_send_char            cstackCOMMON 0070
?_send_string          cstackCOMMON 0070
?_sprintf              cstackBANK0  005D
?_tx                   cstackCOMMON 0070
_ANSEL                 (abs)        0188
_ANSELH                (abs)        0189
_BRG16                 (abs)        0C3B
_BRGH                  (abs)        04C2
_CCP1CON               (abs)        0017
_CCP1IE                (abs)        0462
_CCP1IF                (abs)        0062
_CCP2CON               (abs)        001D
_CCP2IE                (abs)        0468
_CCP2IF                (abs)        0068
_CCPR1                 (abs)        0015
_CCPR2                 (abs)        001B
_CREN                  (abs)        00C4
_GIE                   (abs)        005F
_PEIE                  (abs)        005E
_RCIE                  (abs)        0465
_RCIF                  (abs)        0065
_RD1                   (abs)        0041
_RD2                   (abs)        0042
_RD3                   (abs)        0043
_RD4                   (abs)        0044
_RD5                   (abs)        0045
_RD6                   (abs)        0046
_RD7                   (abs)        0047
_RE1                   (abs)        0049
_RX9                   (abs)        00C6
_SPBRG                 (abs)        0099
_SPBRGH                (abs)        009A
_SPEN                  (abs)        00C7
_SYNC                  (abs)        04C4
_T1CKPS0               (abs)        0084
_T1CKPS1               (abs)        0085
_T1SYNC                (abs)        0082
_TMR1CS                (abs)        0081
_TMR1GE                (abs)        0086
_TMR1H                 (abs)        000F
_TMR1L                 (abs)        000E
_TMR1ON                (abs)        0080
_TRISC1                (abs)        0439
_TRISC2                (abs)        043A
_TRISD1                (abs)        0441
_TRISD2                (abs)        0442
_TRISD3                (abs)        0443
_TRISD4                (abs)        0444
_TRISD5                (abs)        0445
_TRISD6                (abs)        0446
_TRISD7                (abs)        0447
_TRISE1                (abs)        0449
_TX9                   (abs)        04C6
_TXEN                  (abs)        04C5
_TXIF                  (abs)        0064
_TXREG                 (abs)        0019
__Habs1                abs1         0000
__Hbank0               bank0        0000
__Hbank1               bank1        0000
__Hbank2               bank2        0000
__Hbank3               bank3        0000
__HbssBANK1            bssBANK1     0000
__Hcinit               cinit        0000
__Hclrtext             clrtext      0000
__Hcode                code         0000
__Hcommon              common       0000
__Hconfig              config       2008
__HcstackBANK0         cstackBANK0  0000
__HcstackBANK1         cstackBANK1  0000
__HcstackCOMMON        cstackCOMMON 0000
__Heeprom_data         eeprom_data  0000
__Hend_init            end_init     000F
__Hfunctab             functab      0109
__Hidloc               idloc        0000
__Hinit                init         000C
__Hintentry            intentry     000C
__Hmaintext            maintext     0000
__Hpa_nodes            pa_nodes     0000
__Hpowerup             powerup      0000
__Hram                 ram          0000
__Hreset_vec           reset_vec    0003
__Hsfr0                sfr0         0000
__Hsfr1                sfr1         0000
__Hsfr2                sfr2         0000
__Hsfr3                sfr3         0000
__Hstrings             strings      0000
__Htext                text         0000
__Labs1                abs1         0000
__Lbank0               bank0        0000
__Lbank1               bank1        0000
__Lbank2               bank2        0000
__Lbank3               bank3        0000
__LbssBANK1            bssBANK1     0000
__Lcinit               cinit        0000
__Lclrtext             clrtext      0000
__Lcode                code         0000
__Lcommon              common       0000
__Lconfig              config       2007
__LcstackBANK0         cstackBANK0  0000
__LcstackBANK1         cstackBANK1  0000
__LcstackCOMMON        cstackCOMMON 0000
__Leeprom_data         eeprom_data  0000
__Lend_init            end_init     000C
__Lfunctab             functab      0100
__Lidloc               idloc        0000
__Linit                init         000C
__Lintentry            intentry     0004
__Lmaintext            maintext     0000
__Lpa_nodes            pa_nodes     0000
__Lpowerup             powerup      0000
__Lram                 ram          0000
__Lreset_vec           reset_vec    0000
__Lsfr0                sfr0         0000
__Lsfr1                sfr1         0000
__Lsfr2                sfr2         0000
__Lsfr3                sfr3         0000
__Lstrings             strings      0000
__Ltext                text         0000
__S0                   (abs)        2008
__S1                   (abs)        00CD
__S2                   (abs)        0000
___altoft              text658      0127
___altoft@c            cstackBANK0  0020
___altoft@exp          cstackCOMMON 007A
___altoft@sign         cstackCOMMON 007B
___awdiv               text658      02E8
___awdiv@counter       cstackBANK0  0020
___awdiv@dividend      cstackCOMMON 007A
___awdiv@divisor       cstackCOMMON 0078
___awdiv@quotient      cstackBANK0  0022
___awdiv@sign          cstackBANK0  0021
___awmod               text658      032E
___awmod@counter       cstackCOMMON 0076
___awmod@dividend      cstackCOMMON 0074
___awmod@divisor       cstackCOMMON 0072
___awmod@sign          cstackCOMMON 0077
___bmul                text658      03DA
___bmul@multiplicand   cstackCOMMON 007B
___bmul@multiplier     cstackBANK0  0021
___bmul@product        cstackBANK0  0020
___ftadd               text653      0025
___ftadd@exp1          cstackBANK0  004B
___ftadd@exp2          cstackBANK0  004A
___ftadd@f1            cstackBANK0  0040
___ftadd@f2            cstackBANK0  0043
___ftadd@sign          cstackBANK0  0049
___ftge                text650      0FBE
___ftge@ff1            cstackCOMMON 0072
___ftge@ff2            cstackCOMMON 0075
___ftmul               text658      036B
___ftmul@cntr          cstackBANK0  003E
___ftmul@exp           cstackBANK0  003A
___ftmul@f1            cstackBANK0  0031
___ftmul@f2            cstackBANK0  0034
___ftmul@f3_as_product cstackBANK0  003B
___ftmul@sign          cstackBANK0  003F
___ftneg               text650      0FF8
___ftneg@f1            cstackCOMMON 0072
___ftpack              text658      03E8
___ftpack@arg          cstackCOMMON 0072
___ftpack@exp          cstackCOMMON 0075
___ftpack@sign         cstackCOMMON 0076
___ftsub               text653      000F
___ftsub@f1            cstackBANK0  004F
___ftsub@f2            cstackBANK0  004C
___fttol               text671      1561
___fttol@exp1          cstackBANK0  0030
___fttol@f1            cstackBANK0  0024
___fttol@lval          cstackBANK0  002C
___fttol@sign1         cstackBANK0  002B
___lbdiv               text655      0758
___lbdiv@counter       cstackCOMMON 0079
___lbdiv@dividend      cstackCOMMON 0078
___lbdiv@divisor       cstackCOMMON 0077
___lbdiv@quotient      cstackCOMMON 007A
___lbmod               text655      0773
___lbmod@counter       cstackCOMMON 0075
___lbmod@dividend      cstackCOMMON 0074
___lbmod@divisor       cstackCOMMON 0072
___lbmod@rem           cstackCOMMON 0076
___lldiv               text666      07A5
___lldiv@counter       cstackBANK0  0024
___lldiv@dividend      cstackCOMMON 0076
___lldiv@divisor       cstackCOMMON 0072
___lldiv@quotient      cstackBANK0  0020
___llmod               text650      0F7D
___llmod@counter       cstackCOMMON 007A
___llmod@dividend      cstackBANK0  0029
___llmod@divisor       cstackBANK0  0025
___lltoft              text658      0109
___lltoft@c            cstackBANK0  0020
___lltoft@exp          cstackCOMMON 007A
___wmul                text675      00E7
___wmul@multiplicand   cstackCOMMON 0074
___wmul@multiplier     cstackCOMMON 0072
___wmul@product        cstackCOMMON 0076
__div_to_l_            text677      163B
__div_to_l_@cntr       cstackBANK0  002C
__div_to_l_@exp1       cstackBANK0  002D
__div_to_l_@f1         cstackCOMMON 0072
__div_to_l_@f2         cstackCOMMON 0075
__div_to_l_@quot       cstackBANK0  0028
__doprnt               text650      0809
__doprnt$3208          cstackBANK1  00A0
__doprnt@_val          cstackBANK1  00A7
__doprnt@ap            cstackBANK0  0057
__doprnt@c             cstackBANK1  00B6
__doprnt@exp           cstackBANK1  00AD
__doprnt@f             cstackBANK0  0056
__doprnt@flag          cstackBANK1  00AB
__doprnt@fval          cstackBANK1  00B1
__doprnt@integ         cstackBANK1  00A4
__doprnt@pb            cstackBANK1  00B7
__doprnt@prec          cstackBANK1  00B4
__doprnt@width         cstackBANK1  00AF
__end_of___altoft      text658      0156
__end_of___awdiv       text658      032E
__end_of___awmod       text658      036B
__end_of___bmul        text658      03E8
__end_of___ftadd       text653      00E7
__end_of___ftge        text650      0FEA
__end_of___ftmul       text658      03DA
__end_of___ftneg       text650      1000
__end_of___ftpack      text658      0426
__end_of___ftsub       text653      0025
__end_of___fttol       text671      15BC
__end_of___lbdiv       text655      0773
__end_of___lbmod       text655      078F
__end_of___lldiv       text666      07EE
__end_of___llmod       text650      0FBB
__end_of___lltoft      text658      0127
__end_of___wmul        text675      0100
__end_of__div_to_l_    text677      16F9
__end_of__doprnt       text650      0EB2
__end_of__tdiv_to_l_   text678      163B
__end_of_abs           text682      14EC
__end_of_fround        text655      0758
__end_of_isdigit       text650      0FF8
__end_of_isprint       text651      0649
__end_of_lcd_busy      text651      063B
__end_of_lcd_gotoxy    text651      049A
__end_of_lcd_init      text651      0584
__end_of_lcd_put_byte  text651      0614
__end_of_lcd_putc      text651      04C9
__end_of_main          maintext     1800
__end_of_ngat          text685      1561
__end_of_printf        text649      14FA
__end_of_putch         text651      0482
__end_of_rx            text683      1542
__end_of_scale         text658      02E8
__end_of_send_char     text664      152D
__end_of_send_string   text664      1527
__end_of_sprintf       text648      0800
__end_of_tx            text684      1509
__npowers_             strings      1006
__pbssBANK1            bssBANK1     00C2
__pcstackBANK0         cstackBANK0  0020
__pcstackBANK1         cstackBANK1  00A0
__pcstackCOMMON        cstackCOMMON 0070
__pfunctab             functab      0100
__pintentry            intentry     0004
__pmaintext            maintext     1706
__powers_              strings      102D
__pstrings             strings      1000
__ptext648             text648      07EE
__ptext649             text649      14EC
__ptext650             text650      0809
__ptext651             text651      047F
__ptext652             text651      049A
__ptext653             text653      000F
__ptext654             text658      0156
__ptext655             text655      0653
__ptext656             text651      0482
__ptext657             text651      04C9
__ptext658             text658      0109
__ptext659             text658      0127
__ptext660             text658      036B
__ptext661             text653      0025
__ptext662             text651      0614
__ptext663             text651      0584
__ptext664             text664      1519
__ptext665             text658      032E
__ptext666             text666      07A5
__ptext667             text650      0FBE
__ptext668             text650      0FF8
__ptext669             text650      0F7D
__ptext670             text658      02E8
__ptext671             text671      1561
__ptext672             text658      03E8
__ptext673             text655      0773
__ptext674             text655      0758
__ptext675             text675      00E7
__ptext676             text658      03DA
__ptext677             text677      163B
__ptext678             text678      15C3
__ptext679             text650      0FEA
__ptext680             text651      063B
__ptext681             text664      1527
__ptext682             text682      14DE
__ptext683             text683      152D
__ptext684             text684      14FA
__ptext685             text685      1542
__size_of___altoft     (abs)        0000
__size_of___awdiv      (abs)        0000
__size_of___awmod      (abs)        0000
__size_of___bmul       (abs)        0000
__size_of___ftadd      (abs)        0000
__size_of___ftge       (abs)        0000
__size_of___ftmul      (abs)        0000
__size_of___ftneg      (abs)        0000
__size_of___ftpack     (abs)        0000
__size_of___ftsub      (abs)        0000
__size_of___fttol      (abs)        0000
__size_of___lbdiv      (abs)        0000
__size_of___lbmod      (abs)        0000
__size_of___lldiv      (abs)        0000
__size_of___llmod      (abs)        0000
__size_of___lltoft     (abs)        0000
__size_of___wmul       (abs)        0000
__size_of__div_to_l_   (abs)        0000
__size_of__doprnt      (abs)        0000
__size_of__tdiv_to_l_  (abs)        0000
__size_of_abs          (abs)        0000
__size_of_fround       (abs)        0000
__size_of_isdigit      (abs)        0000
__size_of_isprint      (abs)        0000
__size_of_lcd_busy     (abs)        0000
__size_of_lcd_gotoxy   (abs)        0000
__size_of_lcd_init     (abs)        0000
__size_of_lcd_put_byte (abs)        0000
__size_of_lcd_putc     (abs)        0000
__size_of_main         (abs)        0000
__size_of_ngat         (abs)        0000
__size_of_printf       (abs)        0000
__size_of_putch        (abs)        0000
__size_of_rx           (abs)        0000
__size_of_scale        (abs)        0000
__size_of_send_char    (abs)        0000
__size_of_send_string  (abs)        0000
__size_of_sprintf      (abs)        0000
__size_of_tx           (abs)        0000
__tdiv_to_l_           text678      15C3
__tdiv_to_l_@cntr      cstackBANK0  0024
__tdiv_to_l_@exp1      cstackBANK0  0025
__tdiv_to_l_@f1        cstackCOMMON 0072
__tdiv_to_l_@f2        cstackCOMMON 0075
__tdiv_to_l_@quot      cstackBANK0  0020
_abs                   text682      14DE
_count1                bssBANK1     00C5
_count2                bssBANK1     00C7
_d                     bssBANK1     00C2
_dpowers               strings      1054
_exit                  init         000C
_fround                text655      0653
_fround$4203           cstackBANK0  0052
_fround$4204           cstackBANK0  004F
_isdigit               text650      0FEA
_isdigit$3718          cstackCOMMON 0072
_isprint               text651      063B
_isprint$3721          cstackCOMMON 0072
_lcd_busy              text651      0614
_lcd_gotoxy            text651      0482
_lcd_init              text651      04C9
_lcd_put_byte          text651      0584
_lcd_putc              text651      049A
_main                  maintext     1706
_ngat                  text685      1542
_printf                text649      14EC
_putch                 text651      047F
_rx                    text683      152D
_scale                 text658      0156
_scale$4205            cstackBANK0  0047
_send_char             text664      1527
_send_string           text664      1519
_sprintf               text648      07EE
_tx                    text684      14FA
_xung                  bssBANK1     00C9
abs@a                  cstackCOMMON 0072
btemp                  (abs)        007E
end_of_initialization  cinit        1515
fpbase                 functab      0105
fptable                functab      0100
fptotal                (abs)        0002
fround@prec            cstackBANK0  0055
i1l1071                                 
i1l6413                                 
i1l6423                                 
interrupt_function     intentry     0004
intlevel0              functab      0100
intlevel1              functab      0100
intlevel2              functab      0100
intlevel3              functab      0100
intlevel4              functab      0100
intlevel5              functab      0100
isdigit@c              cstackCOMMON 0073
isprint@c              cstackCOMMON 0073
l1074                                   
l1080                                   
l1086                                   
l1089                                   
l1092                                   
l2148                                   
l2151                                   
l2159                                   
l2182                                   
l2348                                   
l3337                                   
l3342                                   
l3355                                   
l3362                                   
l3368                                   
l3374                                   
l3404                                   
l3410                                   
l3454                                   
l3521                                   
l3531                                   
l3535                                   
l3550                                   
l3589                                   
l3603                                   
l3611                                   
l3619                                   
l3662                                   
l6379                                   
l6381                                   
l6383                                   
l6385                                   
l6387                                   
l6389                                   
l6391                                   
l6393                                   
l6395                                   
l6397                                   
l6399                                   
l6401                                   
l6403                                   
l6405                                   
l6407                                   
l6425                                   
l6429                                   
l6431                                   
l6441                                   
l6443                                   
l6453                                   
l6461                                   
l6463                                   
l6465                                   
l6467                                   
l6469                                   
l6473                                   
l6477                                   
l6481                                   
l6489                                   
l6501                                   
l6511                                   
l6513                                   
l6515                                   
l6517                                   
l6521                                   
l6525                                   
l6527                                   
l6535                                   
l6547                                   
l6555                                   
l6557                                   
l6563                                   
l6571                                   
l6573                                   
l6579                                   
l6581                                   
l6583                                   
l6589                                   
l6593                                   
l6597                                   
l6603                                   
l6605                                   
l6609                                   
l6611                                   
l6617                                   
l6621                                   
l6623                                   
l6643                                   
l6645                                   
l6647                                   
l6649                                   
l6655                                   
l6657                                   
l6659                                   
l6661                                   
l6663                                   
l6671                                   
l6681                                   
l6687                                   
l6689                                   
l6693                                   
l6699                                   
l6703                                   
l6713                                   
l6717                                   
l6721                                   
l6725                                   
l6731                                   
l6745                                   
l6751                                   
l6759                                   
l6769                                   
l6771                                   
l6779                                   
l6781                                   
l6791                                   
l6795                                   
l6799                                   
l6805                                   
l6807                                   
l6811                                   
l6831                                   
l6835                                   
l6841                                   
l6845                                   
l6849                                   
l6851                                   
l6853                                   
l6857                                   
l6859                                   
l6861                                   
l6869                                   
l6871                                   
l6873                                   
l6881                                   
l6883                                   
l6885                                   
l6887                                   
l6889                                   
l6891                                   
l6893                                   
l6895                                   
l6899                                   
l6901                                   
l6903                                   
l6913                                   
l6919                                   
l6925                                   
l6927                                   
l6931                                   
l6943                                   
l6953                                   
l6959                                   
l6963                                   
l6965                                   
l6969                                   
l6971                                   
l6977                                   
l6991                                   
l6993                                   
l6995                                   
l6997                                   
l6999                                   
l7001                                   
l7003                                   
l7005                                   
l7013                                   
l7015                                   
l7017                                   
l7025                                   
l7027                                   
l7029                                   
l7033                                   
l7035                                   
l7037                                   
l7049                                   
l7059                                   
l7061                                   
l7063                                   
l7065                                   
l7067                                   
l7069                                   
l7097                                   
l7099                                   
l7105                                   
l7109                                   
l7113                                   
l7123                                   
l7131                                   
l7135                                   
l7171                                   
l7173                                   
l7177                                   
l7195                                   
l7197                                   
l7207                                   
l7211                                   
l7223                                   
l7225                                   
l7231                                   
l7233                                   
l7237                                   
l7243                                   
l7259                                   
l7263                                   
l7267                                   
l7271                                   
l7273                                   
l7275                                   
l7277                                   
l7279                                   
l7281                                   
l7287                                   
l7289                                   
l7319                                   
l7321                                   
l7323                                   
l7327                                   
l7341                                   
l7345                                   
l7363                                   
l7375                                   
l7407                                   
l7419                                   
l7425                                   
l7435                                   
l7447                                   
l7455                                   
l7473                                   
l7513                                   
l7523                                   
l7535                                   
l7551                                   
l7567                                   
l7569                                   
l7571                                   
l7573                                   
l7577                                   
l7579                                   
l7581                                   
l7583                                   
l7585                                   
l7589                                   
l7591                                   
l7593                                   
l7595                                   
l7597                                   
l7599                                   
l7601                                   
l7603                                   
l7605                                   
l7607                                   
l7609                                   
l7611                                   
l7613                                   
l7615                                   
l7617                                   
l7619                                   
l7621                                   
l7623                                   
l7625                                   
l7627                                   
l7629                                   
l7631                                   
l7635                                   
l7637                                   
l7639                                   
l7641                                   
l7643                                   
l7645                                   
lcd_busy@busy          cstackCOMMON 0073
lcd_gotoxy@address     cstackCOMMON 0079
lcd_gotoxy@col         cstackCOMMON 0078
lcd_gotoxy@row         cstackCOMMON 0077
lcd_put_byte@b         cstackCOMMON 0072
lcd_put_byte@rs        cstackCOMMON 0075
lcd_put_byte@temp      cstackCOMMON 0076
lcd_putc@c             cstackCOMMON 007A
main@data_tx           cstackBANK1  00B8
printf@ap              cstackBANK0  0062
printf@f               cstackBANK0  0061
printf@pb              cstackBANK0  0063
putch@c                cstackBANK0  002D
reset_vec              reset_vec    0000
saved_w                (abs)        007E
scale@scl              cstackBANK0  004A
send_char@data         cstackCOMMON 0072
send_string@s          cstackCOMMON 0073
sprintf@ap             cstackBANK0  0062
sprintf@f              cstackBANK0  005D
sprintf@pb             cstackBANK0  0063
sprintf@wh             cstackBANK0  0061
start                  init         000C
start_initialization   cinit        1509
u2590                                   
u3700                                   
wtemp0                 (abs)        007E
