HI-TECH Software C Compiler 

Linker command line:

--edf=C:\Program Files (x86)\HI-TECH Software\PICC\9.83\dat\en_msgs.txt -cs \
  -h+BT Ôn Thi 10.sym -z -Q16F887 -ol.obj -MBT Ôn Thi 10.map -E1 \
  -ACONST=00h-0FFhx32 -ACODE=00h-07FFhx4 -ASTRCODE=00h-01FFFh \
  -AENTRY=00h-0FFhx32 -ASTRING=00h-0FFhx32 -ABANK0=020h-06Fh \
  -ABANK1=0A0h-0EFh -ABANK2=0110h-016Fh -ABANK3=0190h-01EFh \
  -ARAM=020h-06Fh,0A0h-0EFh,0110h-016Fh,0190h-01EFh \
  -AABS1=020h-07Fh,0A0h-0EFh,0110h-016Fh,0190h-01EFh -ACOMMON=070h-07Fh \
  -ASFR0=00h-01Fh -ASFR1=080h-09Fh -ASFR2=0100h-010Fh -ASFR3=0180h-018Fh \
  -preset_vec=00h,intentry=04h,init,end_init -ppowerup=CODE -pfunctab=CODE \
  -ACONFIG=02007h-02008h -pconfig=CONFIG -DCONFIG=2 -AIDLOC=02000h-02003h \
  -pidloc=IDLOC -DIDLOC=2 -AEEDATA=00h-0FFh/02100h -peeprom_data=EEDATA \
  -DEEDATA=2 -DCODE=2 -DSTRCODE=2 -DSTRING=2 -DCONST=2 -DENTRY=2 -k \
  startup.obj BT Ôn Thi 10.obj 

Object code version is 3.10

Machine type is 16F887



                Name                               Link     Load   Length Selector   Space Scale
startup.obj     end_init                              E        E        3        8       0
                reset_vec                             0        0        3        0       0
BT Ôn Thi 10.obj
                intentry                              4        4        A        8       0
                config                             2007     2007        1     400E       0
                text94                               11       11       43        8       0
                text93                               9C       9C        F        8       0
                text92                               77       77       15        8       0
                maintext                             54       54       23        8       0
                cstackCOMMON                         70       70        3       70       1
                bssBANK0                             20       20        A       20       1
                bssCOMMON                            73       73        2       70       1
                cinit                                8C       8C       10        8       0

TOTAL           Name                               Link     Load   Length     Space
        CLASS   CONST          

        CLASS   CODE           
                end_init                              E        E        3         0
                intentry                              4        4        A         0
                reset_vec                             0        0        3         0
                text94                               11       11       43         0
                text93                               9C       9C        F         0
                text92                               77       77       15         0
                maintext                             54       54       23         0
                cinit                                8C       8C       10         0

        CLASS   STRCODE        

        CLASS   ENTRY          

        CLASS   STRING         

        CLASS   BANK0          
                bssBANK0                             20       20        A         1

        CLASS   BANK1          

        CLASS   BANK2          

        CLASS   BANK3          

        CLASS   RAM            

        CLASS   ABS1           
                abs_s1                               7E       7E        2         1

        CLASS   COMMON         
                cstackCOMMON                         70       70        3         1
                bssCOMMON                            73       73        2         1

        CLASS   SFR0           

        CLASS   SFR1           

        CLASS   SFR2           

        CLASS   SFR3           

        CLASS   CONFIG         
                config                             2007     2007        1         0

        CLASS   IDLOC          

        CLASS   EEDATA         



SEGMENTS        Name                           Load    Length   Top    Selector   Space  Class     Delta

                reset_vec                      000000  000003  000003         0       0  CODE        2
                intentry                       000004  0000A7  0000AB         8       0  CODE        2
                bssBANK0                       000020  00000A  00002A        20       1  BANK0       1
                cstackCOMMON                   000070  000005  000075        70       1  COMMON      1
                config                         002007  000001  002008      400E       0  CONFIG      2


UNUSED ADDRESS RANGES

        Name                Unused          Largest block    Delta
        BANK0            002A-006F             46           1
        BANK1            00A0-00EF             50           1
        BANK2            0110-016F             60           1
        BANK3            0190-01EF             60           1
        CODE             0003-0003              1           2
                         00AB-1FFF            800
        COMMON           0075-007D              9           1
        CONFIG           2008-2008              1           2
        CONST            0003-0003              1           2
                         00AB-1FFF            100
        EEDATA           2100-21FF            100           2
        ENTRY            0003-0003              1           2
                         00AB-1FFF            100
        IDLOC            2000-2003              4           2
        RAM              002A-006F             46           1
                         00A0-00EF             50
                         0110-016F             60
                         0190-01EF             60
        SFR0             0000-001F             20           1
        SFR1             0080-009F             20           1
        SFR2             0100-010F             10           1
        SFR3             0180-018F             10           1
        STRCODE          0003-0003              1           2
                         00AB-1FFF           1F55
        STRING           0003-0003              1           2
                         00AB-1FFF            100

                                  Symbol Table

??_main               cstackCOMMON 0073
??_ngat               cstackCOMMON 0070
??_rx                 cstackCOMMON 0073
??_tx                 cstackCOMMON 0073
?_main                cstackCOMMON 0070
?_ngat                cstackCOMMON 0070
?_rx                  cstackCOMMON 0070
?_tx                  cstackCOMMON 0070
_ANSEL                (abs)        0188
_ANSELH               (abs)        0189
_BRG16                (abs)        0C3B
_BRGH                 (abs)        04C2
_CCP1CON              (abs)        0017
_CCPR1L               (abs)        0015
_CREN                 (abs)        00C4
_GIE                  (abs)        005F
_PEIE                 (abs)        005E
_PR2                  (abs)        0092
_RC2                  (abs)        003A
_RCIE                 (abs)        0465
_RCIF                 (abs)        0065
_RCREG                (abs)        001A
_RD5                  (abs)        0045
_RD6                  (abs)        0046
_RD7                  (abs)        0047
_RX9                  (abs)        00C6
_SPBRG                (abs)        0099
_SPBRGH               (abs)        009A
_SPEN                 (abs)        00C7
_SYNC                 (abs)        04C4
_T2CKPS0              (abs)        0090
_T2CKPS1              (abs)        0091
_TMR2                 (abs)        0011
_TMR2ON               (abs)        0092
_TRISC2               (abs)        043A
_TRISD5               (abs)        0445
_TRISD6               (abs)        0446
_TRISD7               (abs)        0447
_TX9                  (abs)        04C6
_TXEN                 (abs)        04C5
__Habs1               abs1         0000
__Hbank0              bank0        0000
__Hbank1              bank1        0000
__Hbank2              bank2        0000
__Hbank3              bank3        0000
__HbssBANK0           bssBANK0     0000
__HbssCOMMON          bssCOMMON    0000
__Hcinit              cinit        0000
__Hclrtext            clrtext      0000
__Hcode               code         0000
__Hcommon             common       0000
__Hconfig             config       2008
__HcstackCOMMON       cstackCOMMON 0000
__Heeprom_data        eeprom_data  0000
__Hend_init           end_init     0011
__Hfunctab            functab      0000
__Hidloc              idloc        0000
__Hinit               init         000E
__Hintentry           intentry     000E
__Hmaintext           maintext     0000
__Hpa_nodes           pa_nodes     0000
__Hpowerup            powerup      0000
__Hram                ram          0000
__Hreset_vec          reset_vec    0003
__Hsfr0               sfr0         0000
__Hsfr1               sfr1         0000
__Hsfr2               sfr2         0000
__Hsfr3               sfr3         0000
__Hstrings            strings      0000
__Htext               text         0000
__Labs1               abs1         0000
__Lbank0              bank0        0000
__Lbank1              bank1        0000
__Lbank2              bank2        0000
__Lbank3              bank3        0000
__LbssBANK0           bssBANK0     0000
__LbssCOMMON          bssCOMMON    0000
__Lcinit              cinit        0000
__Lclrtext            clrtext      0000
__Lcode               code         0000
__Lcommon             common       0000
__Lconfig             config       2007
__LcstackCOMMON       cstackCOMMON 0000
__Leeprom_data        eeprom_data  0000
__Lend_init           end_init     000E
__Lfunctab            functab      0000
__Lidloc              idloc        0000
__Linit               init         000E
__Lintentry           intentry     0004
__Lmaintext           maintext     0000
__Lpa_nodes           pa_nodes     0000
__Lpowerup            powerup      0000
__Lram                ram          0000
__Lreset_vec          reset_vec    0000
__Lsfr0               sfr0         0000
__Lsfr1               sfr1         0000
__Lsfr2               sfr2         0000
__Lsfr3               sfr3         0000
__Lstrings            strings      0000
__Ltext               text         0000
__S0                  (abs)        2008
__S1                  (abs)        0075
__S2                  (abs)        0000
__end_of_main         maintext     0077
__end_of_ngat         text94       004E
__end_of_rx           text92       008C
__end_of_tx           text93       00AB
__pbssBANK0           bssBANK0     0020
__pbssCOMMON          bssCOMMON    0073
__pcstackCOMMON       cstackCOMMON 0070
__pintentry           intentry     0004
__pmaintext           maintext     0054
__ptext91             text91       0000
__ptext92             text92       0077
__ptext93             text93       009C
__ptext94             text94       0011
__ptext95             text95       0000
__size_of_main        (abs)        0000
__size_of_ngat        (abs)        0000
__size_of_rx          (abs)        0000
__size_of_tx          (abs)        0000
_data_rx              bssBANK0     0020
_exit                 init         000E
_i                    bssCOMMON    0073
_main                 maintext     0054
_ngat                 text94       0011
_rx                   text92       0077
_tx                   text93       009C
btemp                 (abs)        007E
end_of_initialization cinit        0098
i1l1055                                
i1l2524                                
i1l2528                                
i1l2530                                
i1l2538                                
i1l2540                                
i1l2550                                
i1l2552                                
i1l2558                                
i1l2560                                
interrupt_function    intentry     0004
intlevel0             functab      0000
intlevel1             functab      0000
intlevel2             functab      0000
intlevel3             functab      0000
intlevel4             functab      0000
intlevel5             functab      0000
l1070                                  
l1073                                  
l2426                                  
l2428                                  
l2430                                  
l2432                                  
l2434                                  
l2436                                  
l2438                                  
l2440                                  
l2442                                  
l2444                                  
l2446                                  
l2448                                  
l2450                                  
l2452                                  
l2494                                  
l2496                                  
l2498                                  
l2500                                  
l2502                                  
l2504                                  
l2506                                  
l2508                                  
l2510                                  
l2512                                  
l2514                                  
l2516                                  
l2518                                  
l2520                                  
l2522                                  
reset_vec             reset_vec    0000
saved_w               (abs)        007E
start                 init         000E
start_initialization  cinit        008C
wtemp0                (abs)        007E
