HI-TECH Software C Compiler 

Linker command line:

--edf=C:\Program Files (x86)\HI-TECH Software\PICC\9.83\dat\en_msgs.txt -cs \
  -h+BT04week11ttvxl.sym -z -Q16F887 -ol.obj -MBT04week11ttvxl.map -E1 \
  -ACONST=00h-0FFhx32 -ACODE=00h-07FFhx4 -ASTRCODE=00h-01FFFh \
  -AENTRY=00h-0FFhx32 -ASTRING=00h-0FFhx32 -ABANK0=020h-06Fh \
  -ABANK1=0A0h-0EFh -ABANK2=0110h-016Fh -ABANK3=0190h-01EFh \
  -ARAM=020h-06Fh,0A0h-0EFh,0110h-016Fh,0190h-01EFh \
  -AABS1=020h-07Fh,0A0h-0EFh,0110h-016Fh,0190h-01EFh -ACOMMON=070h-07Fh \
  -ASFR0=00h-01Fh -ASFR1=080h-09Fh -ASFR2=0100h-010Fh -ASFR3=0180h-018Fh \
  -preset_vec=00h,intentry=04h,init,end_init -ppowerup=CODE -pfunctab=CODE \
  -ACONFIG=02007h-02008h -pconfig=CONFIG -DCONFIG=2 -AIDLOC=02000h-02003h \
  -pidloc=IDLOC -DIDLOC=2 -AEEDATA=00h-0FFh/02100h -peeprom_data=EEDATA \
  -DEEDATA=2 -DCODE=2 -DSTRCODE=2 -DSTRING=2 -DCONST=2 -DENTRY=2 -k \
  startup.obj BT04week11ttvxl.obj 

Object code version is 3.10

Machine type is 16F887



                Name                               Link     Load   Length Selector   Space Scale
startup.obj     end_init                              E        E        3        8       0
                reset_vec                             0        0        3        0       0
BT04week11ttvxl.obj
                intentry                              4        4        A        8       0
                config                             2007     2007        1     400E       0
                text586                            16E1     16E1      11F     2DC2       0
                text582                             837      837       CC     106E       0
                text567                            150D     150D       C2     2A1A       0
                text564                             C46      C46      3BA     188C       0
                text560                             A55      A55      1F1     14AA       0
                text559                             903      903      152     1206       0
                text554                              11       11      7E5        8       0
                maintext                           15CF     15CF      112     2B9E       0
                cstackBANK0                          20       20       48       20       1
                cstackCOMMON                         70       70        E       70       1
                cstackBANK1                          A0       A0       24       A0       1
                bssBANK1                             C4       C4        C       A0       1
                cinit                               826      826       11     104C       0
                strings                            1000     1000       92     2000       0

TOTAL           Name                               Link     Load   Length     Space
        CLASS   CONST          

        CLASS   CODE           
                end_init                              E        E        3         0
                intentry                              4        4        A         0
                reset_vec                             0        0        3         0
                text586                            16E1     16E1      11F         0
                text582                             837      837       CC         0
                text567                            150D     150D       C2         0
                text564                             C46      C46      3BA         0
                text560                             A55      A55      1F1         0
                text559                             903      903      152         0
                text554                              11       11      7E5         0
                maintext                           15CF     15CF      112         0
                cinit                               826      826       11         0

        CLASS   STRCODE        

        CLASS   ENTRY          

        CLASS   STRING         
                strings                            1000     1000       92         0

        CLASS   BANK0          
                cstackBANK0                          20       20       48         1

        CLASS   BANK1          
                cstackBANK1                          A0       A0       24         1
                bssBANK1                             C4       C4        C         1

        CLASS   BANK2          

        CLASS   BANK3          

        CLASS   RAM            

        CLASS   ABS1           
                abs_s1                               7E       7E        2         1

        CLASS   COMMON         
                cstackCOMMON                         70       70        E         1

        CLASS   SFR0           

        CLASS   SFR1           

        CLASS   SFR2           

        CLASS   SFR3           

        CLASS   CONFIG         
                config                             2007     2007        1         0

        CLASS   IDLOC          

        CLASS   EEDATA         



SEGMENTS        Name                           Load    Length   Top    Selector   Space  Class     Delta

                reset_vec                      000000  000003  000003         0       0  CODE        2
                intentry                       000004  0007F2  0007F6         8       0  CODE        2
                cstackBANK0                    000020  000048  000068        20       1  BANK0       1
                cstackCOMMON                   000070  00000E  00007E        70       1  COMMON      1
                cstackBANK1                    0000A0  000030  0000D0        A0       1  BANK1       1
                cinit                          000826  000011  000837      104C       0  CODE        2
                text582                        000837  0000CC  000903      106E       0  CODE        2
                text559                        000903  000152  000A55      1206       0  CODE        2
                text560                        000A55  0001F1  000C46      14AA       0  CODE        2
                text564                        000C46  0003BA  001000      188C       0  CODE        2
                strings                        001000  000092  001092      2000       0  STRING      2
                text567                        00150D  0000C2  0015CF      2A1A       0  CODE        2
                maintext                       0015CF  000112  0016E1      2B9E       0  CODE        2
                text586                        0016E1  00011F  001800      2DC2       0  CODE        2
                config                         002007  000001  002008      400E       0  CONFIG      2


UNUSED ADDRESS RANGES

        Name                Unused          Largest block    Delta
        BANK0            0068-006F              8           1
        BANK1            00D0-00EF             20           1
        BANK2            0110-016F             60           1
        BANK3            0190-01EF             60           1
        CODE             0003-0003              1           2
                         07F6-0825              A
                         1092-150C            47B
                         1800-1FFF            800
        CONFIG           2008-2008              1           2
        CONST            0003-0003              1           2
                         07F6-0825              A
                         1092-150C            100
                         1800-1FFF            100
        EEDATA           2100-21FF            100           2
        ENTRY            0003-0003              1           2
                         07F6-0825              A
                         1092-150C            100
                         1800-1FFF            100
        IDLOC            2000-2003              4           2
        RAM              0068-006F              8           1
                         00D0-00EF             20
                         0110-016F             60
                         0190-01EF             60
        SFR0             0000-001F             20           1
        SFR1             0080-009F             20           1
        SFR2             0100-010F             10           1
        SFR3             0180-018F             10           1
        STRCODE          0003-0003              1           2
                         07F6-0825             30
                         1092-150C            47B
                         1800-1FFF            800
        STRING           0003-0003              1           2
                         07F6-0825              A
                         1092-150C            100
                         1800-1FFF            100

                                  Symbol Table

??___awdiv             cstackBANK0  0032
??___awmod             cstackBANK0  002C
??___awtoft            cstackBANK0  0033
??___bmul              cstackBANK0  0032
??___ftadd             cstackBANK0  0058
??___ftdiv             cstackBANK0  003A
??___ftge              cstackBANK0  002E
??___ftmul             cstackBANK0  0049
??___ftneg             cstackBANK0  002B
??___ftpack            cstackBANK0  002D
??___ftsub             cstackBANK0  0064
??___fttol             cstackBANK0  003A
??___lbdiv             cstackBANK0  002E
??___lbmod             cstackBANK0  0029
??___lbtoft            cstackBANK0  0046
??___lldiv             cstackBANK0  0030
??___llmod             cstackBANK0  003D
??___lltoft            cstackBANK0  0034
??___wmul              cstackBANK0  002C
??__div_to_l_          cstackBANK0  002E
??__tdiv_to_l_         cstackBANK0  002E
??_fround              cstackBANK0  0061
??_isdigit             cstackBANK0  0028
??_isprint             cstackBANK0  0028
??_lcd_busy            cstackBANK0  0028
??_lcd_gotoxy          cstackBANK0  002E
??_lcd_init            cstackBANK0  002D
??_lcd_put_byte        cstackBANK0  0029
??_lcd_putc            cstackBANK0  0030
??_main                cstackBANK1  00C1
??_ngat                cstackBANK0  0026
??_printf              cstackBANK1  00A3
??_putch               cstackBANK0  0031
??_scale               cstackBANK0  0055
??i1___ftadd           cstackBANK0  0020
??i1___ftpack          cstackCOMMON 0075
?___awdiv              cstackBANK0  002E
?___awmod              cstackBANK0  0028
?___awtoft             cstackBANK0  0030
?___bmul               cstackBANK0  0031
?___ftadd              cstackBANK0  0052
?___ftdiv              cstackBANK0  0034
?___ftge               cstackBANK0  0028
?___ftmul              cstackBANK0  0043
?___ftneg              cstackBANK0  0028
?___ftpack             cstackBANK0  0028
?___ftsub              cstackBANK0  005E
?___fttol              cstackBANK0  0036
?___lbdiv              cstackBANK0  002D
?___lbmod              cstackBANK0  0028
?___lbtoft             cstackBANK0  0043
?___lldiv              cstackBANK0  0028
?___llmod              cstackBANK0  0035
?___lltoft             cstackBANK0  0030
?___wmul               cstackBANK0  0028
?__div_to_l_           cstackBANK0  0028
?__tdiv_to_l_          cstackBANK0  0028
?_fround               cstackBANK0  005E
?_isdigit              cstackCOMMON 0070
?_isprint              cstackCOMMON 0070
?_lcd_busy             cstackCOMMON 0070
?_lcd_gotoxy           cstackBANK0  002D
?_lcd_init             cstackCOMMON 0070
?_lcd_put_byte         cstackBANK0  0028
?_lcd_putc             cstackCOMMON 0070
?_main                 cstackCOMMON 0070
?_ngat                 cstackCOMMON 0070
?_printf               cstackBANK1  00A0
?_putch                cstackCOMMON 0070
?_scale                cstackBANK0  0052
?i1___ftadd            cstackCOMMON 0078
?i1___ftpack           cstackCOMMON 0070
_ANSEL                 (abs)        0188
_ANSELH                (abs)        0189
_GIE                   (abs)        005F
_PSA                   (abs)        040B
_RD1                   (abs)        0041
_RD2                   (abs)        0042
_RD3                   (abs)        0043
_RD4                   (abs)        0044
_RD5                   (abs)        0045
_RD6                   (abs)        0046
_RD7                   (abs)        0047
_T0CS                  (abs)        040D
_T0IE                  (abs)        005D
_T0IF                  (abs)        005A
_TMR0                  (abs)        0001
_TRISA4                (abs)        042C
_TRISD                 (abs)        0088
_TRISD1                (abs)        0441
_TRISD2                (abs)        0442
_TRISD3                (abs)        0443
_TRISD4                (abs)        0444
_TRISD5                (abs)        0445
_TRISD6                (abs)        0446
_TRISD7                (abs)        0447
_TRISE0                (abs)        0448
__Habs1                abs1         0000
__Hbank0               bank0        0000
__Hbank1               bank1        0000
__Hbank2               bank2        0000
__Hbank3               bank3        0000
__HbssBANK1            bssBANK1     0000
__Hcinit               cinit        0000
__Hclrtext             clrtext      0000
__Hcode                code         0000
__Hcommon              common       0000
__Hconfig              config       2008
__HcstackBANK0         cstackBANK0  0000
__HcstackBANK1         cstackBANK1  0000
__HcstackCOMMON        cstackCOMMON 0000
__Heeprom_data         eeprom_data  0000
__Hend_init            end_init     0011
__Hfunctab             functab      0000
__Hidloc               idloc        0000
__Hinit                init         000E
__Hintentry            intentry     000E
__Hmaintext            maintext     0000
__Hpa_nodes            pa_nodes     0000
__Hpowerup             powerup      0000
__Hram                 ram          0000
__Hreset_vec           reset_vec    0003
__Hsfr0                sfr0         0000
__Hsfr1                sfr1         0000
__Hsfr2                sfr2         0000
__Hsfr3                sfr3         0000
__Hstrings             strings      0000
__Htext                text         0000
__Labs1                abs1         0000
__Lbank0               bank0        0000
__Lbank1               bank1        0000
__Lbank2               bank2        0000
__Lbank3               bank3        0000
__LbssBANK1            bssBANK1     0000
__Lcinit               cinit        0000
__Lclrtext             clrtext      0000
__Lcode                code         0000
__Lcommon              common       0000
__Lconfig              config       2007
__LcstackBANK0         cstackBANK0  0000
__LcstackBANK1         cstackBANK1  0000
__LcstackCOMMON        cstackCOMMON 0000
__Leeprom_data         eeprom_data  0000
__Lend_init            end_init     000E
__Lfunctab             functab      0000
__Lidloc               idloc        0000
__Linit                init         000E
__Lintentry            intentry     0004
__Lmaintext            maintext     0000
__Lpa_nodes            pa_nodes     0000
__Lpowerup             powerup      0000
__Lram                 ram          0000
__Lreset_vec           reset_vec    0000
__Lsfr0                sfr0         0000
__Lsfr1                sfr1         0000
__Lsfr2                sfr2         0000
__Lsfr3                sfr3         0000
__Lstrings             strings      0000
__Ltext                text         0000
__S0                   (abs)        2008
__S1                   (abs)        00D0
__S2                   (abs)        0000
___awdiv               text564      0E6A
___awdiv@counter       cstackBANK0  0032
___awdiv@dividend      cstackBANK0  0030
___awdiv@divisor       cstackBANK0  002E
___awdiv@quotient      cstackBANK0  0034
___awdiv@sign          cstackBANK0  0033
___awmod               text564      0EAF
___awmod@counter       cstackBANK0  002C
___awmod@dividend      cstackBANK0  002A
___awmod@divisor       cstackBANK0  0028
___awmod@sign          cstackBANK0  002D
___awtoft              text564      0C55
___awtoft@c            cstackBANK0  0030
___awtoft@sign         cstackBANK0  0033
___bmul                text564      0F5B
___bmul@multiplicand   cstackBANK0  0031
___bmul@multiplier     cstackBANK0  0033
___bmul@product        cstackBANK0  0032
___ftadd               text567      150D
___ftadd@exp1          cstackBANK0  005D
___ftadd@exp2          cstackBANK0  005C
___ftadd@f1            cstackBANK0  0052
___ftadd@f2            cstackBANK0  0055
___ftadd@sign          cstackBANK0  005B
___ftdiv               text564      0C70
___ftdiv@cntr          cstackBANK0  003D
___ftdiv@exp           cstackBANK0  0041
___ftdiv@f1            cstackBANK0  0037
___ftdiv@f2            cstackBANK0  0034
___ftdiv@f3            cstackBANK0  003E
___ftdiv@sign          cstackBANK0  0042
___ftge                text554      05B9
___ftge@ff1            cstackBANK0  0028
___ftge@ff2            cstackBANK0  002B
___ftmul               text564      0EEC
___ftmul@cntr          cstackBANK0  0050
___ftmul@exp           cstackBANK0  004C
___ftmul@f1            cstackBANK0  0043
___ftmul@f2            cstackBANK0  0046
___ftmul@f3_as_product cstackBANK0  004D
___ftmul@sign          cstackBANK0  0051
___ftneg               text554      06B0
___ftneg@f1            cstackBANK0  0028
___ftpack              text564      0F69
___ftpack@arg          cstackBANK0  0028
___ftpack@exp          cstackBANK0  002B
___ftpack@sign         cstackBANK0  002C
___ftsub               text554      06D8
___ftsub@f1            cstackBANK0  0061
___ftsub@f2            cstackBANK0  005E
___fttol               text554      060D
___fttol@exp1          cstackBANK0  0042
___fttol@f1            cstackBANK0  0036
___fttol@lval          cstackBANK0  003E
___fttol@sign1         cstackBANK0  003D
___lbdiv               text559      0A08
___lbdiv@counter       cstackBANK0  002F
___lbdiv@dividend      cstackBANK0  002E
___lbdiv@divisor       cstackBANK0  002D
___lbdiv@quotient      cstackBANK0  0030
___lbmod               text559      0A23
___lbmod@counter       cstackBANK0  002B
___lbmod@dividend      cstackBANK0  002A
___lbmod@divisor       cstackBANK0  0028
___lbmod@rem           cstackBANK0  002C
___lbtoft              text564      0C46
___lbtoft@c            cstackBANK0  0046
___lldiv               text554      0668
___lldiv@counter       cstackBANK0  0034
___lldiv@dividend      cstackBANK0  002C
___lldiv@divisor       cstackBANK0  0028
___lldiv@quotient      cstackBANK0  0030
___llmod               text554      057B
___llmod@counter       cstackBANK0  003D
___llmod@dividend      cstackBANK0  0039
___llmod@divisor       cstackBANK0  0035
___lltoft              text554      06B8
___lltoft@c            cstackBANK0  0030
___lltoft@exp          cstackBANK0  0034
___wmul                text554      05F4
___wmul@multiplicand   cstackBANK0  002A
___wmul@multiplier     cstackBANK0  0028
___wmul@product        cstackBANK0  002C
__div_to_l_            text582      0837
__div_to_l_@cntr       cstackBANK0  003A
__div_to_l_@exp1       cstackBANK0  003B
__div_to_l_@f1         cstackBANK0  0028
__div_to_l_@f2         cstackBANK0  002B
__div_to_l_@quot       cstackBANK0  0036
__end_of___awdiv       text564      0EAF
__end_of___awmod       text564      0EEC
__end_of___awtoft      text564      0C70
__end_of___bmul        text564      0F69
__end_of___ftadd       text567      15CF
__end_of___ftdiv       text564      0CD8
__end_of___ftge        text554      05E5
__end_of___ftmul       text564      0F5B
__end_of___ftneg       text554      06B8
__end_of___ftpack      text564      0FA7
__end_of___ftsub       text554      06F0
__end_of___fttol       text554      0668
__end_of___lbdiv       text559      0A23
__end_of___lbmod       text559      0A3F
__end_of___lbtoft      text564      0C55
__end_of___lldiv       text554      06B0
__end_of___llmod       text554      05B9
__end_of___lltoft      text554      06D8
__end_of___wmul        text554      060D
__end_of__div_to_l_    text582      08F6
__end_of__tdiv_to_l_   text554      07F6
__end_of_fround        text559      0A08
__end_of_isdigit       text554      05F4
__end_of_isprint       text560      0C41
__end_of_lcd_busy      text560      0C33
__end_of_lcd_gotoxy    text560      0A6D
__end_of_lcd_init      text560      0B5D
__end_of_lcd_put_byte  text560      0C08
__end_of_lcd_putc      text560      0A9C
__end_of_main          maintext     16E1
__end_of_ngat          text586      1701
__end_of_printf        text554      0575
__end_of_putch         text554      057B
__end_of_scale         text564      0E6A
__end_ofi1___ftadd     text586      17C2
__end_ofi1___ftpack    text586      1800
__npowers_             strings      1006
__pbssBANK1            bssBANK1     00C4
__pcstackBANK0         cstackBANK0  0020
__pcstackBANK1         cstackBANK1  00A0
__pcstackCOMMON        cstackCOMMON 0070
__pintentry            intentry     0004
__pmaintext            maintext     15CF
__powers_              strings      102D
__pstrings             strings      1000
__ptext554             text554      0011
__ptext555             text554      0575
__ptext556             text560      0A6D
__ptext557             text554      06D8
__ptext558             text564      0CD8
__ptext559             text559      0903
__ptext560             text560      0A55
__ptext561             text560      0A9C
__ptext562             text554      06B8
__ptext563             text564      0C55
__ptext564             text564      0C46
__ptext565             text564      0EEC
__ptext566             text564      0C70
__ptext567             text567      150D
__ptext568             text560      0C08
__ptext569             text560      0B5D
__ptext570             text564      0EAF
__ptext571             text554      0668
__ptext572             text554      05B9
__ptext573             text554      06B0
__ptext574             text554      057B
__ptext575             text564      0E6A
__ptext576             text554      060D
__ptext577             text564      0F69
__ptext578             text559      0A23
__ptext579             text559      0A08
__ptext580             text554      05F4
__ptext581             text564      0F5B
__ptext582             text582      0837
__ptext583             text554      077F
__ptext584             text554      05E5
__ptext585             text560      0C33
__ptext586             text586      16E1
__ptext587             text586      1701
__ptext588             text586      17C2
__ptext589             text589      0000
__size_of___awdiv      (abs)        0000
__size_of___awmod      (abs)        0000
__size_of___awtoft     (abs)        0000
__size_of___bmul       (abs)        0000
__size_of___ftadd      (abs)        0000
__size_of___ftdiv      (abs)        0000
__size_of___ftge       (abs)        0000
__size_of___ftmul      (abs)        0000
__size_of___ftneg      (abs)        0000
__size_of___ftpack     (abs)        0000
__size_of___ftsub      (abs)        0000
__size_of___fttol      (abs)        0000
__size_of___lbdiv      (abs)        0000
__size_of___lbmod      (abs)        0000
__size_of___lbtoft     (abs)        0000
__size_of___lldiv      (abs)        0000
__size_of___llmod      (abs)        0000
__size_of___lltoft     (abs)        0000
__size_of___wmul       (abs)        0000
__size_of__div_to_l_   (abs)        0000
__size_of__tdiv_to_l_  (abs)        0000
__size_of_fround       (abs)        0000
__size_of_isdigit      (abs)        0000
__size_of_isprint      (abs)        0000
__size_of_lcd_busy     (abs)        0000
__size_of_lcd_gotoxy   (abs)        0000
__size_of_lcd_init     (abs)        0000
__size_of_lcd_put_byte (abs)        0000
__size_of_lcd_putc     (abs)        0000
__size_of_main         (abs)        0000
__size_of_ngat         (abs)        0000
__size_of_printf       (abs)        0000
__size_of_putch        (abs)        0000
__size_of_scale        (abs)        0000
__size_ofi1___ftadd    (abs)        0000
__size_ofi1___ftpack   (abs)        0000
__tdiv_to_l_           text554      077F
__tdiv_to_l_@cntr      cstackBANK0  0035
__tdiv_to_l_@exp1      cstackBANK0  0036
__tdiv_to_l_@f1        cstackBANK0  0028
__tdiv_to_l_@f2        cstackBANK0  002B
__tdiv_to_l_@quot      cstackBANK0  0031
_count                 bssBANK1     00CE
_count1                bssBANK1     00CA
_count2                bssBANK1     00CC
_dem                   bssBANK1     00C4
_dpowers               strings      1054
_exit                  init         000E
_fround                text559      0903
_fround$4118           cstackBANK0  0064
_fround$4119           cstackBANK0  0061
_isdigit               text554      05E5
_isdigit$3673          cstackBANK0  0028
_isprint               text560      0C33
_isprint$3676          cstackBANK0  0028
_lcd_busy              text560      0C08
_lcd_gotoxy            text560      0A55
_lcd_init              text560      0A9C
_lcd_put_byte          text560      0B5D
_lcd_putc              text560      0A6D
_main                  maintext     15CF
_ngat                  text586      16E1
_printf                text554      0011
_printf$3165           cstackBANK1  00A8
_putch                 text554      0575
_scale                 text564      0CD8
_scale$4120            cstackBANK0  0059
_v                     bssBANK1     00C7
btemp                  (abs)        007E
end_of_initialization  cinit        0833
fround@prec            cstackBANK0  0067
i1___ftadd             text586      1701
i1___ftadd@exp1        cstackBANK0  0025
i1___ftadd@exp2        cstackBANK0  0024
i1___ftadd@f1          cstackCOMMON 0078
i1___ftadd@f2          cstackCOMMON 007B
i1___ftadd@sign        cstackBANK0  0023
i1___ftpack            text586      17C2
i1___ftpack@arg        cstackCOMMON 0070
i1___ftpack@exp        cstackCOMMON 0073
i1___ftpack@sign       cstackCOMMON 0074
i1l1063                                 
i1l6480                                 
i1l6486                                 
i1l6900                                 
i1l6902                                 
i1l6904                                 
i1l6914                                 
i1l6920                                 
i1l6926                                 
i1l6928                                 
i1l6932                                 
i1l6944                                 
i1l6954                                 
i1l6960                                 
i1l6964                                 
i1l6966                                 
i1l6970                                 
i1l6972                                 
i1l6978                                 
i1l6980                                 
i1l7000                                 
i1l7002                                 
i1l7004                                 
interrupt_function     intentry     0004
intlevel0              functab      0000
intlevel1              functab      0000
intlevel2              functab      0000
intlevel3              functab      0000
intlevel4              functab      0000
intlevel5              functab      0000
isdigit@c              cstackBANK0  0029
isprint@c              cstackBANK0  0029
l1059                                   
l2119                                   
l2122                                   
l2130                                   
l2153                                   
l3282                                   
l3287                                   
l3297                                   
l3303                                   
l3333                                   
l3339                                   
l3383                                   
l3425                                   
l3437                                   
l3450                                   
l3460                                   
l3464                                   
l3479                                   
l3518                                   
l3540                                   
l3548                                   
l3591                                   
l6488                                   
l6490                                   
l6500                                   
l6502                                   
l6512                                   
l6520                                   
l6522                                   
l6524                                   
l6526                                   
l6528                                   
l6532                                   
l6536                                   
l6540                                   
l6548                                   
l6560                                   
l6570                                   
l6572                                   
l6574                                   
l6576                                   
l6580                                   
l6584                                   
l6586                                   
l6594                                   
l6606                                   
l6614                                   
l6616                                   
l6622                                   
l6630                                   
l6632                                   
l6638                                   
l6640                                   
l6642                                   
l6648                                   
l6652                                   
l6656                                   
l6662                                   
l6664                                   
l6668                                   
l6670                                   
l6676                                   
l6680                                   
l6682                                   
l6702                                   
l6704                                   
l6706                                   
l6708                                   
l6714                                   
l6716                                   
l6718                                   
l6720                                   
l6722                                   
l6730                                   
l6740                                   
l6746                                   
l6748                                   
l6752                                   
l6758                                   
l6762                                   
l6772                                   
l6776                                   
l6780                                   
l6784                                   
l6790                                   
l6804                                   
l6810                                   
l6818                                   
l6828                                   
l6830                                   
l6838                                   
l6840                                   
l6850                                   
l6854                                   
l6858                                   
l6864                                   
l6866                                   
l6870                                   
l6890                                   
l6894                                   
l7006                                   
l7008                                   
l7010                                   
l7014                                   
l7016                                   
l7018                                   
l7026                                   
l7028                                   
l7030                                   
l7038                                   
l7040                                   
l7042                                   
l7044                                   
l7046                                   
l7048                                   
l7050                                   
l7052                                   
l7056                                   
l7058                                   
l7060                                   
l7070                                   
l7076                                   
l7082                                   
l7084                                   
l7088                                   
l7100                                   
l7110                                   
l7116                                   
l7120                                   
l7122                                   
l7126                                   
l7128                                   
l7134                                   
l7146                                   
l7148                                   
l7150                                   
l7152                                   
l7154                                   
l7156                                   
l7158                                   
l7160                                   
l7162                                   
l7168                                   
l7172                                   
l7174                                   
l7178                                   
l7192                                   
l7194                                   
l7196                                   
l7198                                   
l7200                                   
l7202                                   
l7204                                   
l7206                                   
l7214                                   
l7216                                   
l7218                                   
l7226                                   
l7228                                   
l7230                                   
l7234                                   
l7238                                   
l7240                                   
l7244                                   
l7250                                   
l7260                                   
l7262                                   
l7264                                   
l7266                                   
l7268                                   
l7270                                   
l7298                                   
l7300                                   
l7306                                   
l7310                                   
l7314                                   
l7324                                   
l7332                                   
l7336                                   
l7372                                   
l7374                                   
l7378                                   
l7396                                   
l7398                                   
l7406                                   
l7418                                   
l7420                                   
l7426                                   
l7428                                   
l7432                                   
l7438                                   
l7452                                   
l7454                                   
l7458                                   
l7462                                   
l7466                                   
l7468                                   
l7470                                   
l7472                                   
l7474                                   
l7476                                   
l7482                                   
l7484                                   
l7514                                   
l7516                                   
l7518                                   
l7522                                   
l7536                                   
l7540                                   
l7554                                   
l7560                                   
l7574                                   
l7584                                   
l7592                                   
l7598                                   
l7600                                   
l7604                                   
l7624                                   
l7664                                   
l7670                                   
l7682                                   
l7684                                   
l7686                                   
l7688                                   
l7690                                   
l7692                                   
l7694                                   
l7696                                   
l7698                                   
l7700                                   
l7702                                   
l7706                                   
l7708                                   
l7710                                   
l7712                                   
l7714                                   
l7716                                   
l7718                                   
l7720                                   
l7722                                   
lcd_busy@busy          cstackBANK0  0029
lcd_gotoxy@address     cstackBANK0  002F
lcd_gotoxy@col         cstackBANK0  002E
lcd_gotoxy@row         cstackBANK0  002D
lcd_put_byte@b         cstackBANK0  0028
lcd_put_byte@rs        cstackBANK0  002B
lcd_put_byte@temp      cstackBANK0  002C
lcd_putc@c             cstackBANK0  0030
printf@_val            cstackBANK1  00B1
printf@ap              cstackBANK1  00AC
printf@c               cstackBANK1  00C0
printf@exp             cstackBANK1  00B7
printf@f               cstackBANK1  00B0
printf@flag            cstackBANK1  00B5
printf@fval            cstackBANK1  00BB
printf@integ           cstackBANK1  00AD
printf@prec            cstackBANK1  00BE
printf@width           cstackBANK1  00B9
putch@c                cstackBANK0  0031
reset_vec              reset_vec    0000
saved_w                (abs)        007E
scale@scl              cstackBANK0  005C
start                  init         000E
start_initialization   cinit        0826
u2960                                   
u4350                                   
wtemp0                 (abs)        007E
