HI-TECH Software C Compiler 

Linker command line:

--edf=C:\Program Files (x86)\HI-TECH Software\PICC\9.83\dat\en_msgs.txt -cs \
  -h+BT02week10ttvxl.sym -z -Q16F887 -ol.obj -MBT02week10ttvxl.map -E1 \
  -ACONST=00h-0FFhx32 -ACODE=00h-07FFhx4 -ASTRCODE=00h-01FFFh \
  -AENTRY=00h-0FFhx32 -ASTRING=00h-0FFhx32 -ABANK0=020h-06Fh \
  -ABANK1=0A0h-0EFh -ABANK2=0110h-016Fh -ABANK3=0190h-01EFh \
  -ARAM=020h-06Fh,0A0h-0EFh,0110h-016Fh,0190h-01EFh \
  -AABS1=020h-07Fh,0A0h-0EFh,0110h-016Fh,0190h-01EFh -ACOMMON=070h-07Fh \
  -ASFR0=00h-01Fh -ASFR1=080h-09Fh -ASFR2=0100h-010Fh -ASFR3=0180h-018Fh \
  -preset_vec=00h,intentry,init,end_init -ppowerup=CODE -pfunctab=CODE \
  -ACONFIG=02007h-02008h -pconfig=CONFIG -DCONFIG=2 -AIDLOC=02000h-02003h \
  -pidloc=IDLOC -DIDLOC=2 -AEEDATA=00h-0FFh/02100h -peeprom_data=EEDATA \
  -DEEDATA=2 -DCODE=2 -DSTRCODE=2 -DSTRING=2 -DCONST=2 -DENTRY=2 -k \
  startup.obj BT02week10ttvxl.obj 

Object code version is 3.10

Machine type is 16F887



                Name                               Link     Load   Length Selector   Space Scale
startup.obj     end_init                              0        0        3        0       0
BT02week10ttvxl.obj
                config                             2007     2007        1     400E       0
                text141                             4B6      4B6       11      96C       0
                text139                             561      561       62      AC2       0
                text138                             51C      51C       45      A38       0
                text137                             4DF      4DF       3D      9BE       0
                text134                             6C6      6C6      13A      D8C       0
                maintext                            5C3      5C3      103      B86       0
                cstackBANK0                          20       20       2D       20       1
                cstackCOMMON                         70       70        D       70       1
                dataBANK0                            4D       4D        A       20       1
                cinit                               4C7      4C7       18      98E       0

TOTAL           Name                               Link     Load   Length     Space
        CLASS   CONST          

        CLASS   CODE           
                end_init                              0        0        3         0
                text141                             4B6      4B6       11         0
                text139                             561      561       62         0
                text138                             51C      51C       45         0
                text137                             4DF      4DF       3D         0
                text134                             6C6      6C6      13A         0
                maintext                            5C3      5C3      103         0
                cinit                               4C7      4C7       18         0

        CLASS   STRCODE        

        CLASS   ENTRY          

        CLASS   STRING         

        CLASS   BANK0          
                cstackBANK0                          20       20       2D         1
                dataBANK0                            4D       4D        A         1

        CLASS   BANK1          

        CLASS   BANK2          

        CLASS   BANK3          

        CLASS   RAM            

        CLASS   ABS1           
                abs_s1                               7E       7E        2         1

        CLASS   COMMON         
                cstackCOMMON                         70       70        D         1

        CLASS   SFR0           

        CLASS   SFR1           

        CLASS   SFR2           

        CLASS   SFR3           

        CLASS   CONFIG         
                config                             2007     2007        1         0

        CLASS   IDLOC          

        CLASS   EEDATA         



SEGMENTS        Name                           Load    Length   Top    Selector   Space  Class     Delta

                reset_vec                      000000  000003  000003         0       0  CODE        2
                cstackBANK0                    000020  000037  000057        20       1  BANK0       1
                cstackCOMMON                   000070  00000D  00007D        70       1  COMMON      1
                text141                        0004B6  000011  0004C7       96C       0  CODE        2
                cinit                          0004C7  000018  0004DF       98E       0  CODE        2
                text137                        0004DF  00003D  00051C       9BE       0  CODE        2
                text138                        00051C  000045  000561       A38       0  CODE        2
                text139                        000561  000062  0005C3       AC2       0  CODE        2
                maintext                       0005C3  000103  0006C6       B86       0  CODE        2
                text134                        0006C6  00013A  000800       D8C       0  CODE        2
                config                         002007  000001  002008      400E       0  CONFIG      2


UNUSED ADDRESS RANGES

        Name                Unused          Largest block    Delta
        BANK0            0057-006F             19           1
        BANK1            00A0-00EF             50           1
        BANK2            0110-016F             60           1
        BANK3            0190-01EF             60           1
        CODE             0003-04B5            4B3           2
                         0800-1FFF            800
        COMMON           007D-007D              1           1
        CONFIG           2008-2008              1           2
        CONST            0003-04B5            100           2
                         0800-1FFF            100
        EEDATA           2100-21FF            100           2
        ENTRY            0003-04B5            100           2
                         0800-1FFF            100
        IDLOC            2000-2003              4           2
        RAM              0057-006F             19           1
                         00A0-00EF             50
                         0110-016F             60
                         0190-01EF             60
        SFR0             0000-001F             20           1
        SFR1             0080-009F             20           1
        SFR2             0100-010F             10           1
        SFR3             0180-018F             10           1
        STRCODE          0003-04B5            4B3           2
                         0800-1FFF           1800
        STRING           0003-04B5            100           2
                         0800-1FFF            100

                                  Symbol Table

??___awdiv             cstackCOMMON 007D
??___awmod             cstackCOMMON 007D
??___awtoft            cstackCOMMON 007B
??___ftdiv             cstackBANK0  0026
??___ftmul             cstackBANK0  0035
??___ftpack            cstackCOMMON 0075
??___fttol             cstackCOMMON 0074
??_main                cstackBANK0  003E
??_quetled             cstackCOMMON 0072
?___awdiv              cstackBANK0  0026
?___awmod              cstackBANK0  0020
?___awtoft             cstackCOMMON 0078
?___ftdiv              cstackBANK0  0020
?___ftmul              cstackBANK0  002F
?___ftpack             cstackCOMMON 0070
?___fttol              cstackCOMMON 0070
?_main                 cstackCOMMON 0070
?_quetled              cstackCOMMON 0070
_ADCS0                 (abs)        00FE
_ADCS1                 (abs)        00FF
_ADFM                  (abs)        04FF
_ADON                  (abs)        00F8
_ADRESH                (abs)        001E
_ADRESL                (abs)        009E
_ANS0                  (abs)        0C40
_ANSEL                 (abs)        0188
_ANSELH                (abs)        0189
_CHS0                  (abs)        00FA
_CHS1                  (abs)        00FB
_CHS2                  (abs)        00FC
_CHS3                  (abs)        00FD
_GO_nDONE              (abs)        00F9
_PORTB                 (abs)        0006
_PORTC                 (abs)        0007
_PORTD                 (abs)        0008
_TRISA0                (abs)        0428
_TRISB                 (abs)        0086
_TRISC                 (abs)        0087
_TRISD                 (abs)        0088
_VCFG0                 (abs)        04FC
_VCFG1                 (abs)        04FD
__Habs1                abs1         0000
__Hbank0               bank0        0000
__Hbank1               bank1        0000
__Hbank2               bank2        0000
__Hbank3               bank3        0000
__Hcinit               cinit        0000
__Hclrtext             clrtext      0000
__Hcode                code         0000
__Hcommon              common       0000
__Hconfig              config       2008
__HcstackBANK0         cstackBANK0  0000
__HcstackCOMMON        cstackCOMMON 0000
__HdataBANK0           dataBANK0    0000
__Heeprom_data         eeprom_data  0000
__Hend_init            end_init     0003
__Hfunctab             functab      0000
__HidataBANK0          idataBANK0   0000
__Hidloc               idloc        0000
__Hinit                init         0000
__Hintentry            intentry     0000
__Hmaintext            maintext     0000
__Hpa_nodes            pa_nodes     0000
__Hpowerup             powerup      0000
__Hram                 ram          0000
__Hreset_vec           reset_vec    0000
__Hsfr0                sfr0         0000
__Hsfr1                sfr1         0000
__Hsfr2                sfr2         0000
__Hsfr3                sfr3         0000
__Hstrings             strings      0000
__Htext                text         0000
__Labs1                abs1         0000
__Lbank0               bank0        0000
__Lbank1               bank1        0000
__Lbank2               bank2        0000
__Lbank3               bank3        0000
__Lcinit               cinit        0000
__Lclrtext             clrtext      0000
__Lcode                code         0000
__Lcommon              common       0000
__Lconfig              config       2007
__LcstackBANK0         cstackBANK0  0000
__LcstackCOMMON        cstackCOMMON 0000
__LdataBANK0           dataBANK0    0000
__Leeprom_data         eeprom_data  0000
__Lend_init            end_init     0000
__Lfunctab             functab      0000
__LidataBANK0          idataBANK0   0000
__Lidloc               idloc        0000
__Linit                init         0000
__Lintentry            intentry     0000
__Lmaintext            maintext     0000
__Lpa_nodes            pa_nodes     0000
__Lpowerup             powerup      0000
__Lram                 ram          0000
__Lreset_vec           reset_vec    0000
__Lsfr0                sfr0         0000
__Lsfr1                sfr1         0000
__Lsfr2                sfr2         0000
__Lsfr3                sfr3         0000
__Lstrings             strings      0000
__Ltext                text         0000
__S0                   (abs)        2008
__S1                   (abs)        007D
__S2                   (abs)        0000
___awdiv               text138      051C
___awdiv@counter       cstackBANK0  002A
___awdiv@dividend      cstackBANK0  0028
___awdiv@divisor       cstackBANK0  0026
___awdiv@quotient      cstackBANK0  002C
___awdiv@sign          cstackBANK0  002B
___awmod               text137      04DF
___awmod@counter       cstackBANK0  0024
___awmod@dividend      cstackBANK0  0022
___awmod@divisor       cstackBANK0  0020
___awmod@sign          cstackBANK0  0025
___awtoft              text134      06C6
___awtoft@c            cstackCOMMON 0078
___awtoft@sign         cstackCOMMON 007B
___ftdiv               text134      06E1
___ftdiv@cntr          cstackBANK0  0029
___ftdiv@exp           cstackBANK0  002D
___ftdiv@f1            cstackBANK0  0023
___ftdiv@f2            cstackBANK0  0020
___ftdiv@f3            cstackBANK0  002A
___ftdiv@sign          cstackBANK0  002E
___ftmul               text134      0749
___ftmul@cntr          cstackBANK0  003C
___ftmul@exp           cstackBANK0  0038
___ftmul@f1            cstackBANK0  002F
___ftmul@f2            cstackBANK0  0032
___ftmul@f3_as_product cstackBANK0  0039
___ftmul@sign          cstackBANK0  003D
___ftpack              text134      07B8
___ftpack@arg          cstackCOMMON 0070
___ftpack@exp          cstackCOMMON 0073
___ftpack@sign         cstackCOMMON 0074
___fttol               text139      0561
___fttol@exp1          cstackCOMMON 007C
___fttol@f1            cstackCOMMON 0070
___fttol@lval          cstackCOMMON 0078
___fttol@sign1         cstackCOMMON 0077
__end_of___awdiv       text138      0561
__end_of___awmod       text137      051C
__end_of___awtoft      text134      06E1
__end_of___ftdiv       text134      0749
__end_of___ftmul       text134      07B8
__end_of___ftpack      text134      07F6
__end_of___fttol       text139      05BC
__end_of_main          maintext     06C6
__end_of_quetled       text141      04C7
__pcstackBANK0         cstackBANK0  0020
__pcstackCOMMON        cstackCOMMON 0070
__pdataBANK0           dataBANK0    004D
__pidataBANK0          idataBANK0   0000
__pmaintext            maintext     05C3
__ptext134             text134      06C6
__ptext135             text134      0749
__ptext136             text134      06E1
__ptext137             text137      04DF
__ptext138             text138      051C
__ptext139             text139      0561
__ptext140             text134      07B8
__ptext141             text141      04B6
__ptext142             text142      0000
__size_of___awdiv      (abs)        0000
__size_of___awmod      (abs)        0000
__size_of___awtoft     (abs)        0000
__size_of___ftdiv      (abs)        0000
__size_of___ftmul      (abs)        0000
__size_of___ftpack     (abs)        0000
__size_of___fttol      (abs)        0000
__size_of_main         (abs)        0000
__size_of_quetled      (abs)        0000
_exit                  init         0000
_main                  maintext     05C3
_main$2643             cstackBANK0  0046
_maled                 dataBANK0    004D
_quetled               text141      04B6
btemp                  (abs)        007E
end_of_initialization  cinit        04DB
intlevel0              functab      0000
intlevel1              functab      0000
intlevel2              functab      0000
intlevel3              functab      0000
intlevel4              functab      0000
intlevel5              functab      0000
l1040                                   
l2166                                   
l2179                                   
l2247                                   
l2903                                   
l2905                                   
l2907                                   
l2927                                   
l2929                                   
l2931                                   
l2933                                   
l2939                                   
l2941                                   
l2943                                   
l2945                                   
l2947                                   
l2955                                   
l2965                                   
l2971                                   
l2973                                   
l2977                                   
l2983                                   
l2987                                   
l2997                                   
l3001                                   
l3005                                   
l3009                                   
l3015                                   
l3017                                   
l3021                                   
l3041                                   
l3045                                   
l3051                                   
l3063                                   
l3065                                   
l3067                                   
l3069                                   
l3071                                   
l3073                                   
l3075                                   
l3077                                   
l3079                                   
l3085                                   
l3089                                   
l3091                                   
l3095                                   
l3109                                   
l3111                                   
l3113                                   
l3115                                   
l3117                                   
l3119                                   
l3121                                   
l3123                                   
l3131                                   
l3133                                   
l3135                                   
l3143                                   
l3145                                   
l3147                                   
l3151                                   
l3153                                   
l3157                                   
l3163                                   
l3165                                   
l3167                                   
l3169                                   
l3171                                   
l3173                                   
l3175                                   
l3177                                   
l3179                                   
l3181                                   
l3183                                   
l3185                                   
l3187                                   
l3189                                   
l3191                                   
l3193                                   
l3195                                   
l3197                                   
l3199                                   
l3203                                   
l3207                                   
l3209                                   
l3211                                   
l3213                                   
l3215                                   
l3217                                   
l3219                                   
main@adc               cstackBANK0  0048
main@chuc              cstackBANK0  0040
main@donvi             cstackBANK0  0042
main@res               cstackBANK0  004A
main@tram              cstackBANK0  0044
quetled@chuc_t         cstackCOMMON 0070
quetled@donvi_t        cstackCOMMON 0071
quetled@tram_t         cstackCOMMON 0072
reset_vec              reset_vec    0000
start                  init         0000
start_initialization   cinit        04C7
u520                                    
wtemp0                 (abs)        007E
