HI-TECH Software C Compiler 

Linker command line:

--edf=C:\Program Files (x86)\HI-TECH Software\PICC\9.83\dat\en_msgs.txt -cs \
  -h+BT01week14ttvxl.sym -z -Q16F887 -ol.obj -MBT01week14ttvxl.map -E1 \
  -ACONST=00h-0FFhx32 -ACODE=00h-07FFhx4 -ASTRCODE=00h-01FFFh \
  -AENTRY=00h-0FFhx32 -ASTRING=00h-0FFhx32 -ABANK0=020h-06Fh \
  -ABANK1=0A0h-0EFh -ABANK2=0110h-016Fh -ABANK3=0190h-01EFh \
  -ARAM=020h-06Fh,0A0h-0EFh,0110h-016Fh,0190h-01EFh \
  -AABS1=020h-07Fh,0A0h-0EFh,0110h-016Fh,0190h-01EFh -ACOMMON=070h-07Fh \
  -ASFR0=00h-01Fh -ASFR1=080h-09Fh -ASFR2=0100h-010Fh -ASFR3=0180h-018Fh \
  -preset_vec=00h,intentry=04h,init,end_init -ppowerup=CODE -pfunctab=CODE \
  -ACONFIG=02007h-02008h -pconfig=CONFIG -DCONFIG=2 -AIDLOC=02000h-02003h \
  -pidloc=IDLOC -DIDLOC=2 -AEEDATA=00h-0FFh/02100h -peeprom_data=EEDATA \
  -DEEDATA=2 -DCODE=2 -DSTRCODE=2 -DSTRING=2 -DCONST=2 -DENTRY=2 -k \
  startup.obj BT01week14ttvxl.obj 

Object code version is 3.10

Machine type is 16F887



                Name                               Link     Load   Length Selector   Space Scale
startup.obj     end_init                              C        C        3        8       0
                reset_vec                             0        0        3        0       0
BT01week14ttvxl.obj
                intentry                              4        4        8        8       0
                config                             2007     2007        1     400E       0
                text839                             7D2      7D2       22        8       0
                text835                            1664     1664       CB     2CC8       0
                text822                             C2D      C2D      3D3     185A       0
                text813                             A5C      A5C      1D1     14B8       0
                text812                             90A      90A      152     1214       0
                text810                             832      832       D8     1064       0
                text807                               F        F      7C3        8       0
                maintext                           172F     172F       D1     2E5E       0
                cstackBANK0                          20       20       43       20       1
                cstackCOMMON                         70       70        A       70       1
                cstackBANK1                          A0       A0       19       A0       1
                bssBANK0                             63       63        9       20       1
                bssCOMMON                            7A       7A        2       70       1
                cinit                               823      823        F     1046       0
                strings                            1000     1000       90     2000       0

TOTAL           Name                               Link     Load   Length     Space
        CLASS   CONST          

        CLASS   CODE           
                end_init                              C        C        3         0
                intentry                              4        4        8         0
                reset_vec                             0        0        3         0
                text839                             7D2      7D2       22         0
                text835                            1664     1664       CB         0
                text822                             C2D      C2D      3D3         0
                text813                             A5C      A5C      1D1         0
                text812                             90A      90A      152         0
                text810                             832      832       D8         0
                text807                               F        F      7C3         0
                maintext                           172F     172F       D1         0
                cinit                               823      823        F         0

        CLASS   STRCODE        

        CLASS   ENTRY          

        CLASS   STRING         
                strings                            1000     1000       90         0

        CLASS   BANK0          
                cstackBANK0                          20       20       43         1
                bssBANK0                             63       63        9         1

        CLASS   BANK1          
                cstackBANK1                          A0       A0       19         1

        CLASS   BANK2          

        CLASS   BANK3          

        CLASS   RAM            

        CLASS   ABS1           
                abs_s1                               7E       7E        2         1

        CLASS   COMMON         
                cstackCOMMON                         70       70        A         1
                bssCOMMON                            7A       7A        2         1

        CLASS   SFR0           

        CLASS   SFR1           

        CLASS   SFR2           

        CLASS   SFR3           

        CLASS   CONFIG         
                config                             2007     2007        1         0

        CLASS   IDLOC          

        CLASS   EEDATA         



SEGMENTS        Name                           Load    Length   Top    Selector   Space  Class     Delta

                reset_vec                      000000  000003  000003         0       0  CODE        2
                intentry                       000004  0007F0  0007F4         8       0  CODE        2
                cstackBANK0                    000020  00004C  00006C        20       1  BANK0       1
                cstackCOMMON                   000070  00000C  00007C        70       1  COMMON      1
                cstackBANK1                    0000A0  000019  0000B9        A0       1  BANK1       1
                cinit                          000823  00000F  000832      1046       0  CODE        2
                text810                        000832  0000D8  00090A      1064       0  CODE        2
                text812                        00090A  000152  000A5C      1214       0  CODE        2
                text813                        000A5C  0001D1  000C2D      14B8       0  CODE        2
                text822                        000C2D  0003D3  001000      185A       0  CODE        2
                strings                        001000  000090  001090      2000       0  STRING      2
                text835                        001664  0000CB  00172F      2CC8       0  CODE        2
                maintext                       00172F  0000D1  001800      2E5E       0  CODE        2
                config                         002007  000001  002008      400E       0  CONFIG      2


UNUSED ADDRESS RANGES

        Name                Unused          Largest block    Delta
        BANK0            006C-006F              4           1
        BANK1            00B9-00EF             37           1
        BANK2            0110-016F             60           1
        BANK3            0190-01EF             60           1
        CODE             0003-0003              1           2
                         07F4-0822              C
                         1090-1663            5D4
                         1800-1FFF            800
        COMMON           007C-007D              2           1
        CONFIG           2008-2008              1           2
        CONST            0003-0003              1           2
                         07F4-0822              C
                         1090-1663            100
                         1800-1FFF            100
        EEDATA           2100-21FF            100           2
        ENTRY            0003-0003              1           2
                         07F4-0822              C
                         1090-1663            100
                         1800-1FFF            100
        IDLOC            2000-2003              4           2
        RAM              006C-006F              4           1
                         00B9-00EF             37
                         0110-016F             60
                         0190-01EF             60
        SFR0             0000-001F             20           1
        SFR1             0080-009F             20           1
        SFR2             0100-010F             10           1
        SFR3             0180-018F             10           1
        STRCODE          0003-0003              1           2
                         07F4-0822             2F
                         1090-1663            5D4
                         1800-1FFF            800
        STRING           0003-0003              1           2
                         07F4-0822              C
                         1090-1663            100
                         1800-1FFF            100

                                  Symbol Table

??___altoft            cstackCOMMON 007A
??___awdiv             cstackCOMMON 0078
??___awmod             cstackCOMMON 0076
??___bmul              cstackCOMMON 0079
??___ftadd             cstackBANK0  004A
??___ftdiv             cstackBANK0  002C
??___ftge              cstackCOMMON 0078
??___ftmul             cstackBANK0  003B
??___ftneg             cstackCOMMON 0075
??___ftpack            cstackCOMMON 0077
??___ftsub             cstackCOMMON 007A
??___fttol             cstackBANK0  002C
??___lbdiv             cstackCOMMON 0078
??___lbmod             cstackCOMMON 0073
??___lldiv             cstackCOMMON 007A
??___llmod             cstackCOMMON 007A
??___lltoft            cstackCOMMON 007A
??___wmul              cstackCOMMON 0076
??__div_to_l_          cstackBANK0  0020
??__tdiv_to_l_         cstackBANK0  0020
??_fround              cstackCOMMON 007A
??_isdigit             cstackCOMMON 0072
??_isprint             cstackCOMMON 0072
??_lcd_busy            cstackCOMMON 0072
??_lcd_gotoxy          cstackCOMMON 0078
??_lcd_init            cstackCOMMON 0077
??_lcd_put_byte        cstackCOMMON 0073
??_lcd_putc            cstackCOMMON 007A
??_main                cstackCOMMON 007A
??_ngat                cstackCOMMON 0070
??_printf              cstackBANK0  005E
??_putch               cstackCOMMON 007A
??_pwm_10bit           cstackCOMMON 0078
??_scale               cstackBANK0  0047
?___altoft             cstackBANK0  0020
?___awdiv              cstackBANK0  0020
?___awmod              cstackCOMMON 0072
?___bmul               cstackCOMMON 0078
?___ftadd              cstackBANK0  0044
?___ftdiv              cstackBANK0  0026
?___ftge               cstackCOMMON 0072
?___ftmul              cstackBANK0  0035
?___ftneg              cstackCOMMON 0072
?___ftpack             cstackCOMMON 0072
?___ftsub              cstackBANK0  0050
?___fttol              cstackBANK0  0028
?___lbdiv              cstackCOMMON 0077
?___lbmod              cstackCOMMON 0072
?___lldiv              cstackCOMMON 0072
?___llmod              cstackBANK0  0025
?___lltoft             cstackBANK0  0020
?___wmul               cstackCOMMON 0072
?__div_to_l_           cstackCOMMON 0072
?__tdiv_to_l_          cstackCOMMON 0072
?_fround               cstackBANK0  0050
?_isdigit              cstackCOMMON 0070
?_isprint              cstackCOMMON 0070
?_lcd_busy             cstackCOMMON 0070
?_lcd_gotoxy           cstackCOMMON 0077
?_lcd_init             cstackCOMMON 0070
?_lcd_put_byte         cstackCOMMON 0072
?_lcd_putc             cstackCOMMON 0070
?_main                 cstackCOMMON 0070
?_ngat                 cstackCOMMON 0070
?_printf               cstackBANK0  005A
?_putch                cstackCOMMON 0070
?_pwm_10bit            cstackBANK0  0028
?_scale                cstackBANK0  0044
_ANSEL                 (abs)        0188
_ANSELH                (abs)        0189
_CCP1CON               (abs)        0017
_CCPR1L                (abs)        0015
_DC1B0                 (abs)        00BC
_DC1B1                 (abs)        00BD
_GIE                   (abs)        005F
_PEIE                  (abs)        005E
_PR2                   (abs)        0092
_PS0                   (abs)        0408
_PS1                   (abs)        0409
_PS2                   (abs)        040A
_PSA                   (abs)        040B
_RD1                   (abs)        0041
_RD2                   (abs)        0042
_RD3                   (abs)        0043
_RD4                   (abs)        0044
_RD5                   (abs)        0045
_RD6                   (abs)        0046
_RD7                   (abs)        0047
_RE0                   (abs)        0048
_T0CS                  (abs)        040D
_T0IE                  (abs)        005D
_T0IF                  (abs)        005A
_T1CKPS0               (abs)        0084
_T1CKPS1               (abs)        0085
_T1SYNC                (abs)        0082
_T2CKPS0               (abs)        0090
_T2CKPS1               (abs)        0091
_TMR0                  (abs)        0001
_TMR1                  (abs)        000E
_TMR1CS                (abs)        0081
_TMR1GE                (abs)        0086
_TMR1H                 (abs)        000F
_TMR1L                 (abs)        000E
_TMR1ON                (abs)        0080
_TMR2                  (abs)        0011
_TMR2ON                (abs)        0092
_TRISC2                (abs)        043A
_TRISD1                (abs)        0441
_TRISD2                (abs)        0442
_TRISD3                (abs)        0443
_TRISD4                (abs)        0444
_TRISD5                (abs)        0445
_TRISD6                (abs)        0446
_TRISD7                (abs)        0447
_TRISE0                (abs)        0448
__Habs1                abs1         0000
__Hbank0               bank0        0000
__Hbank1               bank1        0000
__Hbank2               bank2        0000
__Hbank3               bank3        0000
__HbssBANK0            bssBANK0     0000
__HbssCOMMON           bssCOMMON    0000
__Hcinit               cinit        0000
__Hclrtext             clrtext      0000
__Hcode                code         0000
__Hcommon              common       0000
__Hconfig              config       2008
__HcstackBANK0         cstackBANK0  0000
__HcstackBANK1         cstackBANK1  0000
__HcstackCOMMON        cstackCOMMON 0000
__Heeprom_data         eeprom_data  0000
__Hend_init            end_init     000F
__Hfunctab             functab      0000
__Hidloc               idloc        0000
__Hinit                init         000C
__Hintentry            intentry     000C
__Hmaintext            maintext     0000
__Hpa_nodes            pa_nodes     0000
__Hpowerup             powerup      0000
__Hram                 ram          0000
__Hreset_vec           reset_vec    0003
__Hsfr0                sfr0         0000
__Hsfr1                sfr1         0000
__Hsfr2                sfr2         0000
__Hsfr3                sfr3         0000
__Hstrings             strings      0000
__Htext                text         0000
__Labs1                abs1         0000
__Lbank0               bank0        0000
__Lbank1               bank1        0000
__Lbank2               bank2        0000
__Lbank3               bank3        0000
__LbssBANK0            bssBANK0     0000
__LbssCOMMON           bssCOMMON    0000
__Lcinit               cinit        0000
__Lclrtext             clrtext      0000
__Lcode                code         0000
__Lcommon              common       0000
__Lconfig              config       2007
__LcstackBANK0         cstackBANK0  0000
__LcstackBANK1         cstackBANK1  0000
__LcstackCOMMON        cstackCOMMON 0000
__Leeprom_data         eeprom_data  0000
__Lend_init            end_init     000C
__Lfunctab             functab      0000
__Lidloc               idloc        0000
__Linit                init         000C
__Lintentry            intentry     0004
__Lmaintext            maintext     0000
__Lpa_nodes            pa_nodes     0000
__Lpowerup             powerup      0000
__Lram                 ram          0000
__Lreset_vec           reset_vec    0000
__Lsfr0                sfr0         0000
__Lsfr1                sfr1         0000
__Lsfr2                sfr2         0000
__Lsfr3                sfr3         0000
__Lstrings             strings      0000
__Ltext                text         0000
__S0                   (abs)        2008
__S1                   (abs)        00B9
__S2                   (abs)        0000
___altoft              text822      0C41
___altoft@c            cstackBANK0  0020
___altoft@exp          cstackBANK0  0024
___altoft@sign         cstackBANK0  0025
___awdiv               text822      0E6A
___awdiv@counter       cstackBANK0  0024
___awdiv@dividend      cstackBANK0  0022
___awdiv@divisor       cstackBANK0  0020
___awdiv@quotient      cstackBANK0  0026
___awdiv@sign          cstackBANK0  0025
___awmod               text822      0EAF
___awmod@counter       cstackCOMMON 0076
___awmod@dividend      cstackCOMMON 0074
___awmod@divisor       cstackCOMMON 0072
___awmod@sign          cstackCOMMON 0077
___bmul                text822      0F5B
___bmul@multiplicand   cstackCOMMON 0078
___bmul@multiplier     cstackBANK0  0024
___bmul@product        cstackBANK0  0023
___ftadd               text810      0848
___ftadd@exp1          cstackBANK0  004F
___ftadd@exp2          cstackBANK0  004E
___ftadd@f1            cstackBANK0  0044
___ftadd@f2            cstackBANK0  0047
___ftadd@sign          cstackBANK0  004D
___ftdiv               text822      0C70
___ftdiv@cntr          cstackBANK0  002F
___ftdiv@exp           cstackBANK0  0033
___ftdiv@f1            cstackBANK0  0029
___ftdiv@f2            cstackBANK0  0026
___ftdiv@f3            cstackBANK0  0030
___ftdiv@sign          cstackBANK0  0034
___ftge                text807      05A6
___ftge@ff1            cstackCOMMON 0072
___ftge@ff2            cstackCOMMON 0075
___ftmul               text822      0EEC
___ftmul@cntr          cstackBANK0  0042
___ftmul@exp           cstackBANK0  003E
___ftmul@f1            cstackBANK0  0035
___ftmul@f2            cstackBANK0  0038
___ftmul@f3_as_product cstackBANK0  003F
___ftmul@sign          cstackBANK0  0043
___ftneg               text807      0715
___ftneg@f1            cstackCOMMON 0072
___ftpack              text822      0F69
___ftpack@arg          cstackCOMMON 0072
___ftpack@exp          cstackCOMMON 0075
___ftpack@sign         cstackCOMMON 0076
___ftsub               text810      0832
___ftsub@f1            cstackBANK0  0053
___ftsub@f2            cstackBANK0  0050
___fttol               text807      05F9
___fttol@exp1          cstackBANK0  0034
___fttol@f1            cstackBANK0  0028
___fttol@lval          cstackBANK0  0030
___fttol@sign1         cstackBANK0  002F
___lbdiv               text812      0A0F
___lbdiv@counter       cstackBANK0  0021
___lbdiv@dividend      cstackBANK0  0020
___lbdiv@divisor       cstackCOMMON 0077
___lbdiv@quotient      cstackBANK0  0022
___lbmod               text812      0A2A
___lbmod@counter       cstackCOMMON 0075
___lbmod@dividend      cstackCOMMON 0074
___lbmod@divisor       cstackCOMMON 0072
___lbmod@rem           cstackCOMMON 0076
___lldiv               text807      0654
___lldiv@counter       cstackBANK0  0024
___lldiv@dividend      cstackCOMMON 0076
___lldiv@divisor       cstackCOMMON 0072
___lldiv@quotient      cstackBANK0  0020
___llmod               text807      0568
___llmod@counter       cstackBANK0  002D
___llmod@dividend      cstackBANK0  0029
___llmod@divisor       cstackBANK0  0025
___lltoft              text807      07B2
___lltoft@c            cstackBANK0  0020
___lltoft@exp          cstackBANK0  0024
___wmul                text807      05E0
___wmul@multiplicand   cstackCOMMON 0074
___wmul@multiplier     cstackCOMMON 0072
___wmul@product        cstackCOMMON 0076
__div_to_l_            text835      1664
__div_to_l_@cntr       cstackBANK0  002C
__div_to_l_@exp1       cstackBANK0  002D
__div_to_l_@f1         cstackCOMMON 0072
__div_to_l_@f2         cstackCOMMON 0075
__div_to_l_@quot       cstackBANK0  0028
__end_of___altoft      text822      0C70
__end_of___awdiv       text822      0EAF
__end_of___awmod       text822      0EEC
__end_of___bmul        text822      0F69
__end_of___ftadd       text810      090A
__end_of___ftdiv       text822      0CD8
__end_of___ftge        text807      05D2
__end_of___ftmul       text822      0F5B
__end_of___ftneg       text807      071D
__end_of___ftpack      text822      0FA7
__end_of___ftsub       text810      0848
__end_of___fttol       text807      0654
__end_of___lbdiv       text812      0A2A
__end_of___lbmod       text812      0A46
__end_of___lldiv       text807      069D
__end_of___llmod       text807      05A6
__end_of___lltoft      text807      07D2
__end_of___wmul        text807      05F9
__end_of__div_to_l_    text835      1722
__end_of__tdiv_to_l_   text807      0715
__end_of_fround        text812      0A0F
__end_of_isdigit       text807      05E0
__end_of_isprint       text813      0C23
__end_of_lcd_busy      text813      0C15
__end_of_lcd_gotoxy    text813      0A74
__end_of_lcd_init      text813      0B5E
__end_of_lcd_put_byte  text813      0BEE
__end_of_lcd_putc      text813      0AA3
__end_of_main          maintext     1800
__end_of_ngat          text839      07F4
__end_of_printf        text807      0562
__end_of_putch         text807      0568
__end_of_pwm_10bit     text822      0C41
__end_of_scale         text822      0E6A
__npowers_             strings      1006
__pbssBANK0            bssBANK0     0063
__pbssCOMMON           bssCOMMON    007A
__pcstackBANK0         cstackBANK0  0020
__pcstackBANK1         cstackBANK1  00A0
__pcstackCOMMON        cstackCOMMON 0070
__pintentry            intentry     0004
__pmaintext            maintext     172F
__powers_              strings      102D
__pstrings             strings      1000
__ptext807             text807      000F
__ptext808             text807      0562
__ptext809             text813      0A74
__ptext810             text810      0832
__ptext811             text822      0CD8
__ptext812             text812      090A
__ptext813             text813      0A5C
__ptext814             text813      0AA3
__ptext815             text807      07B2
__ptext816             text822      0C41
__ptext817             text822      0EEC
__ptext818             text822      0C70
__ptext819             text810      0848
__ptext820             text813      0BEE
__ptext821             text813      0B5E
__ptext822             text822      0C2D
__ptext823             text822      0EAF
__ptext824             text807      0654
__ptext825             text807      05A6
__ptext826             text807      0715
__ptext827             text807      0568
__ptext828             text822      0E6A
__ptext829             text807      05F9
__ptext830             text822      0F69
__ptext831             text812      0A2A
__ptext832             text812      0A0F
__ptext833             text807      05E0
__ptext834             text822      0F5B
__ptext835             text835      1664
__ptext836             text807      069D
__ptext837             text807      05D2
__ptext838             text813      0C15
__ptext839             text839      07D2
__ptext840             text840      0000
__size_of___altoft     (abs)        0000
__size_of___awdiv      (abs)        0000
__size_of___awmod      (abs)        0000
__size_of___bmul       (abs)        0000
__size_of___ftadd      (abs)        0000
__size_of___ftdiv      (abs)        0000
__size_of___ftge       (abs)        0000
__size_of___ftmul      (abs)        0000
__size_of___ftneg      (abs)        0000
__size_of___ftpack     (abs)        0000
__size_of___ftsub      (abs)        0000
__size_of___fttol      (abs)        0000
__size_of___lbdiv      (abs)        0000
__size_of___lbmod      (abs)        0000
__size_of___lldiv      (abs)        0000
__size_of___llmod      (abs)        0000
__size_of___lltoft     (abs)        0000
__size_of___wmul       (abs)        0000
__size_of__div_to_l_   (abs)        0000
__size_of__tdiv_to_l_  (abs)        0000
__size_of_fround       (abs)        0000
__size_of_isdigit      (abs)        0000
__size_of_isprint      (abs)        0000
__size_of_lcd_busy     (abs)        0000
__size_of_lcd_gotoxy   (abs)        0000
__size_of_lcd_init     (abs)        0000
__size_of_lcd_put_byte (abs)        0000
__size_of_lcd_putc     (abs)        0000
__size_of_main         (abs)        0000
__size_of_ngat         (abs)        0000
__size_of_printf       (abs)        0000
__size_of_putch        (abs)        0000
__size_of_pwm_10bit    (abs)        0000
__size_of_scale        (abs)        0000
__tdiv_to_l_           text807      069D
__tdiv_to_l_@cntr      cstackBANK0  0027
__tdiv_to_l_@exp1      cstackBANK0  0028
__tdiv_to_l_@f1        cstackCOMMON 0072
__tdiv_to_l_@f2        cstackCOMMON 0075
__tdiv_to_l_@quot      cstackBANK0  0023
_dem                   bssCOMMON    007A
_dpowers               strings      1054
_exit                  init         000C
_fround                text812      090A
_fround$4120           cstackBANK0  0056
_fround$4121           cstackBANK0  0053
_isdigit               text807      05D2
_isdigit$3681          cstackCOMMON 0072
_isprint               text813      0C15
_isprint$3684          cstackCOMMON 0072
_lcd_busy              text813      0BEE
_lcd_gotoxy            text813      0A5C
_lcd_init              text813      0AA3
_lcd_put_byte          text813      0B5E
_lcd_putc              text813      0A74
_main                  maintext     172F
_ngat                  text839      07D2
_printf                text807      000F
_printf$3173           cstackBANK1  00A0
_putch                 text807      0562
_pwm_10bit             text822      0C2D
_pwm_t                 bssBANK0     0066
_scale                 text822      0CD8
_scale$4122            cstackBANK0  004B
_v                     bssBANK0     0063
_xung                  bssBANK0     0068
btemp                  (abs)        007E
end_of_initialization  cinit        082E
fround@prec            cstackBANK0  0059
i1l1068                                 
i1l6235                                 
i1l6239                                 
i1l6241                                 
i1l6245                                 
i1l6247                                 
i1l6249                                 
i1l6251                                 
interrupt_function     intentry     0004
intlevel0              functab      0000
intlevel1              functab      0000
intlevel2              functab      0000
intlevel3              functab      0000
intlevel4              functab      0000
intlevel5              functab      0000
isdigit@c              cstackCOMMON 0073
isprint@c              cstackCOMMON 0073
l1076                                   
l2132                                   
l2135                                   
l2143                                   
l2166                                   
l3295                                   
l3300                                   
l3310                                   
l3316                                   
l3346                                   
l3352                                   
l3396                                   
l3463                                   
l3473                                   
l3477                                   
l3492                                   
l3531                                   
l3545                                   
l3553                                   
l3561                                   
l3604                                   
l6267                                   
l6269                                   
l6327                                   
l6337                                   
l6339                                   
l6341                                   
l6343                                   
l6347                                   
l6351                                   
l6353                                   
l6361                                   
l6373                                   
l6381                                   
l6383                                   
l6389                                   
l6397                                   
l6399                                   
l6429                                   
l6431                                   
l6435                                   
l6437                                   
l6443                                   
l6475                                   
l6481                                   
l6483                                   
l6485                                   
l6487                                   
l6489                                   
l6497                                   
l6507                                   
l6577                                   
l6585                                   
l6595                                   
l6597                                   
l6605                                   
l6607                                   
l6617                                   
l6621                                   
l6625                                   
l6631                                   
l6633                                   
l6637                                   
l6657                                   
l6661                                   
l7571                                   
l7573                                   
l7583                                   
l7591                                   
l7593                                   
l7595                                   
l7597                                   
l7599                                   
l7603                                   
l7607                                   
l7611                                   
l7619                                   
l7631                                   
l7633                                   
l7635                                   
l7641                                   
l7645                                   
l7649                                   
l7655                                   
l7657                                   
l7677                                   
l7679                                   
l7681                                   
l7683                                   
l7685                                   
l7689                                   
l7695                                   
l7699                                   
l7709                                   
l7713                                   
l7717                                   
l7721                                   
l7727                                   
l7741                                   
l7747                                   
l7749                                   
l7751                                   
l7753                                   
l7759                                   
l7761                                   
l7763                                   
l7767                                   
l7769                                   
l7771                                   
l7779                                   
l7781                                   
l7783                                   
l7791                                   
l7793                                   
l7795                                   
l7797                                   
l7799                                   
l7801                                   
l7803                                   
l7805                                   
l7809                                   
l7811                                   
l7813                                   
l7823                                   
l7829                                   
l7835                                   
l7837                                   
l7841                                   
l7853                                   
l7863                                   
l7869                                   
l7873                                   
l7875                                   
l7879                                   
l7881                                   
l7887                                   
l7899                                   
l7901                                   
l7903                                   
l7905                                   
l7907                                   
l7909                                   
l7911                                   
l7913                                   
l7915                                   
l7921                                   
l7925                                   
l7927                                   
l7931                                   
l7945                                   
l7947                                   
l7949                                   
l7951                                   
l7953                                   
l7955                                   
l7957                                   
l7959                                   
l7967                                   
l7969                                   
l7971                                   
l7979                                   
l7981                                   
l7983                                   
l7987                                   
l7989                                   
l7991                                   
l8003                                   
l8013                                   
l8015                                   
l8017                                   
l8019                                   
l8021                                   
l8023                                   
l8051                                   
l8053                                   
l8059                                   
l8063                                   
l8067                                   
l8077                                   
l8085                                   
l8089                                   
l8125                                   
l8127                                   
l8131                                   
l8149                                   
l8151                                   
l8159                                   
l8171                                   
l8173                                   
l8179                                   
l8181                                   
l8185                                   
l8191                                   
l8205                                   
l8207                                   
l8211                                   
l8215                                   
l8219                                   
l8221                                   
l8223                                   
l8225                                   
l8227                                   
l8229                                   
l8235                                   
l8237                                   
l8267                                   
l8269                                   
l8271                                   
l8275                                   
l8289                                   
l8293                                   
l8307                                   
l8313                                   
l8327                                   
l8337                                   
l8345                                   
l8351                                   
l8353                                   
l8357                                   
l8377                                   
l8417                                   
l8423                                   
l8435                                   
l8437                                   
l8439                                   
l8441                                   
l8443                                   
l8445                                   
l8447                                   
l8449                                   
l8451                                   
l8453                                   
l8455                                   
l8457                                   
l8459                                   
l8461                                   
l8463                                   
l8465                                   
l8467                                   
l8469                                   
l8471                                   
l8473                                   
l8475                                   
l8477                                   
l8479                                   
l8481                                   
l8483                                   
l8485                                   
l8487                                   
l8489                                   
l8491                                   
l8493                                   
l8497                                   
l8507                                   
l8509                                   
l8511                                   
l8513                                   
lcd_busy@busy          cstackCOMMON 0073
lcd_gotoxy@address     cstackCOMMON 0079
lcd_gotoxy@col         cstackCOMMON 0078
lcd_gotoxy@row         cstackCOMMON 0077
lcd_put_byte@b         cstackCOMMON 0072
lcd_put_byte@rs        cstackCOMMON 0075
lcd_put_byte@temp      cstackCOMMON 0076
lcd_putc@c             cstackBANK0  0020
printf@_val            cstackBANK1  00A9
printf@ap              cstackBANK1  00A4
printf@c               cstackBANK1  00B8
printf@exp             cstackBANK1  00AF
printf@f               cstackBANK1  00A8
printf@flag            cstackBANK1  00AD
printf@fval            cstackBANK1  00B3
printf@integ           cstackBANK1  00A5
printf@prec            cstackBANK1  00B6
printf@width           cstackBANK1  00B1
putch@c                cstackBANK0  0021
pwm_10bit@pwm          cstackBANK0  0028
reset_vec              reset_vec    0000
saved_w                (abs)        007E
scale@scl              cstackBANK0  004E
start                  init         000C
start_initialization   cinit        0823
u2490                                   
u5260                                   
wtemp0                 (abs)        007E
