HI-TECH Software C Compiler 

Linker command line:

--edf=C:\Program Files (x86)\HI-TECH Software\PICC\9.83\dat\en_msgs.txt -cs \
  -h+BT03week15ttvxl.sym -z -Q16F887 -ol.obj -MBT03week15ttvxl.map -E1 \
  -ACONST=00h-0FFhx32 -ACODE=00h-07FFhx4 -ASTRCODE=00h-01FFFh \
  -AENTRY=00h-0FFhx32 -ASTRING=00h-0FFhx32 -ABANK0=020h-06Fh \
  -ABANK1=0A0h-0EFh -ABANK2=0110h-016Fh -ABANK3=0190h-01EFh \
  -ARAM=020h-06Fh,0A0h-0EFh,0110h-016Fh,0190h-01EFh \
  -AABS1=020h-07Fh,0A0h-0EFh,0110h-016Fh,0190h-01EFh -ACOMMON=070h-07Fh \
  -ASFR0=00h-01Fh -ASFR1=080h-09Fh -ASFR2=0100h-010Fh -ASFR3=0180h-018Fh \
  -preset_vec=00h,intentry,init,end_init -ppowerup=CODE -pfunctab=CODE \
  -ACONFIG=02007h-02008h -pconfig=CONFIG -DCONFIG=2 -AIDLOC=02000h-02003h \
  -pidloc=IDLOC -DIDLOC=2 -AEEDATA=00h-0FFh/02100h -peeprom_data=EEDATA \
  -DEEDATA=2 -DCODE=2 -DSTRCODE=2 -DSTRING=2 -DCONST=2 -DENTRY=2 -k \
  startup.obj BT03week15ttvxl.obj 

Object code version is 3.10

Machine type is 16F887



                Name                               Link     Load   Length Selector   Space Scale
startup.obj     end_init                              0        0        3        0       0
BT03week15ttvxl.obj
                config                             2007     2007        1     400E       0
                text34                              793      793       6D      F26       0
                maintext                            764      764       2F      EC8       0
                cstackCOMMON                         70       70        A       70       1
                bssCOMMON                            7C       7C        2       70       1
                cinit                               75E      75E        6      EBC       0
                nvCOMMON                             7A       7A        2       70       1

TOTAL           Name                               Link     Load   Length     Space
        CLASS   CONST          

        CLASS   CODE           
                end_init                              0        0        3         0
                text34                              793      793       6D         0
                maintext                            764      764       2F         0
                cinit                               75E      75E        6         0

        CLASS   STRCODE        

        CLASS   ENTRY          

        CLASS   STRING         

        CLASS   BANK0          

        CLASS   BANK1          

        CLASS   BANK2          

        CLASS   BANK3          

        CLASS   RAM            

        CLASS   ABS1           
                abs_s1                               7E       7E        2         1

        CLASS   COMMON         
                cstackCOMMON                         70       70        A         1
                bssCOMMON                            7C       7C        2         1
                nvCOMMON                             7A       7A        2         1

        CLASS   SFR0           

        CLASS   SFR1           

        CLASS   SFR2           

        CLASS   SFR3           

        CLASS   CONFIG         
                config                             2007     2007        1         0

        CLASS   IDLOC          

        CLASS   EEDATA         



SEGMENTS        Name                           Load    Length   Top    Selector   Space  Class     Delta

                reset_vec                      000000  000003  000003         0       0  CODE        2
                cstackCOMMON                   000070  00000E  00007E        70       1  COMMON      1
                cinit                          00075E  000006  000764       EBC       0  CODE        2
                maintext                       000764  00002F  000793       EC8       0  CODE        2
                text34                         000793  00006D  000800       F26       0  CODE        2
                config                         002007  000001  002008      400E       0  CONFIG      2


UNUSED ADDRESS RANGES

        Name                Unused          Largest block    Delta
        BANK0            0020-006F             50           1
        BANK1            00A0-00EF             50           1
        BANK2            0110-016F             60           1
        BANK3            0190-01EF             60           1
        CODE             0003-075D            75B           2
                         0800-1FFF            800
        CONFIG           2008-2008              1           2
        CONST            0003-075D            100           2
                         0800-1FFF            100
        EEDATA           2100-21FF            100           2
        ENTRY            0003-075D            100           2
                         0800-1FFF            100
        IDLOC            2000-2003              4           2
        RAM              0020-006F             50           1
                         00A0-00EF             50
                         0110-016F             60
                         0190-01EF             60
        SFR0             0000-001F             20           1
        SFR1             0080-009F             20           1
        SFR2             0100-010F             10           1
        SFR3             0180-018F             10           1
        STRCODE          0003-075D            75B           2
                         0800-1FFF           1800
        STRING           0003-075D            100           2
                         0800-1FFF            100

                                  Symbol Table

??___awdiv            cstackCOMMON 0074
??_main               cstackCOMMON 007A
??_pwm_10bit1         cstackCOMMON 007A
??_pwm_10bit2         cstackCOMMON 007A
?___awdiv             cstackCOMMON 0070
?_main                cstackCOMMON 0070
?_pwm_10bit1          cstackCOMMON 0078
?_pwm_10bit2          cstackCOMMON 0078
_ANSEL                (abs)        0188
_ANSELH               (abs)        0189
_CCP1CON              (abs)        0017
_CCP2CON              (abs)        001D
_CCPR1L               (abs)        0015
_CCPR2L               (abs)        001B
_DC1B0                (abs)        00BC
_DC1B1                (abs)        00BD
_DC2B0                (abs)        00EC
_DC2B1                (abs)        00ED
_PR2                  (abs)        0092
_T2CKPS0              (abs)        0090
_T2CKPS1              (abs)        0091
_TMR2                 (abs)        0011
_TMR2ON               (abs)        0092
_TRISC1               (abs)        0439
_TRISC2               (abs)        043A
__Habs1               abs1         0000
__Hbank0              bank0        0000
__Hbank1              bank1        0000
__Hbank2              bank2        0000
__Hbank3              bank3        0000
__HbssCOMMON          bssCOMMON    0000
__Hcinit              cinit        0000
__Hclrtext            clrtext      0000
__Hcode               code         0000
__Hcommon             common       0000
__Hconfig             config       2008
__HcstackCOMMON       cstackCOMMON 0000
__Heeprom_data        eeprom_data  0000
__Hend_init           end_init     0003
__Hfunctab            functab      0000
__Hidloc              idloc        0000
__Hinit               init         0000
__Hintentry           intentry     0000
__Hmaintext           maintext     0000
__HnvCOMMON           nvCOMMON     0000
__Hpa_nodes           pa_nodes     0000
__Hpowerup            powerup      0000
__Hram                ram          0000
__Hreset_vec          reset_vec    0000
__Hsfr0               sfr0         0000
__Hsfr1               sfr1         0000
__Hsfr2               sfr2         0000
__Hsfr3               sfr3         0000
__Hstrings            strings      0000
__Htext               text         0000
__Labs1               abs1         0000
__Lbank0              bank0        0000
__Lbank1              bank1        0000
__Lbank2              bank2        0000
__Lbank3              bank3        0000
__LbssCOMMON          bssCOMMON    0000
__Lcinit              cinit        0000
__Lclrtext            clrtext      0000
__Lcode               code         0000
__Lcommon             common       0000
__Lconfig             config       2007
__LcstackCOMMON       cstackCOMMON 0000
__Leeprom_data        eeprom_data  0000
__Lend_init           end_init     0000
__Lfunctab            functab      0000
__Lidloc              idloc        0000
__Linit               init         0000
__Lintentry           intentry     0000
__Lmaintext           maintext     0000
__LnvCOMMON           nvCOMMON     0000
__Lpa_nodes           pa_nodes     0000
__Lpowerup            powerup      0000
__Lram                ram          0000
__Lreset_vec          reset_vec    0000
__Lsfr0               sfr0         0000
__Lsfr1               sfr1         0000
__Lsfr2               sfr2         0000
__Lsfr3               sfr3         0000
__Lstrings            strings      0000
__Ltext               text         0000
__S0                  (abs)        2008
__S1                  (abs)        007E
__S2                  (abs)        0000
___awdiv              text34       07BB
___awdiv@counter      cstackCOMMON 0074
___awdiv@dividend     cstackCOMMON 0072
___awdiv@divisor      cstackCOMMON 0070
___awdiv@quotient     cstackCOMMON 0076
___awdiv@sign         cstackCOMMON 0075
__end_of___awdiv      text34       0800
__end_of_main         maintext     0793
__end_of_pwm_10bit1   text34       07BB
__end_of_pwm_10bit2   text34       07A7
__pbssCOMMON          bssCOMMON    007C
__pcstackCOMMON       cstackCOMMON 0070
__pmaintext           maintext     0764
__pnvCOMMON           nvCOMMON     007A
__ptext34             text34       0793
__ptext35             text34       07A7
__ptext36             text34       07BB
__ptext37             text37       0000
__size_of___awdiv     (abs)        0000
__size_of_main        (abs)        0000
__size_of_pwm_10bit1  (abs)        0000
__size_of_pwm_10bit2  (abs)        0000
_exit                 init         0000
_main                 maintext     0764
_pwm_10bit1           text34       07A7
_pwm_10bit2           text34       0793
_pwm_ccp1             nvCOMMON     007A
_pwm_ccp2             bssCOMMON    007C
btemp                 (abs)        007E
end_of_initialization cinit        0760
intlevel0             functab      0000
intlevel1             functab      0000
intlevel2             functab      0000
intlevel3             functab      0000
intlevel4             functab      0000
intlevel5             functab      0000
l2185                                  
l2427                                  
l2429                                  
l2433                                  
l2439                                  
l2443                                  
l2453                                  
l2457                                  
l2461                                  
l2465                                  
l2471                                  
l2473                                  
l2475                                  
l2477                                  
l2483                                  
l2485                                  
l2487                                  
l2489                                  
l2495                                  
l2497                                  
l2499                                  
l2501                                  
l2503                                  
l2505                                  
l2507                                  
l2509                                  
l2511                                  
l2513                                  
l2515                                  
l2517                                  
l2519                                  
pwm_10bit1@data_pwm   cstackCOMMON 0078
pwm_10bit2@data_pwm   cstackCOMMON 0078
reset_vec             reset_vec    0000
start                 init         0000
start_initialization  cinit        075E
wtemp0                (abs)        007E
