HI-TECH Software C Compiler 

Linker command line:

--edf=C:\Program Files (x86)\HI-TECH Software\PICC\9.83\dat\en_msgs.txt -cs \
  -h+BT05week12ttvxl.sym -z -Q16F887 -ol.obj -MBT05week12ttvxl.map -E1 \
  -ACONST=00h-0FFhx32 -ACODE=00h-07FFhx4 -ASTRCODE=00h-01FFFh \
  -AENTRY=00h-0FFhx32 -ASTRING=00h-0FFhx32 -ABANK0=020h-06Fh \
  -ABANK1=0A0h-0EFh -ABANK2=0110h-016Fh -ABANK3=0190h-01EFh \
  -ARAM=020h-06Fh,0A0h-0EFh,0110h-016Fh,0190h-01EFh \
  -AABS1=020h-07Fh,0A0h-0EFh,0110h-016Fh,0190h-01EFh -ACOMMON=070h-07Fh \
  -ASFR0=00h-01Fh -ASFR1=080h-09Fh -ASFR2=0100h-010Fh -ASFR3=0180h-018Fh \
  -preset_vec=00h,intentry=04h,init,end_init -ppowerup=CODE -pfunctab=CODE \
  -ACONFIG=02007h-02008h -pconfig=CONFIG -DCONFIG=2 -AIDLOC=02000h-02003h \
  -pidloc=IDLOC -DIDLOC=2 -AEEDATA=00h-0FFh/02100h -peeprom_data=EEDATA \
  -DEEDATA=2 -DCODE=2 -DSTRCODE=2 -DSTRING=2 -DCONST=2 -DENTRY=2 -k \
  startup.obj BT05week12ttvxl.obj 

Object code version is 3.10

Machine type is 16F887



                Name                               Link     Load   Length Selector   Space Scale
startup.obj     end_init                              C        C        3        8       0
                reset_vec                             0        0        3        0       0
BT05week12ttvxl.obj
                intentry                              4        4        8        8       0
                config                             2007     2007        1     400E       0
                text562                             79B      79B       17        8       0
                text561                             7C4      7C4        E        8       0
                text557                            1662     1662       CB     2CC4       0
                text539                             C8A      C8A      376     1914       0
                text537                             AB9      AB9      1D1     1572       0
                text536                             967      967      152     12CE       0
                text534                             88F      88F       D8     111E       0
                text531                               F        F      78C        8       0
                maintext                           172D     172D       D3     2E5A       0
                cstackBANK0                          20       20       42       20       1
                cstackCOMMON                         70       70        C       70       1
                cstackBANK1                          A0       A0       19       A0       1
                bssBANK0                             62       62        E       20       1
                cinit                               7B2      7B2       12        8       0
                strings                            1000     1000       90     2000       0

TOTAL           Name                               Link     Load   Length     Space
        CLASS   CONST          

        CLASS   CODE           
                end_init                              C        C        3         0
                intentry                              4        4        8         0
                reset_vec                             0        0        3         0
                text562                             79B      79B       17         0
                text561                             7C4      7C4        E         0
                text557                            1662     1662       CB         0
                text539                             C8A      C8A      376         0
                text537                             AB9      AB9      1D1         0
                text536                             967      967      152         0
                text534                             88F      88F       D8         0
                text531                               F        F      78C         0
                maintext                           172D     172D       D3         0
                cinit                               7B2      7B2       12         0

        CLASS   STRCODE        

        CLASS   ENTRY          

        CLASS   STRING         
                strings                            1000     1000       90         0

        CLASS   BANK0          
                cstackBANK0                          20       20       42         1
                bssBANK0                             62       62        E         1

        CLASS   BANK1          
                cstackBANK1                          A0       A0       19         1

        CLASS   BANK2          

        CLASS   BANK3          

        CLASS   RAM            

        CLASS   ABS1           
                abs_s1                               7E       7E        2         1

        CLASS   COMMON         
                cstackCOMMON                         70       70        C         1

        CLASS   SFR0           

        CLASS   SFR1           

        CLASS   SFR2           

        CLASS   SFR3           

        CLASS   CONFIG         
                config                             2007     2007        1         0

        CLASS   IDLOC          

        CLASS   EEDATA         



SEGMENTS        Name                           Load    Length   Top    Selector   Space  Class     Delta

                reset_vec                      000000  000003  000003         0       0  CODE        2
                intentry                       000004  0007CE  0007D2         8       0  CODE        2
                cstackBANK0                    000020  000050  000070        20       1  BANK0       1
                cstackCOMMON                   000070  00000C  00007C        70       1  COMMON      1
                cstackBANK1                    0000A0  000019  0000B9        A0       1  BANK1       1
                text534                        00088F  0000D8  000967      111E       0  CODE        2
                text536                        000967  000152  000AB9      12CE       0  CODE        2
                text537                        000AB9  0001D1  000C8A      1572       0  CODE        2
                text539                        000C8A  000376  001000      1914       0  CODE        2
                strings                        001000  000090  001090      2000       0  STRING      2
                text557                        001662  0000CB  00172D      2CC4       0  CODE        2
                maintext                       00172D  0000D3  001800      2E5A       0  CODE        2
                config                         002007  000001  002008      400E       0  CONFIG      2


UNUSED ADDRESS RANGES

        Name                Unused          Largest block    Delta
        BANK1            00B9-00EF             37           1
        BANK2            0110-016F             60           1
        BANK3            0190-01EF             60           1
        CODE             0003-0003              1           2
                         07D2-088E             2E
                         1090-1661            5D2
                         1800-1FFF            800
        COMMON           007C-007D              2           1
        CONFIG           2008-2008              1           2
        CONST            0003-0003              1           2
                         07D2-088E             2E
                         1090-1661            100
                         1800-1FFF            100
        EEDATA           2100-21FF            100           2
        ENTRY            0003-0003              1           2
                         07D2-088E             2E
                         1090-1661            100
                         1800-1FFF            100
        IDLOC            2000-2003              4           2
        RAM              00B9-00EF             37           1
                         0110-016F             60
                         0190-01EF             60
        SFR0             0000-001F             20           1
        SFR1             0080-009F             20           1
        SFR2             0100-010F             10           1
        SFR3             0180-018F             10           1
        STRCODE          0003-0003              1           2
                         07D2-088E             BD
                         1090-1661            5D2
                         1800-1FFF            800
        STRING           0003-0003              1           2
                         07D2-088E             2E
                         1090-1661            100
                         1800-1FFF            100

                                  Symbol Table

??___altoft            cstackCOMMON 007A
??___awdiv             cstackCOMMON 007C
??___awmod             cstackCOMMON 0076
??___bmul              cstackCOMMON 007C
??___ftadd             cstackBANK0  0046
??___ftge              cstackCOMMON 0078
??___ftmul             cstackBANK0  0037
??___ftneg             cstackCOMMON 0075
??___ftpack            cstackCOMMON 0077
??___ftsub             cstackCOMMON 007C
??___fttol             cstackBANK0  0028
??___lbdiv             cstackCOMMON 0078
??___lbmod             cstackCOMMON 0073
??___lldiv             cstackCOMMON 007A
??___llmod             cstackCOMMON 007A
??___lltoft            cstackCOMMON 007A
??___wmul              cstackCOMMON 0076
??__div_to_l_          cstackBANK0  0020
??__tdiv_to_l_         cstackCOMMON 0078
??_abs                 cstackCOMMON 0074
??_fround              cstackCOMMON 007C
??_isdigit             cstackCOMMON 0072
??_isprint             cstackCOMMON 0072
??_lcd_busy            cstackCOMMON 0072
??_lcd_gotoxy          cstackCOMMON 0078
??_lcd_init            cstackCOMMON 0077
??_lcd_put_byte        cstackCOMMON 0073
??_lcd_putc            cstackCOMMON 007A
??_main                cstackBANK0  005F
??_ngat                cstackCOMMON 0070
??_printf              cstackBANK0  005A
??_putch               cstackCOMMON 007B
??_scale               cstackBANK0  0043
?___altoft             cstackBANK0  0020
?___awdiv              cstackCOMMON 0078
?___awmod              cstackCOMMON 0072
?___bmul               cstackCOMMON 007B
?___ftadd              cstackBANK0  0040
?___ftge               cstackCOMMON 0072
?___ftmul              cstackBANK0  0031
?___ftneg              cstackCOMMON 0072
?___ftpack             cstackCOMMON 0072
?___ftsub              cstackBANK0  004C
?___fttol              cstackBANK0  0024
?___lbdiv              cstackCOMMON 0077
?___lbmod              cstackCOMMON 0072
?___lldiv              cstackCOMMON 0072
?___llmod              cstackBANK0  0025
?___lltoft             cstackBANK0  0020
?___wmul               cstackCOMMON 0072
?__div_to_l_           cstackCOMMON 0072
?__tdiv_to_l_          cstackCOMMON 0072
?_abs                  cstackCOMMON 0072
?_fround               cstackBANK0  004C
?_isdigit              cstackCOMMON 0070
?_isprint              cstackCOMMON 0070
?_lcd_busy             cstackCOMMON 0070
?_lcd_gotoxy           cstackCOMMON 0077
?_lcd_init             cstackCOMMON 0070
?_lcd_put_byte         cstackCOMMON 0072
?_lcd_putc             cstackCOMMON 0070
?_main                 cstackCOMMON 0070
?_ngat                 cstackCOMMON 0070
?_printf               cstackBANK0  0056
?_putch                cstackCOMMON 0070
?_scale                cstackBANK0  0040
_ANSEL                 (abs)        0188
_ANSELH                (abs)        0189
_CCP1CON               (abs)        0017
_CCP1IE                (abs)        0462
_CCP1IF                (abs)        0062
_CCP2CON               (abs)        001D
_CCP2IE                (abs)        0468
_CCP2IF                (abs)        0068
_CCPR1                 (abs)        0015
_CCPR2                 (abs)        001B
_GIE                   (abs)        005F
_PEIE                  (abs)        005E
_RD1                   (abs)        0041
_RD2                   (abs)        0042
_RD3                   (abs)        0043
_RD4                   (abs)        0044
_RD5                   (abs)        0045
_RD6                   (abs)        0046
_RD7                   (abs)        0047
_RE1                   (abs)        0049
_T1CKPS0               (abs)        0084
_T1CKPS1               (abs)        0085
_T1SYNC                (abs)        0082
_TMR1CS                (abs)        0081
_TMR1GE                (abs)        0086
_TMR1H                 (abs)        000F
_TMR1L                 (abs)        000E
_TMR1ON                (abs)        0080
_TRISA4                (abs)        042C
_TRISC1                (abs)        0439
_TRISC2                (abs)        043A
_TRISD                 (abs)        0088
_TRISD1                (abs)        0441
_TRISD2                (abs)        0442
_TRISD3                (abs)        0443
_TRISD4                (abs)        0444
_TRISD5                (abs)        0445
_TRISD6                (abs)        0446
_TRISD7                (abs)        0447
_TRISE0                (abs)        0448
_TRISE1                (abs)        0449
__Habs1                abs1         0000
__Hbank0               bank0        0000
__Hbank1               bank1        0000
__Hbank2               bank2        0000
__Hbank3               bank3        0000
__HbssBANK0            bssBANK0     0000
__Hcinit               cinit        0000
__Hclrtext             clrtext      0000
__Hcode                code         0000
__Hcommon              common       0000
__Hconfig              config       2008
__HcstackBANK0         cstackBANK0  0000
__HcstackBANK1         cstackBANK1  0000
__HcstackCOMMON        cstackCOMMON 0000
__Heeprom_data         eeprom_data  0000
__Hend_init            end_init     000F
__Hfunctab             functab      0000
__Hidloc               idloc        0000
__Hinit                init         000C
__Hintentry            intentry     000C
__Hmaintext            maintext     0000
__Hpa_nodes            pa_nodes     0000
__Hpowerup             powerup      0000
__Hram                 ram          0000
__Hreset_vec           reset_vec    0003
__Hsfr0                sfr0         0000
__Hsfr1                sfr1         0000
__Hsfr2                sfr2         0000
__Hsfr3                sfr3         0000
__Hstrings             strings      0000
__Htext                text         0000
__Labs1                abs1         0000
__Lbank0               bank0        0000
__Lbank1               bank1        0000
__Lbank2               bank2        0000
__Lbank3               bank3        0000
__LbssBANK0            bssBANK0     0000
__Lcinit               cinit        0000
__Lclrtext             clrtext      0000
__Lcode                code         0000
__Lcommon              common       0000
__Lconfig              config       2007
__LcstackBANK0         cstackBANK0  0000
__LcstackBANK1         cstackBANK1  0000
__LcstackCOMMON        cstackCOMMON 0000
__Leeprom_data         eeprom_data  0000
__Lend_init            end_init     000C
__Lfunctab             functab      0000
__Lidloc               idloc        0000
__Linit                init         000C
__Lintentry            intentry     0004
__Lmaintext            maintext     0000
__Lpa_nodes            pa_nodes     0000
__Lpowerup             powerup      0000
__Lram                 ram          0000
__Lreset_vec           reset_vec    0000
__Lsfr0                sfr0         0000
__Lsfr1                sfr1         0000
__Lsfr2                sfr2         0000
__Lsfr3                sfr3         0000
__Lstrings             strings      0000
__Ltext                text         0000
__S0                   (abs)        2008
__S1                   (abs)        00B9
__S2                   (abs)        0000
___altoft              text539      0CA8
___altoft@c            cstackBANK0  0020
___altoft@exp          cstackCOMMON 007A
___altoft@sign         cstackCOMMON 007B
___awdiv               text539      0E69
___awdiv@counter       cstackBANK0  0020
___awdiv@dividend      cstackCOMMON 007A
___awdiv@divisor       cstackCOMMON 0078
___awdiv@quotient      cstackBANK0  0022
___awdiv@sign          cstackBANK0  0021
___awmod               text539      0EAF
___awmod@counter       cstackCOMMON 0076
___awmod@dividend      cstackCOMMON 0074
___awmod@divisor       cstackCOMMON 0072
___awmod@sign          cstackCOMMON 0077
___bmul                text539      0F5B
___bmul@multiplicand   cstackCOMMON 007B
___bmul@multiplier     cstackBANK0  0021
___bmul@product        cstackBANK0  0020
___ftadd               text534      08A5
___ftadd@exp1          cstackBANK0  004B
___ftadd@exp2          cstackBANK0  004A
___ftadd@f1            cstackBANK0  0040
___ftadd@f2            cstackBANK0  0043
___ftadd@sign          cstackBANK0  0049
___ftge                text531      058F
___ftge@ff1            cstackCOMMON 0072
___ftge@ff2            cstackCOMMON 0075
___ftmul               text539      0EEC
___ftmul@cntr          cstackBANK0  003E
___ftmul@exp           cstackBANK0  003A
___ftmul@f1            cstackBANK0  0031
___ftmul@f2            cstackBANK0  0034
___ftmul@f3_as_product cstackBANK0  003B
___ftmul@sign          cstackBANK0  003F
___ftneg               text531      06FE
___ftneg@f1            cstackCOMMON 0072
___ftpack              text539      0F69
___ftpack@arg          cstackCOMMON 0072
___ftpack@exp          cstackCOMMON 0075
___ftpack@sign         cstackCOMMON 0076
___ftsub               text534      088F
___ftsub@f1            cstackBANK0  004F
___ftsub@f2            cstackBANK0  004C
___fttol               text531      05E2
___fttol@exp1          cstackBANK0  0030
___fttol@f1            cstackBANK0  0024
___fttol@lval          cstackBANK0  002C
___fttol@sign1         cstackBANK0  002B
___lbdiv               text536      0A6C
___lbdiv@counter       cstackCOMMON 0079
___lbdiv@dividend      cstackCOMMON 0078
___lbdiv@divisor       cstackCOMMON 0077
___lbdiv@quotient      cstackCOMMON 007A
___lbmod               text536      0A87
___lbmod@counter       cstackCOMMON 0075
___lbmod@dividend      cstackCOMMON 0074
___lbmod@divisor       cstackCOMMON 0072
___lbmod@rem           cstackCOMMON 0076
___lldiv               text531      063D
___lldiv@counter       cstackBANK0  0024
___lldiv@dividend      cstackCOMMON 0076
___lldiv@divisor       cstackCOMMON 0072
___lldiv@quotient      cstackBANK0  0020
___llmod               text531      0551
___llmod@counter       cstackCOMMON 007A
___llmod@dividend      cstackBANK0  0029
___llmod@divisor       cstackBANK0  0025
___lltoft              text539      0C8A
___lltoft@c            cstackBANK0  0020
___lltoft@exp          cstackCOMMON 007A
___wmul                text531      05C9
___wmul@multiplicand   cstackCOMMON 0074
___wmul@multiplier     cstackCOMMON 0072
___wmul@product        cstackCOMMON 0076
__div_to_l_            text557      1662
__div_to_l_@cntr       cstackBANK0  002C
__div_to_l_@exp1       cstackBANK0  002D
__div_to_l_@f1         cstackCOMMON 0072
__div_to_l_@f2         cstackCOMMON 0075
__div_to_l_@quot       cstackBANK0  0028
__end_of___altoft      text539      0CD7
__end_of___awdiv       text539      0EAF
__end_of___awmod       text539      0EEC
__end_of___bmul        text539      0F69
__end_of___ftadd       text534      0967
__end_of___ftge        text531      05BB
__end_of___ftmul       text539      0F5B
__end_of___ftneg       text531      0706
__end_of___ftpack      text539      0FA7
__end_of___ftsub       text534      08A5
__end_of___fttol       text531      063D
__end_of___lbdiv       text536      0A87
__end_of___lbmod       text536      0AA3
__end_of___lldiv       text531      0686
__end_of___llmod       text531      058F
__end_of___lltoft      text539      0CA8
__end_of___wmul        text531      05E2
__end_of__div_to_l_    text557      1720
__end_of__tdiv_to_l_   text531      06FE
__end_of_abs           text561      07D2
__end_of_fround        text536      0A6C
__end_of_isdigit       text531      05C9
__end_of_isprint       text537      0C80
__end_of_lcd_busy      text537      0C72
__end_of_lcd_gotoxy    text537      0AD1
__end_of_lcd_init      text537      0BBB
__end_of_lcd_put_byte  text537      0C4B
__end_of_lcd_putc      text537      0B00
__end_of_main          maintext     1800
__end_of_ngat          text562      07B2
__end_of_printf        text531      054D
__end_of_putch         text531      0551
__end_of_scale         text539      0E69
__npowers_             strings      1006
__pbssBANK0            bssBANK0     0062
__pcstackBANK0         cstackBANK0  0020
__pcstackBANK1         cstackBANK1  00A0
__pcstackCOMMON        cstackCOMMON 0070
__pintentry            intentry     0004
__pmaintext            maintext     172D
__powers_              strings      102D
__pstrings             strings      1000
__ptext531             text531      000F
__ptext532             text531      054D
__ptext533             text537      0AD1
__ptext534             text534      088F
__ptext535             text539      0CD7
__ptext536             text536      0967
__ptext537             text537      0AB9
__ptext538             text537      0B00
__ptext539             text539      0C8A
__ptext540             text539      0CA8
__ptext541             text539      0EEC
__ptext542             text534      08A5
__ptext543             text537      0C4B
__ptext544             text537      0BBB
__ptext545             text539      0EAF
__ptext546             text531      063D
__ptext547             text531      058F
__ptext548             text531      06FE
__ptext549             text531      0551
__ptext550             text539      0E69
__ptext551             text531      05E2
__ptext552             text539      0F69
__ptext553             text536      0A87
__ptext554             text536      0A6C
__ptext555             text531      05C9
__ptext556             text539      0F5B
__ptext557             text557      1662
__ptext558             text531      0686
__ptext559             text531      05BB
__ptext560             text537      0C72
__ptext561             text561      07C4
__ptext562             text562      079B
__ptext563             text563      0000
__size_of___altoft     (abs)        0000
__size_of___awdiv      (abs)        0000
__size_of___awmod      (abs)        0000
__size_of___bmul       (abs)        0000
__size_of___ftadd      (abs)        0000
__size_of___ftge       (abs)        0000
__size_of___ftmul      (abs)        0000
__size_of___ftneg      (abs)        0000
__size_of___ftpack     (abs)        0000
__size_of___ftsub      (abs)        0000
__size_of___fttol      (abs)        0000
__size_of___lbdiv      (abs)        0000
__size_of___lbmod      (abs)        0000
__size_of___lldiv      (abs)        0000
__size_of___llmod      (abs)        0000
__size_of___lltoft     (abs)        0000
__size_of___wmul       (abs)        0000
__size_of__div_to_l_   (abs)        0000
__size_of__tdiv_to_l_  (abs)        0000
__size_of_abs          (abs)        0000
__size_of_fround       (abs)        0000
__size_of_isdigit      (abs)        0000
__size_of_isprint      (abs)        0000
__size_of_lcd_busy     (abs)        0000
__size_of_lcd_gotoxy   (abs)        0000
__size_of_lcd_init     (abs)        0000
__size_of_lcd_put_byte (abs)        0000
__size_of_lcd_putc     (abs)        0000
__size_of_main         (abs)        0000
__size_of_ngat         (abs)        0000
__size_of_printf       (abs)        0000
__size_of_putch        (abs)        0000
__size_of_scale        (abs)        0000
__tdiv_to_l_           text531      0686
__tdiv_to_l_@cntr      cstackBANK0  0024
__tdiv_to_l_@exp1      cstackBANK0  0025
__tdiv_to_l_@f1        cstackCOMMON 0072
__tdiv_to_l_@f2        cstackCOMMON 0075
__tdiv_to_l_@quot      cstackBANK0  0020
_abs                   text561      07C4
_count1                bssBANK0     0069
_count2                bssBANK0     006B
_d                     bssBANK0     0066
_dpowers               strings      1054
_exit                  init         000C
_fround                text536      0967
_fround$4122           cstackBANK0  0052
_fround$4123           cstackBANK0  004F
_isdigit               text531      05BB
_isdigit$3685          cstackCOMMON 0072
_isprint               text537      0C72
_isprint$3688          cstackCOMMON 0072
_lcd_busy              text537      0C4B
_lcd_gotoxy            text537      0AB9
_lcd_init              text537      0B00
_lcd_put_byte          text537      0BBB
_lcd_putc              text537      0AD1
_main                  maintext     172D
_ngat                  text562      079B
_printf                text531      000F
_printf$3175           cstackBANK1  00A0
_putch                 text531      054D
_scale                 text539      0CD7
_scale$4124            cstackBANK0  0047
_t                     bssBANK0     006D
_xung                  bssBANK0     0062
abs@a                  cstackCOMMON 0072
btemp                  (abs)        007E
end_of_initialization  cinit        07C0
fround@prec            cstackBANK0  0055
i1l1076                                 
i1l6127                                 
i1l6137                                 
interrupt_function     intentry     0004
intlevel0              functab      0000
intlevel1              functab      0000
intlevel2              functab      0000
intlevel3              functab      0000
intlevel4              functab      0000
intlevel5              functab      0000
isdigit@c              cstackCOMMON 0073
isprint@c              cstackCOMMON 0073
l1071                                   
l2132                                   
l2135                                   
l2143                                   
l2166                                   
l3297                                   
l3302                                   
l3312                                   
l3318                                   
l3348                                   
l3354                                   
l3398                                   
l3465                                   
l3475                                   
l3479                                   
l3494                                   
l3533                                   
l3547                                   
l3555                                   
l3563                                   
l3606                                   
l6121                                   
l6139                                   
l6141                                   
l6151                                   
l6153                                   
l6163                                   
l6171                                   
l6173                                   
l6175                                   
l6177                                   
l6179                                   
l6183                                   
l6187                                   
l6191                                   
l6199                                   
l6211                                   
l6221                                   
l6223                                   
l6225                                   
l6227                                   
l6231                                   
l6235                                   
l6237                                   
l6245                                   
l6257                                   
l6265                                   
l6267                                   
l6273                                   
l6281                                   
l6283                                   
l6289                                   
l6291                                   
l6293                                   
l6299                                   
l6303                                   
l6307                                   
l6313                                   
l6315                                   
l6319                                   
l6321                                   
l6327                                   
l6331                                   
l6333                                   
l6353                                   
l6355                                   
l6357                                   
l6359                                   
l6365                                   
l6367                                   
l6369                                   
l6371                                   
l6373                                   
l6381                                   
l6391                                   
l6397                                   
l6399                                   
l6403                                   
l6409                                   
l6413                                   
l6423                                   
l6427                                   
l6431                                   
l6435                                   
l6441                                   
l6455                                   
l6461                                   
l6469                                   
l6479                                   
l6481                                   
l6489                                   
l6491                                   
l6501                                   
l6505                                   
l6509                                   
l6515                                   
l6517                                   
l6521                                   
l6541                                   
l6545                                   
l6551                                   
l6553                                   
l6555                                   
l6559                                   
l6561                                   
l6563                                   
l6571                                   
l6573                                   
l6575                                   
l6583                                   
l6585                                   
l6587                                   
l6589                                   
l6591                                   
l6593                                   
l6595                                   
l6597                                   
l6601                                   
l6603                                   
l6605                                   
l6615                                   
l6621                                   
l6627                                   
l6629                                   
l6633                                   
l6645                                   
l6655                                   
l6661                                   
l6665                                   
l6667                                   
l6671                                   
l6673                                   
l6679                                   
l6693                                   
l6695                                   
l6697                                   
l6699                                   
l6701                                   
l6703                                   
l6705                                   
l6707                                   
l6715                                   
l6717                                   
l6719                                   
l6727                                   
l6729                                   
l6731                                   
l6735                                   
l6737                                   
l6739                                   
l6751                                   
l6761                                   
l6763                                   
l6765                                   
l6767                                   
l6769                                   
l6771                                   
l6799                                   
l6801                                   
l6807                                   
l6811                                   
l6815                                   
l6825                                   
l6833                                   
l6837                                   
l6873                                   
l6875                                   
l6879                                   
l6897                                   
l6899                                   
l6907                                   
l6919                                   
l6921                                   
l6927                                   
l6929                                   
l6933                                   
l6939                                   
l6955                                   
l6957                                   
l6961                                   
l6965                                   
l6969                                   
l6971                                   
l6973                                   
l6975                                   
l6977                                   
l6979                                   
l6985                                   
l6987                                   
l7017                                   
l7019                                   
l7021                                   
l7025                                   
l7039                                   
l7043                                   
l7057                                   
l7063                                   
l7077                                   
l7087                                   
l7095                                   
l7101                                   
l7103                                   
l7121                                   
l7161                                   
l7167                                   
l7179                                   
l7181                                   
l7183                                   
l7185                                   
l7187                                   
l7189                                   
l7191                                   
l7193                                   
l7195                                   
l7197                                   
l7199                                   
l7201                                   
l7203                                   
l7205                                   
l7207                                   
l7209                                   
l7211                                   
l7213                                   
l7215                                   
l7217                                   
l7219                                   
l7221                                   
l7223                                   
l7225                                   
l7227                                   
l7231                                   
l7233                                   
l7235                                   
l7237                                   
l7239                                   
lcd_busy@busy          cstackCOMMON 0073
lcd_gotoxy@address     cstackCOMMON 0079
lcd_gotoxy@col         cstackCOMMON 0078
lcd_gotoxy@row         cstackCOMMON 0077
lcd_put_byte@b         cstackCOMMON 0072
lcd_put_byte@rs        cstackCOMMON 0075
lcd_put_byte@temp      cstackCOMMON 0076
lcd_putc@c             cstackCOMMON 007A
printf@_val            cstackBANK1  00A8
printf@ap              cstackBANK1  00A4
printf@c               cstackBANK1  00B8
printf@exp             cstackBANK1  00AF
printf@f               cstackBANK1  00AC
printf@flag            cstackBANK1  00AD
printf@fval            cstackBANK1  00B3
printf@integ           cstackBANK1  00A5
printf@prec            cstackBANK1  00B6
printf@width           cstackBANK1  00B1
putch@c                cstackCOMMON 007B
reset_vec              reset_vec    0000
saved_w                (abs)        007E
scale@scl              cstackBANK0  004A
start                  init         000C
start_initialization   cinit        07B2
u2420                                   
u3510                                   
wtemp0                 (abs)        007E
