HI-TECH Software C Compiler 

Linker command line:

--edf=C:\Program Files (x86)\HI-TECH Software\PICC\9.83\dat\en_msgs.txt -cs \
  -h+ttvxlweek10.sym -z -Q16F887 -ol.obj -Mttvxlweek10.map -E1 \
  -ACONST=00h-0FFhx32 -ACODE=00h-07FFhx4 -ASTRCODE=00h-01FFFh \
  -AENTRY=00h-0FFhx32 -ASTRING=00h-0FFhx32 -ABANK0=020h-06Fh \
  -ABANK1=0A0h-0EFh -ABANK2=0110h-016Fh -ABANK3=0190h-01EFh \
  -ARAM=020h-06Fh,0A0h-0EFh,0110h-016Fh,0190h-01EFh \
  -AABS1=020h-07Fh,0A0h-0EFh,0110h-016Fh,0190h-01EFh -ACOMMON=070h-07Fh \
  -ASFR0=00h-01Fh -ASFR1=080h-09Fh -ASFR2=0100h-010Fh -ASFR3=0180h-018Fh \
  -preset_vec=00h,intentry=04h,init,end_init -ppowerup=CODE -pfunctab=CODE \
  -ACONFIG=02007h-02008h -pconfig=CONFIG -DCONFIG=2 -AIDLOC=02000h-02003h \
  -pidloc=IDLOC -DIDLOC=2 -AEEDATA=00h-0FFh/02100h -peeprom_data=EEDATA \
  -DEEDATA=2 -DCODE=2 -DSTRCODE=2 -DSTRING=2 -DCONST=2 -DENTRY=2 -k \
  startup.obj ttvxlweek10.obj 

Object code version is 3.10

Machine type is 16F887



                Name                               Link     Load   Length Selector   Space Scale
startup.obj     end_init                              C        C        3        8       0
                reset_vec                             0        0        3        0       0
ttvxlweek10.obj intentry                              4        4        8        8       0
                config                             2007     2007        1     400E       0
                text108                              9E       9E       16        8       0
                text107                              B4       B4        E        8       0
                text106                              6A       6A       1B        8       0
                text105                              40       40       2A        8       0
                maintext                              F        F       31        8       0
                cstackCOMMON                         70       70        9       70       1
                dataBANK0                            20       20        A       20       1
                bssCOMMON                            79       79        1       70       1
                cinit                                85       85       19        8       0

TOTAL           Name                               Link     Load   Length     Space
        CLASS   CONST          

        CLASS   CODE           
                end_init                              C        C        3         0
                intentry                              4        4        8         0
                reset_vec                             0        0        3         0
                text108                              9E       9E       16         0
                text107                              B4       B4        E         0
                text106                              6A       6A       1B         0
                text105                              40       40       2A         0
                maintext                              F        F       31         0
                cinit                                85       85       19         0

        CLASS   STRCODE        

        CLASS   ENTRY          

        CLASS   STRING         

        CLASS   BANK0          
                dataBANK0                            20       20        A         1

        CLASS   BANK1          

        CLASS   BANK2          

        CLASS   BANK3          

        CLASS   RAM            

        CLASS   ABS1           
                abs_s1                               7E       7E        2         1

        CLASS   COMMON         
                cstackCOMMON                         70       70        9         1
                bssCOMMON                            79       79        1         1

        CLASS   SFR0           

        CLASS   SFR1           

        CLASS   SFR2           

        CLASS   SFR3           

        CLASS   CONFIG         
                config                             2007     2007        1         0

        CLASS   IDLOC          

        CLASS   EEDATA         



SEGMENTS        Name                           Load    Length   Top    Selector   Space  Class     Delta

                reset_vec                      000000  000003  000003         0       0  CODE        2
                intentry                       000004  0000BE  0000C2         8       0  CODE        2
                dataBANK0                      000020  00000A  00002A        20       1  BANK0       1
                cstackCOMMON                   000070  00000A  00007A        70       1  COMMON      1
                config                         002007  000001  002008      400E       0  CONFIG      2


UNUSED ADDRESS RANGES

        Name                Unused          Largest block    Delta
        BANK0            002A-006F             46           1
        BANK1            00A0-00EF             50           1
        BANK2            0110-016F             60           1
        BANK3            0190-01EF             60           1
        CODE             0003-0003              1           2
                         00C2-1FFF            800
        COMMON           007A-007D              4           1
        CONFIG           2008-2008              1           2
        CONST            0003-0003              1           2
                         00C2-1FFF            100
        EEDATA           2100-21FF            100           2
        ENTRY            0003-0003              1           2
                         00C2-1FFF            100
        IDLOC            2000-2003              4           2
        RAM              002A-006F             46           1
                         00A0-00EF             50
                         0110-016F             60
                         0190-01EF             60
        SFR0             0000-001F             20           1
        SFR1             0080-009F             20           1
        SFR2             0100-010F             10           1
        SFR3             0180-018F             10           1
        STRCODE          0003-0003              1           2
                         00C2-1FFF           1F3E
        STRING           0003-0003              1           2
                         00C2-1FFF            100

                                  Symbol Table

??___bmul             cstackCOMMON 0073
??___lbdiv            cstackCOMMON 0073
??_button             cstackCOMMON 0070
??_main               cstackCOMMON 0076
??_quetled            cstackCOMMON 0073
?___bmul              cstackCOMMON 0072
?___lbdiv             cstackCOMMON 0072
?_button              cstackCOMMON 0070
?_main                cstackCOMMON 0070
?_quetled             cstackCOMMON 0072
_ANSEL                (abs)        0188
_ANSELH               (abs)        0189
_GIE                  (abs)        005F
_IOCB                 (abs)        0096
_PORTD                (abs)        0008
_RB0                  (abs)        0030
_RB1                  (abs)        0031
_RBIE                 (abs)        005B
_RBIF                 (abs)        0058
_RE0                  (abs)        0048
_RE1                  (abs)        0049
_TRISB0               (abs)        0430
_TRISB1               (abs)        0431
_TRISD                (abs)        0088
_TRISE0               (abs)        0448
_TRISE1               (abs)        0449
_WPUB                 (abs)        0095
__Habs1               abs1         0000
__Hbank0              bank0        0000
__Hbank1              bank1        0000
__Hbank2              bank2        0000
__Hbank3              bank3        0000
__HbssCOMMON          bssCOMMON    0000
__Hcinit              cinit        0000
__Hclrtext            clrtext      0000
__Hcode               code         0000
__Hcommon             common       0000
__Hconfig             config       2008
__HcstackCOMMON       cstackCOMMON 0000
__HdataBANK0          dataBANK0    0000
__Heeprom_data        eeprom_data  0000
__Hend_init           end_init     000F
__Hfunctab            functab      0000
__HidataBANK0         idataBANK0   0000
__Hidloc              idloc        0000
__Hinit               init         000C
__Hintentry           intentry     000C
__Hmaintext           maintext     0000
__Hpa_nodes           pa_nodes     0000
__Hpowerup            powerup      0000
__Hram                ram          0000
__Hreset_vec          reset_vec    0003
__Hsfr0               sfr0         0000
__Hsfr1               sfr1         0000
__Hsfr2               sfr2         0000
__Hsfr3               sfr3         0000
__Hstrings            strings      0000
__Htext               text         0000
__Labs1               abs1         0000
__Lbank0              bank0        0000
__Lbank1              bank1        0000
__Lbank2              bank2        0000
__Lbank3              bank3        0000
__LbssCOMMON          bssCOMMON    0000
__Lcinit              cinit        0000
__Lclrtext            clrtext      0000
__Lcode               code         0000
__Lcommon             common       0000
__Lconfig             config       2007
__LcstackCOMMON       cstackCOMMON 0000
__LdataBANK0          dataBANK0    0000
__Leeprom_data        eeprom_data  0000
__Lend_init           end_init     000C
__Lfunctab            functab      0000
__LidataBANK0         idataBANK0   0000
__Lidloc              idloc        0000
__Linit               init         000C
__Lintentry           intentry     0004
__Lmaintext           maintext     0000
__Lpa_nodes           pa_nodes     0000
__Lpowerup            powerup      0000
__Lram                ram          0000
__Lreset_vec          reset_vec    0000
__Lsfr0               sfr0         0000
__Lsfr1               sfr1         0000
__Lsfr2               sfr2         0000
__Lsfr3               sfr3         0000
__Lstrings            strings      0000
__Ltext               text         0000
__S0                  (abs)        2008
__S1                  (abs)        007A
__S2                  (abs)        0000
___bmul               text107      00B4
___bmul@multiplicand  cstackCOMMON 0072
___bmul@multiplier    cstackCOMMON 0074
___bmul@product       cstackCOMMON 0073
___lbdiv              text106      006A
___lbdiv@counter      cstackCOMMON 0074
___lbdiv@dividend     cstackCOMMON 0073
___lbdiv@divisor      cstackCOMMON 0072
___lbdiv@quotient     cstackCOMMON 0075
__end_of___bmul       text107      00C2
__end_of___lbdiv      text106      0085
__end_of_button       text108      00B4
__end_of_main         maintext     0040
__end_of_quetled      text105      0064
__pbssCOMMON          bssCOMMON    0079
__pcstackCOMMON       cstackCOMMON 0070
__pdataBANK0          dataBANK0    0020
__pidataBANK0         idataBANK0   0000
__pintentry           intentry     0004
__pmaintext           maintext     000F
__ptext105            text105      0040
__ptext106            text106      006A
__ptext107            text107      00B4
__ptext108            text108      009E
__ptext109            text109      0000
__size_of___bmul      (abs)        0000
__size_of___lbdiv     (abs)        0000
__size_of_button      (abs)        0000
__size_of_main        (abs)        0000
__size_of_quetled     (abs)        0000
_button               text108      009E
_dem                  bssCOMMON    0079
_exit                 init         000C
_main                 maintext     000F
_maled                dataBANK0    0020
_nRBPU                (abs)        040F
_quetled              text105      0040
btemp                 (abs)        007E
end_of_initialization cinit        009A
i1l1052                                
i1l2433                                
interrupt_function    intentry     0004
intlevel0             functab      0000
intlevel1             functab      0000
intlevel2             functab      0000
intlevel3             functab      0000
intlevel4             functab      0000
intlevel5             functab      0000
l1039                                  
l2038                                  
l2074                                  
l2447                                  
l2455                                  
l2457                                  
l2463                                  
l2465                                  
l2467                                  
l2473                                  
l2477                                  
l2481                                  
l2529                                  
l2531                                  
l2533                                  
l2535                                  
l2537                                  
l2539                                  
l2541                                  
l2543                                  
l2545                                  
l2547                                  
l2549                                  
l2551                                  
l2553                                  
l2555                                  
l2557                                  
l2559                                  
l2563                                  
l2565                                  
main@chuc             cstackCOMMON 0078
main@donvi            cstackCOMMON 0077
quetled@chuc_t        cstackCOMMON 0075
quetled@donvi_t       cstackCOMMON 0072
reset_vec             reset_vec    0000
saved_w               (abs)        007E
start                 init         000C
start_initialization  cinit        0085
wtemp0                (abs)        007E
