HI-TECH Software C Compiler 

Linker command line:

--edf=C:\Program Files (x86)\HI-TECH Software\PICC\9.83\dat\en_msgs.txt -cs \
  -h+BT04week12ttvxl.sym -z -Q16F887 -ol.obj -MBT04week12ttvxl.map -E1 \
  -ACONST=00h-0FFhx32 -ACODE=00h-07FFhx4 -ASTRCODE=00h-01FFFh \
  -AENTRY=00h-0FFhx32 -ASTRING=00h-0FFhx32 -ABANK0=020h-06Fh \
  -ABANK1=0A0h-0EFh -ABANK2=0110h-016Fh -ABANK3=0190h-01EFh \
  -ARAM=020h-06Fh,0A0h-0EFh,0110h-016Fh,0190h-01EFh \
  -AABS1=020h-07Fh,0A0h-0EFh,0110h-016Fh,0190h-01EFh -ACOMMON=070h-07Fh \
  -ASFR0=00h-01Fh -ASFR1=080h-09Fh -ASFR2=0100h-010Fh -ASFR3=0180h-018Fh \
  -preset_vec=00h,intentry=04h,init,end_init -ppowerup=CODE -pfunctab=CODE \
  -ACONFIG=02007h-02008h -pconfig=CONFIG -DCONFIG=2 -AIDLOC=02000h-02003h \
  -pidloc=IDLOC -DIDLOC=2 -AEEDATA=00h-0FFh/02100h -peeprom_data=EEDATA \
  -DEEDATA=2 -DCODE=2 -DSTRCODE=2 -DSTRING=2 -DCONST=2 -DENTRY=2 -k \
  startup.obj BT04week12ttvxl.obj 

Object code version is 3.10

Machine type is 16F887



                Name                               Link     Load   Length Selector   Space Scale
startup.obj     end_init                              C        C        3        8       0
                reset_vec                             0        0        3        0       0
BT04week12ttvxl.obj
                intentry                              4        4        8        8       0
                config                             2007     2007        1     400E       0
                text788                            1671     1671       32     2CE2       0
                text784                            1734     1734       CC     2E68       0
                text766                               F        F      3BF        8       0
                text763                             3CE      3CE      1D8        8       0
                text762                             5A6      5A6      152        8       0
                text760                             6F8      6F8       D8        8       0
                text757                             806      806      7FA     100C       0
                maintext                           16A3     16A3       91     2D46       0
                cstackBANK0                          20       20       49       20       1
                cstackCOMMON                         70       70        6       70       1
                cstackBANK1                          A0       A0       19       A0       1
                bssBANK1                             B9       B9        3       A0       1
                bssBANK0                             69       69        7       20       1
                bssCOMMON                            76       76        2       70       1
                cinit                               7D0      7D0       11        8       0
                strings                            1000     1000       90     2000       0

TOTAL           Name                               Link     Load   Length     Space
        CLASS   CONST          

        CLASS   CODE           
                end_init                              C        C        3         0
                intentry                              4        4        8         0
                reset_vec                             0        0        3         0
                text788                            1671     1671       32         0
                text784                            1734     1734       CC         0
                text766                               F        F      3BF         0
                text763                             3CE      3CE      1D8         0
                text762                             5A6      5A6      152         0
                text760                             6F8      6F8       D8         0
                text757                             806      806      7FA         0
                maintext                           16A3     16A3       91         0
                cinit                               7D0      7D0       11         0

        CLASS   STRCODE        

        CLASS   ENTRY          

        CLASS   STRING         
                strings                            1000     1000       90         0

        CLASS   BANK0          
                cstackBANK0                          20       20       49         1
                bssBANK0                             69       69        7         1

        CLASS   BANK1          
                cstackBANK1                          A0       A0       19         1
                bssBANK1                             B9       B9        3         1

        CLASS   BANK2          

        CLASS   BANK3          

        CLASS   RAM            

        CLASS   ABS1           
                abs_s1                               7E       7E        2         1

        CLASS   COMMON         
                cstackCOMMON                         70       70        6         1
                bssCOMMON                            76       76        2         1

        CLASS   SFR0           

        CLASS   SFR1           

        CLASS   SFR2           

        CLASS   SFR3           

        CLASS   CONFIG         
                config                             2007     2007        1         0

        CLASS   IDLOC          

        CLASS   EEDATA         



SEGMENTS        Name                           Load    Length   Top    Selector   Space  Class     Delta

                reset_vec                      000000  000003  000003         0       0  CODE        2
                intentry                       000004  0007DD  0007E1         8       0  CODE        2
                cstackBANK0                    000020  000050  000070        20       1  BANK0       1
                cstackCOMMON                   000070  000008  000078        70       1  COMMON      1
                cstackBANK1                    0000A0  00001C  0000BC        A0       1  BANK1       1
                text757                        000806  0007FA  001000      100C       0  CODE        2
                strings                        001000  000090  001090      2000       0  STRING      2
                text788                        001671  000032  0016A3      2CE2       0  CODE        2
                maintext                       0016A3  000091  001734      2D46       0  CODE        2
                text784                        001734  0000CC  001800      2E68       0  CODE        2
                config                         002007  000001  002008      400E       0  CONFIG      2


UNUSED ADDRESS RANGES

        Name                Unused          Largest block    Delta
        BANK1            00BC-00EF             34           1
        BANK2            0110-016F             60           1
        BANK3            0190-01EF             60           1
        CODE             0003-0003              1           2
                         07E1-0805             1F
                         1090-1670            5E1
                         1800-1FFF            800
        COMMON           0078-007D              6           1
        CONFIG           2008-2008              1           2
        CONST            0003-0003              1           2
                         07E1-0805             1F
                         1090-1670            100
                         1800-1FFF            100
        EEDATA           2100-21FF            100           2
        ENTRY            0003-0003              1           2
                         07E1-0805             1F
                         1090-1670            100
                         1800-1FFF            100
        IDLOC            2000-2003              4           2
        RAM              00BC-00EF             34           1
                         0110-016F             60
                         0190-01EF             60
        SFR0             0000-001F             20           1
        SFR1             0080-009F             20           1
        SFR2             0100-010F             10           1
        SFR3             0180-018F             10           1
        STRCODE          0003-0003              1           2
                         07E1-0805             25
                         1090-1670            5E1
                         1800-1FFF            800
        STRING           0003-0003              1           2
                         07E1-0805             1F
                         1090-1670            100
                         1800-1FFF            100

                                  Symbol Table

??___altoft            cstackCOMMON 0076
??___awdiv             cstackCOMMON 0076
??___awmod             cstackCOMMON 0076
??___bmul              cstackCOMMON 0076
??___ftadd             cstackBANK0  0050
??___ftdiv             cstackBANK0  002E
??___ftge              cstackCOMMON 0076
??___ftmul             cstackBANK0  0041
??___ftneg             cstackCOMMON 0076
??___ftpack            cstackBANK0  0025
??___ftsub             cstackCOMMON 0076
??___fttol             cstackBANK0  0032
??___lbdiv             cstackCOMMON 0076
??___lbmod             cstackBANK0  0021
??___lldiv             cstackCOMMON 0076
??___llmod             cstackCOMMON 0076
??___lltoft            cstackCOMMON 0076
??___wmul              cstackCOMMON 0076
??__div_to_l_          cstackBANK0  0026
??__tdiv_to_l_         cstackBANK0  0026
??_abs                 cstackCOMMON 0072
??_fround              cstackCOMMON 0076
??_isdigit             cstackCOMMON 0076
??_isprint             cstackCOMMON 0076
??_lcd_busy            cstackBANK0  0020
??_lcd_gotoxy          cstackCOMMON 0076
??_lcd_init            cstackBANK0  0025
??_lcd_put_byte        cstackBANK0  0021
??_lcd_putc            cstackCOMMON 0076
??_main                cstackCOMMON 0076
??_ngat                cstackCOMMON 0074
??_printf              cstackBANK0  0064
??_putch               cstackCOMMON 0076
??_scale               cstackBANK0  004D
?___altoft             cstackBANK0  0028
?___awdiv              cstackBANK0  0026
?___awmod              cstackBANK0  0020
?___bmul               cstackBANK0  0029
?___ftadd              cstackBANK0  004A
?___ftdiv              cstackBANK0  0028
?___ftge               cstackBANK0  0020
?___ftmul              cstackBANK0  003B
?___ftneg              cstackBANK0  0020
?___ftpack             cstackBANK0  0020
?___ftsub              cstackBANK0  0056
?___fttol              cstackBANK0  002E
?___lbdiv              cstackBANK0  0025
?___lbmod              cstackBANK0  0020
?___lldiv              cstackBANK0  0020
?___llmod              cstackBANK0  002D
?___lltoft             cstackBANK0  0028
?___wmul               cstackBANK0  0020
?__div_to_l_           cstackBANK0  0020
?__tdiv_to_l_          cstackBANK0  0020
?_abs                  cstackCOMMON 0070
?_fround               cstackBANK0  0056
?_isdigit              cstackCOMMON 0070
?_isprint              cstackCOMMON 0070
?_lcd_busy             cstackCOMMON 0070
?_lcd_gotoxy           cstackBANK0  0025
?_lcd_init             cstackCOMMON 0070
?_lcd_put_byte         cstackBANK0  0020
?_lcd_putc             cstackCOMMON 0070
?_main                 cstackCOMMON 0070
?_ngat                 cstackCOMMON 0070
?_printf               cstackBANK0  0060
?_putch                cstackCOMMON 0070
?_scale                cstackBANK0  004A
_ANSEL                 (abs)        0188
_ANSELH                (abs)        0189
_CCP1CON               (abs)        0017
_CCP1IE                (abs)        0462
_CCP1IF                (abs)        0062
_CCPR1                 (abs)        0015
_GIE                   (abs)        005F
_PEIE                  (abs)        005E
_RD1                   (abs)        0041
_RD2                   (abs)        0042
_RD3                   (abs)        0043
_RD4                   (abs)        0044
_RD5                   (abs)        0045
_RD6                   (abs)        0046
_RD7                   (abs)        0047
_T1CKPS0               (abs)        0084
_T1CKPS1               (abs)        0085
_T1SYNC                (abs)        0082
_TMR1CS                (abs)        0081
_TMR1GE                (abs)        0086
_TMR1H                 (abs)        000F
_TMR1L                 (abs)        000E
_TMR1ON                (abs)        0080
_TRISA4                (abs)        042C
_TRISC2                (abs)        043A
_TRISD                 (abs)        0088
_TRISD1                (abs)        0441
_TRISD2                (abs)        0442
_TRISD3                (abs)        0443
_TRISD4                (abs)        0444
_TRISD5                (abs)        0445
_TRISD6                (abs)        0446
_TRISD7                (abs)        0447
_TRISE0                (abs)        0448
__Habs1                abs1         0000
__Hbank0               bank0        0000
__Hbank1               bank1        0000
__Hbank2               bank2        0000
__Hbank3               bank3        0000
__HbssBANK0            bssBANK0     0000
__HbssBANK1            bssBANK1     0000
__HbssCOMMON           bssCOMMON    0000
__Hcinit               cinit        0000
__Hclrtext             clrtext      0000
__Hcode                code         0000
__Hcommon              common       0000
__Hconfig              config       2008
__HcstackBANK0         cstackBANK0  0000
__HcstackBANK1         cstackBANK1  0000
__HcstackCOMMON        cstackCOMMON 0000
__Heeprom_data         eeprom_data  0000
__Hend_init            end_init     000F
__Hfunctab             functab      0000
__Hidloc               idloc        0000
__Hinit                init         000C
__Hintentry            intentry     000C
__Hmaintext            maintext     0000
__Hpa_nodes            pa_nodes     0000
__Hpowerup             powerup      0000
__Hram                 ram          0000
__Hreset_vec           reset_vec    0003
__Hsfr0                sfr0         0000
__Hsfr1                sfr1         0000
__Hsfr2                sfr2         0000
__Hsfr3                sfr3         0000
__Hstrings             strings      0000
__Htext                text         0000
__Labs1                abs1         0000
__Lbank0               bank0        0000
__Lbank1               bank1        0000
__Lbank2               bank2        0000
__Lbank3               bank3        0000
__LbssBANK0            bssBANK0     0000
__LbssBANK1            bssBANK1     0000
__LbssCOMMON           bssCOMMON    0000
__Lcinit               cinit        0000
__Lclrtext             clrtext      0000
__Lcode                code         0000
__Lcommon              common       0000
__Lconfig              config       2007
__LcstackBANK0         cstackBANK0  0000
__LcstackBANK1         cstackBANK1  0000
__LcstackCOMMON        cstackCOMMON 0000
__Leeprom_data         eeprom_data  0000
__Lend_init            end_init     000C
__Lfunctab             functab      0000
__Lidloc               idloc        0000
__Linit                init         000C
__Lintentry            intentry     0004
__Lmaintext            maintext     0000
__Lpa_nodes            pa_nodes     0000
__Lpowerup             powerup      0000
__Lram                 ram          0000
__Lreset_vec           reset_vec    0000
__Lsfr0                sfr0         0000
__Lsfr1                sfr1         0000
__Lsfr2                sfr2         0000
__Lsfr3                sfr3         0000
__Lstrings             strings      0000
__Ltext                text         0000
__S0                   (abs)        2008
__S1                   (abs)        00BC
__S2                   (abs)        0000
___altoft              text766      000F
___altoft@c            cstackBANK0  0028
___altoft@exp          cstackBANK0  002C
___altoft@sign         cstackBANK0  002D
___awdiv               text766      0238
___awdiv@counter       cstackBANK0  002A
___awdiv@dividend      cstackBANK0  0028
___awdiv@divisor       cstackBANK0  0026
___awdiv@quotient      cstackBANK0  002C
___awdiv@sign          cstackBANK0  002B
___awmod               text766      027D
___awmod@counter       cstackBANK0  0024
___awmod@dividend      cstackBANK0  0022
___awmod@divisor       cstackBANK0  0020
___awmod@sign          cstackBANK0  0025
___bmul                text766      0329
___bmul@multiplicand   cstackBANK0  0029
___bmul@multiplier     cstackBANK0  002B
___bmul@product        cstackBANK0  002A
___ftadd               text760      070E
___ftadd@exp1          cstackBANK0  0055
___ftadd@exp2          cstackBANK0  0054
___ftadd@f1            cstackBANK0  004A
___ftadd@f2            cstackBANK0  004D
___ftadd@sign          cstackBANK0  0053
___ftdiv               text766      003E
___ftdiv@cntr          cstackBANK0  0031
___ftdiv@exp           cstackBANK0  0035
___ftdiv@f1            cstackBANK0  002B
___ftdiv@f2            cstackBANK0  0028
___ftdiv@f3            cstackBANK0  0032
___ftdiv@sign          cstackBANK0  0036
___ftge                text757      0DC3
___ftge@ff1            cstackBANK0  0020
___ftge@ff2            cstackBANK0  0023
___ftmul               text766      02BA
___ftmul@cntr          cstackBANK0  0048
___ftmul@exp           cstackBANK0  0044
___ftmul@f1            cstackBANK0  003B
___ftmul@f2            cstackBANK0  003E
___ftmul@f3_as_product cstackBANK0  0045
___ftmul@sign          cstackBANK0  0049
___ftneg               text757      0EBA
___ftneg@f1            cstackBANK0  0020
___ftpack              text766      0337
___ftpack@arg          cstackBANK0  0020
___ftpack@exp          cstackBANK0  0023
___ftpack@sign         cstackBANK0  0024
___ftsub               text760      06F8
___ftsub@f1            cstackBANK0  0059
___ftsub@f2            cstackBANK0  0056
___fttol               text757      0E17
___fttol@exp1          cstackBANK0  003A
___fttol@f1            cstackBANK0  002E
___fttol@lval          cstackBANK0  0036
___fttol@sign1         cstackBANK0  0035
___lbdiv               text762      06AB
___lbdiv@counter       cstackBANK0  0027
___lbdiv@dividend      cstackBANK0  0026
___lbdiv@divisor       cstackBANK0  0025
___lbdiv@quotient      cstackBANK0  0028
___lbmod               text762      06C6
___lbmod@counter       cstackBANK0  0023
___lbmod@dividend      cstackBANK0  0022
___lbmod@divisor       cstackBANK0  0020
___lbmod@rem           cstackBANK0  0024
___lldiv               text757      0E72
___lldiv@counter       cstackBANK0  002C
___lldiv@dividend      cstackBANK0  0024
___lldiv@divisor       cstackBANK0  0020
___lldiv@quotient      cstackBANK0  0028
___llmod               text757      0D85
___llmod@counter       cstackBANK0  0035
___llmod@dividend      cstackBANK0  0031
___llmod@divisor       cstackBANK0  002D
___lltoft              text757      0EC2
___lltoft@c            cstackBANK0  0028
___lltoft@exp          cstackBANK0  002C
___wmul                text757      0DFE
___wmul@multiplicand   cstackBANK0  0022
___wmul@multiplier     cstackBANK0  0020
___wmul@product        cstackBANK0  0024
__div_to_l_            text784      1734
__div_to_l_@cntr       cstackBANK0  0032
__div_to_l_@exp1       cstackBANK0  0033
__div_to_l_@f1         cstackBANK0  0020
__div_to_l_@f2         cstackBANK0  0023
__div_to_l_@quot       cstackBANK0  002E
__end_of___altoft      text766      003E
__end_of___awdiv       text766      027D
__end_of___awmod       text766      02BA
__end_of___bmul        text766      0337
__end_of___ftadd       text760      07D0
__end_of___ftdiv       text766      00A6
__end_of___ftge        text757      0DEF
__end_of___ftmul       text766      0329
__end_of___ftneg       text757      0EC2
__end_of___ftpack      text766      0375
__end_of___ftsub       text760      070E
__end_of___fttol       text757      0E72
__end_of___lbdiv       text762      06C6
__end_of___lbmod       text762      06E2
__end_of___lldiv       text757      0EBA
__end_of___llmod       text757      0DC3
__end_of___lltoft      text757      0EE2
__end_of___wmul        text757      0E17
__end_of__div_to_l_    text784      17F3
__end_of__tdiv_to_l_   text757      1000
__end_of_abs           text788      16A3
__end_of_fround        text762      06AB
__end_of_isdigit       text757      0DFE
__end_of_isprint       text763      0597
__end_of_lcd_busy      text763      0589
__end_of_lcd_gotoxy    text763      03E6
__end_of_lcd_init      text763      04D3
__end_of_lcd_put_byte  text763      0562
__end_of_lcd_putc      text763      0415
__end_of_main          maintext     1734
__end_of_ngat          text788      1695
__end_of_printf        text757      0D7F
__end_of_putch         text757      0D85
__end_of_scale         text766      0238
__npowers_             strings      1006
__pbssBANK0            bssBANK0     0069
__pbssBANK1            bssBANK1     00B9
__pbssCOMMON           bssCOMMON    0076
__pcstackBANK0         cstackBANK0  0020
__pcstackBANK1         cstackBANK1  00A0
__pcstackCOMMON        cstackCOMMON 0070
__pintentry            intentry     0004
__pmaintext            maintext     16A3
__powers_              strings      102D
__pstrings             strings      1000
__ptext757             text757      0806
__ptext758             text757      0D7F
__ptext759             text763      03E6
__ptext760             text760      06F8
__ptext761             text766      00A6
__ptext762             text762      05A6
__ptext763             text763      03CE
__ptext764             text763      0415
__ptext765             text757      0EC2
__ptext766             text766      000F
__ptext767             text766      02BA
__ptext768             text766      003E
__ptext769             text760      070E
__ptext770             text763      0562
__ptext771             text763      04D3
__ptext772             text766      027D
__ptext773             text757      0E72
__ptext774             text757      0DC3
__ptext775             text757      0EBA
__ptext776             text757      0D85
__ptext777             text766      0238
__ptext778             text757      0E17
__ptext779             text766      0337
__ptext780             text762      06C6
__ptext781             text762      06AB
__ptext782             text757      0DFE
__ptext783             text766      0329
__ptext784             text784      1734
__ptext785             text757      0F89
__ptext786             text757      0DEF
__ptext787             text763      0589
__ptext788             text788      1671
__ptext789             text788      1695
__ptext790             text790      0000
__size_of___altoft     (abs)        0000
__size_of___awdiv      (abs)        0000
__size_of___awmod      (abs)        0000
__size_of___bmul       (abs)        0000
__size_of___ftadd      (abs)        0000
__size_of___ftdiv      (abs)        0000
__size_of___ftge       (abs)        0000
__size_of___ftmul      (abs)        0000
__size_of___ftneg      (abs)        0000
__size_of___ftpack     (abs)        0000
__size_of___ftsub      (abs)        0000
__size_of___fttol      (abs)        0000
__size_of___lbdiv      (abs)        0000
__size_of___lbmod      (abs)        0000
__size_of___lldiv      (abs)        0000
__size_of___llmod      (abs)        0000
__size_of___lltoft     (abs)        0000
__size_of___wmul       (abs)        0000
__size_of__div_to_l_   (abs)        0000
__size_of__tdiv_to_l_  (abs)        0000
__size_of_abs          (abs)        0000
__size_of_fround       (abs)        0000
__size_of_isdigit      (abs)        0000
__size_of_isprint      (abs)        0000
__size_of_lcd_busy     (abs)        0000
__size_of_lcd_gotoxy   (abs)        0000
__size_of_lcd_init     (abs)        0000
__size_of_lcd_put_byte (abs)        0000
__size_of_lcd_putc     (abs)        0000
__size_of_main         (abs)        0000
__size_of_ngat         (abs)        0000
__size_of_printf       (abs)        0000
__size_of_putch        (abs)        0000
__size_of_scale        (abs)        0000
__tdiv_to_l_           text757      0F89
__tdiv_to_l_@cntr      cstackBANK0  002D
__tdiv_to_l_@exp1      cstackBANK0  002E
__tdiv_to_l_@f1        cstackBANK0  0020
__tdiv_to_l_@f2        cstackBANK0  0023
__tdiv_to_l_@quot      cstackBANK0  0029
_abs                   text788      1695
_count_old             bssCOMMON    0076
_dpowers               strings      1054
_exit                  init         000C
_f                     bssBANK0     006D
_fround                text762      05A6
_fround$4119           cstackBANK0  005C
_fround$4120           cstackBANK0  0059
_isdigit               text757      0DEF
_isdigit$3683          cstackBANK0  0020
_isprint               text763      0589
_isprint$3686          cstackBANK0  0020
_lcd_busy              text763      0562
_lcd_gotoxy            text763      03CE
_lcd_init              text763      0415
_lcd_put_byte          text763      04D3
_lcd_putc              text763      03E6
_main                  maintext     16A3
_ngat                  text788      1671
_printf                text757      0806
_printf$3173           cstackBANK1  00A0
_putch                 text757      0D7F
_scale                 text766      00A6
_scale$4121            cstackBANK0  0051
_t                     bssBANK1     00B9
_xung                  bssBANK0     0069
abs@a                  cstackCOMMON 0070
btemp                  (abs)        007E
end_of_initialization  cinit        07DD
fround@prec            cstackBANK0  005F
i1l1071                                 
i1l6126                                 
i1l6130                                 
i1l6134                                 
interrupt_function     intentry     0004
intlevel0              functab      0000
intlevel1              functab      0000
intlevel2              functab      0000
intlevel3              functab      0000
intlevel4              functab      0000
intlevel5              functab      0000
isdigit@c              cstackBANK0  0021
isprint@c              cstackBANK0  0021
l1067                                   
l2127                                   
l2130                                   
l2138                                   
l2161                                   
l3292                                   
l3297                                   
l3307                                   
l3313                                   
l3343                                   
l3349                                   
l3393                                   
l3460                                   
l3470                                   
l3474                                   
l3489                                   
l3528                                   
l3542                                   
l3550                                   
l3558                                   
l3601                                   
l6164                                   
l6172                                   
l6174                                   
l6176                                   
l6178                                   
l6180                                   
l6184                                   
l6188                                   
l6192                                   
l6200                                   
l6212                                   
l6222                                   
l6224                                   
l6226                                   
l6228                                   
l6232                                   
l6236                                   
l6238                                   
l6246                                   
l6314                                   
l6316                                   
l6320                                   
l6322                                   
l6328                                   
l6332                                   
l6334                                   
l6354                                   
l6356                                   
l6358                                   
l6360                                   
l6366                                   
l6368                                   
l6370                                   
l6372                                   
l6374                                   
l6382                                   
l6392                                   
l6552                                   
l6554                                   
l6556                                   
l6560                                   
l6562                                   
l6564                                   
l6572                                   
l6574                                   
l6576                                   
l6584                                   
l6586                                   
l6588                                   
l6590                                   
l6592                                   
l6594                                   
l6596                                   
l6598                                   
l6602                                   
l6604                                   
l6606                                   
l6616                                   
l6622                                   
l6628                                   
l6630                                   
l6634                                   
l6646                                   
l6656                                   
l6662                                   
l6666                                   
l6668                                   
l6672                                   
l6674                                   
l6680                                   
l6692                                   
l6694                                   
l6696                                   
l6698                                   
l6700                                   
l6702                                   
l6704                                   
l6706                                   
l6708                                   
l6714                                   
l6718                                   
l6720                                   
l6724                                   
l6738                                   
l6740                                   
l6742                                   
l6744                                   
l6746                                   
l6748                                   
l6750                                   
l6752                                   
l6760                                   
l6762                                   
l6764                                   
l6772                                   
l6774                                   
l6776                                   
l6806                                   
l6808                                   
l6810                                   
l6812                                   
l6814                                   
l6816                                   
l7408                                   
l7410                                   
l7420                                   
l7422                                   
l7432                                   
l7440                                   
l7442                                   
l7448                                   
l7456                                   
l7458                                   
l7464                                   
l7466                                   
l7468                                   
l7474                                   
l7478                                   
l7482                                   
l7488                                   
l7490                                   
l7494                                   
l7500                                   
l7504                                   
l7514                                   
l7518                                   
l7522                                   
l7526                                   
l7532                                   
l7546                                   
l7552                                   
l7560                                   
l7570                                   
l7572                                   
l7580                                   
l7582                                   
l7592                                   
l7596                                   
l7600                                   
l7606                                   
l7608                                   
l7612                                   
l7632                                   
l7636                                   
l7642                                   
l7644                                   
l7646                                   
l7658                                   
l7668                                   
l7670                                   
l7676                                   
l7680                                   
l7684                                   
l7694                                   
l7702                                   
l7706                                   
l7742                                   
l7744                                   
l7748                                   
l7766                                   
l7768                                   
l7776                                   
l7788                                   
l7790                                   
l7796                                   
l7798                                   
l7802                                   
l7808                                   
l7824                                   
l7826                                   
l7830                                   
l7834                                   
l7838                                   
l7840                                   
l7842                                   
l7844                                   
l7846                                   
l7848                                   
l7854                                   
l7856                                   
l7886                                   
l7888                                   
l7890                                   
l7894                                   
l7908                                   
l7912                                   
l7926                                   
l7932                                   
l7946                                   
l7956                                   
l7964                                   
l7970                                   
l7972                                   
l7990                                   
l8030                                   
l8036                                   
l8048                                   
l8050                                   
l8052                                   
l8054                                   
l8056                                   
l8058                                   
l8060                                   
l8062                                   
l8064                                   
l8066                                   
l8068                                   
l8070                                   
l8072                                   
l8074                                   
l8076                                   
l8078                                   
l8080                                   
l8082                                   
l8084                                   
l8088                                   
l8090                                   
l8092                                   
l8094                                   
l8096                                   
lcd_busy@busy          cstackBANK0  0021
lcd_gotoxy@address     cstackBANK0  0027
lcd_gotoxy@col         cstackBANK0  0026
lcd_gotoxy@row         cstackBANK0  0025
lcd_put_byte@b         cstackBANK0  0020
lcd_put_byte@rs        cstackBANK0  0023
lcd_put_byte@temp      cstackBANK0  0024
lcd_putc@c             cstackBANK0  0028
printf@_val            cstackBANK1  00A8
printf@ap              cstackBANK1  00A4
printf@c               cstackBANK1  00B8
printf@exp             cstackBANK1  00AF
printf@f               cstackBANK1  00AC
printf@flag            cstackBANK1  00AD
printf@fval            cstackBANK1  00B3
printf@integ           cstackBANK1  00A5
printf@prec            cstackBANK1  00B6
printf@width           cstackBANK1  00B1
putch@c                cstackBANK0  0029
reset_vec              reset_vec    0000
saved_w                (abs)        007E
scale@scl              cstackBANK0  0054
start                  init         000C
start_initialization   cinit        07D0
u2440                                   
u4630                                   
wtemp0                 (abs)        007E
