HI-TECH Software C Compiler 

Linker command line:

--edf=C:\Program Files (x86)\HI-TECH Software\PICC\9.83\dat\en_msgs.txt -cs \
  -h+lcdweek11.sym -z -Q16F887 -ol.obj -Mlcdweek11.map -E1 \
  -ACONST=00h-0FFhx32 -ACODE=00h-07FFhx4 -ASTRCODE=00h-01FFFh \
  -AENTRY=00h-0FFhx32 -ASTRING=00h-0FFhx32 -ABANK0=020h-06Fh \
  -ABANK1=0A0h-0EFh -ABANK2=0110h-016Fh -ABANK3=0190h-01EFh \
  -ARAM=020h-06Fh,0A0h-0EFh,0110h-016Fh,0190h-01EFh \
  -AABS1=020h-07Fh,0A0h-0EFh,0110h-016Fh,0190h-01EFh -ACOMMON=070h-07Fh \
  -ASFR0=00h-01Fh -ASFR1=080h-09Fh -ASFR2=0100h-010Fh -ASFR3=0180h-018Fh \
  -preset_vec=00h,intentry=04h,init,end_init -ppowerup=CODE -pfunctab=CODE \
  -ACONFIG=02007h-02008h -pconfig=CONFIG -DCONFIG=2 -AIDLOC=02000h-02003h \
  -pidloc=IDLOC -DIDLOC=2 -AEEDATA=00h-0FFh/02100h -peeprom_data=EEDATA \
  -DEEDATA=2 -DCODE=2 -DSTRCODE=2 -DSTRING=2 -DCONST=2 -DENTRY=2 -k \
  startup.obj lcdweek11.obj 

Object code version is 3.10

Machine type is 16F887



                Name                               Link     Load   Length Selector   Space Scale
startup.obj     end_init                             12       12        3        8       0
                reset_vec                             0        0        3        0       0
lcdweek11.obj   intentry                              4        4        E        8       0
                config                             2007     2007        1     400E       0
                text139                             198      198      13D        8       0
                text136                              15       15      183        8       0
                maintext                            2D5      2D5       19        8       0
                cstackBANK0                          20       20       12       20       1
                cstackCOMMON                         70       70        E       70       1
                bssBANK0                             32       32        3       20       1
                cinit                               2EE      2EE        7        8       0

TOTAL           Name                               Link     Load   Length     Space
        CLASS   CONST          

        CLASS   CODE           
                end_init                             12       12        3         0
                intentry                              4        4        E         0
                reset_vec                             0        0        3         0
                text139                             198      198      13D         0
                text136                              15       15      183         0
                maintext                            2D5      2D5       19         0
                cinit                               2EE      2EE        7         0

        CLASS   STRCODE        

        CLASS   ENTRY          

        CLASS   STRING         

        CLASS   BANK0          
                cstackBANK0                          20       20       12         1
                bssBANK0                             32       32        3         1

        CLASS   BANK1          

        CLASS   BANK2          

        CLASS   BANK3          

        CLASS   RAM            

        CLASS   ABS1           
                abs_s1                               7E       7E        2         1

        CLASS   COMMON         
                cstackCOMMON                         70       70        E         1

        CLASS   SFR0           

        CLASS   SFR1           

        CLASS   SFR2           

        CLASS   SFR3           

        CLASS   CONFIG         
                config                             2007     2007        1         0

        CLASS   IDLOC          

        CLASS   EEDATA         



SEGMENTS        Name                           Load    Length   Top    Selector   Space  Class     Delta

                reset_vec                      000000  000003  000003         0       0  CODE        2
                intentry                       000004  0002F1  0002F5         8       0  CODE        2
                cstackBANK0                    000020  000015  000035        20       1  BANK0       1
                cstackCOMMON                   000070  00000E  00007E        70       1  COMMON      1
                config                         002007  000001  002008      400E       0  CONFIG      2


UNUSED ADDRESS RANGES

        Name                Unused          Largest block    Delta
        BANK0            0035-006F             3B           1
        BANK1            00A0-00EF             50           1
        BANK2            0110-016F             60           1
        BANK3            0190-01EF             60           1
        CODE             0003-0003              1           2
                         02F5-1FFF            800
        CONFIG           2008-2008              1           2
        CONST            0003-0003              1           2
                         02F5-1FFF            100
        EEDATA           2100-21FF            100           2
        ENTRY            0003-0003              1           2
                         02F5-1FFF            100
        IDLOC            2000-2003              4           2
        RAM              0035-006F             3B           1
                         00A0-00EF             50
                         0110-016F             60
                         0190-01EF             60
        SFR0             0000-001F             20           1
        SFR1             0080-009F             20           1
        SFR2             0100-010F             10           1
        SFR3             0180-018F             10           1
        STRCODE          0003-0003              1           2
                         02F5-1FFF           1D0B
        STRING           0003-0003              1           2
                         02F5-1FFF            100

                                  Symbol Table

??___ftadd             cstackBANK0  0020
??___ftpack            cstackCOMMON 0075
??_lcd_busy            cstackBANK0  002A
??_lcd_init            cstackBANK0  002F
??_lcd_put_byte        cstackBANK0  002B
??_main                cstackBANK0  0032
??_ngat                cstackBANK0  0026
?___ftadd              cstackCOMMON 0078
?___ftpack             cstackCOMMON 0070
?_lcd_busy             cstackCOMMON 0070
?_lcd_init             cstackCOMMON 0070
?_lcd_put_byte         cstackBANK0  002A
?_main                 cstackCOMMON 0070
?_ngat                 cstackCOMMON 0070
_ANSEL                 (abs)        0188
_ANSELH                (abs)        0189
_GIE                   (abs)        005F
_PS0                   (abs)        0408
_PS1                   (abs)        0409
_PS2                   (abs)        040A
_PSA                   (abs)        040B
_RD1                   (abs)        0041
_RD2                   (abs)        0042
_RD3                   (abs)        0043
_RD4                   (abs)        0044
_RD5                   (abs)        0045
_RD6                   (abs)        0046
_RD7                   (abs)        0047
_RE0                   (abs)        0048
_T0CS                  (abs)        040D
_T0IE                  (abs)        005D
_T0IF                  (abs)        005A
_TMR0                  (abs)        0001
_TRISA4                (abs)        042C
_TRISD                 (abs)        0088
_TRISD1                (abs)        0441
_TRISD2                (abs)        0442
_TRISD3                (abs)        0443
_TRISD4                (abs)        0444
_TRISD5                (abs)        0445
_TRISD6                (abs)        0446
_TRISD7                (abs)        0447
_TRISE0                (abs)        0448
__Habs1                abs1         0000
__Hbank0               bank0        0000
__Hbank1               bank1        0000
__Hbank2               bank2        0000
__Hbank3               bank3        0000
__HbssBANK0            bssBANK0     0000
__Hcinit               cinit        0000
__Hclrtext             clrtext      0000
__Hcode                code         0000
__Hcommon              common       0000
__Hconfig              config       2008
__HcstackBANK0         cstackBANK0  0000
__HcstackCOMMON        cstackCOMMON 0000
__Heeprom_data         eeprom_data  0000
__Hend_init            end_init     0015
__Hfunctab             functab      0000
__Hidloc               idloc        0000
__Hinit                init         0012
__Hintentry            intentry     0012
__Hmaintext            maintext     0000
__Hpa_nodes            pa_nodes     0000
__Hpowerup             powerup      0000
__Hram                 ram          0000
__Hreset_vec           reset_vec    0003
__Hsfr0                sfr0         0000
__Hsfr1                sfr1         0000
__Hsfr2                sfr2         0000
__Hsfr3                sfr3         0000
__Hstrings             strings      0000
__Htext                text         0000
__Labs1                abs1         0000
__Lbank0               bank0        0000
__Lbank1               bank1        0000
__Lbank2               bank2        0000
__Lbank3               bank3        0000
__LbssBANK0            bssBANK0     0000
__Lcinit               cinit        0000
__Lclrtext             clrtext      0000
__Lcode                code         0000
__Lcommon              common       0000
__Lconfig              config       2007
__LcstackBANK0         cstackBANK0  0000
__LcstackCOMMON        cstackCOMMON 0000
__Leeprom_data         eeprom_data  0000
__Lend_init            end_init     0012
__Lfunctab             functab      0000
__Lidloc               idloc        0000
__Linit                init         0012
__Lintentry            intentry     0004
__Lmaintext            maintext     0000
__Lpa_nodes            pa_nodes     0000
__Lpowerup             powerup      0000
__Lram                 ram          0000
__Lreset_vec           reset_vec    0000
__Lsfr0                sfr0         0000
__Lsfr1                sfr1         0000
__Lsfr2                sfr2         0000
__Lsfr3                sfr3         0000
__Lstrings             strings      0000
__Ltext                text         0000
__S0                   (abs)        2008
__S1                   (abs)        007E
__S2                   (abs)        0000
___ftadd               text139      01D7
___ftadd@exp1          cstackBANK0  0025
___ftadd@exp2          cstackBANK0  0024
___ftadd@f1            cstackCOMMON 0078
___ftadd@f2            cstackCOMMON 007B
___ftadd@sign          cstackBANK0  0023
___ftpack              text139      0297
___ftpack@arg          cstackCOMMON 0070
___ftpack@exp          cstackCOMMON 0073
___ftpack@sign         cstackCOMMON 0074
__end_of___ftadd       text139      0297
__end_of___ftpack      text139      02D5
__end_of_lcd_busy      text136      0189
__end_of_lcd_init      text136      00D3
__end_of_lcd_put_byte  text136      0162
__end_of_main          maintext     02EE
__end_of_ngat          text139      01D7
__pbssBANK0            bssBANK0     0032
__pcstackBANK0         cstackBANK0  0020
__pcstackCOMMON        cstackCOMMON 0070
__pintentry            intentry     0004
__pmaintext            maintext     02D5
__ptext135             text135      0000
__ptext136             text136      0015
__ptext137             text136      0162
__ptext138             text136      00D3
__ptext139             text139      0198
__ptext140             text139      01D7
__ptext141             text139      0297
__ptext142             text142      0000
__size_of___ftadd      (abs)        0000
__size_of___ftpack     (abs)        0000
__size_of_lcd_busy     (abs)        0000
__size_of_lcd_init     (abs)        0000
__size_of_lcd_put_byte (abs)        0000
__size_of_main         (abs)        0000
__size_of_ngat         (abs)        0000
_dem                   bssBANK0     0032
_exit                  init         0012
_lcd_busy              text136      0162
_lcd_init              text136      0015
_lcd_put_byte          text136      00D3
_main                  maintext     02D5
_ngat                  text139      0198
btemp                  (abs)        007E
end_of_initialization  cinit        02F1
i1l1059                                 
i1l3773                                 
i1l3777                                 
i1l3785                                 
i1l3787                                 
i1l3789                                 
i1l3791                                 
i1l3793                                 
i1l3803                                 
i1l3809                                 
i1l3815                                 
i1l3817                                 
i1l3821                                 
i1l3833                                 
i1l3843                                 
i1l3849                                 
i1l3853                                 
i1l3855                                 
i1l3859                                 
i1l3861                                 
i1l3867                                 
i1l3869                                 
i1l3889                                 
i1l3891                                 
i1l3893                                 
interrupt_function     intentry     0004
intlevel0              functab      0000
intlevel1              functab      0000
intlevel2              functab      0000
intlevel3              functab      0000
intlevel4              functab      0000
intlevel5              functab      0000
l2115                                   
l2118                                   
l2126                                   
l3895                                   
l3897                                   
l3899                                   
l3903                                   
l3905                                   
l3907                                   
l3915                                   
l3917                                   
l3919                                   
l3927                                   
l3929                                   
l3931                                   
l3933                                   
l3935                                   
l3937                                   
l3939                                   
l3941                                   
l3945                                   
l3947                                   
l3949                                   
l3951                                   
l3953                                   
l3955                                   
l3983                                   
l3985                                   
l3987                                   
l3989                                   
l3991                                   
l3993                                   
l3995                                   
l3997                                   
l3999                                   
l4001                                   
l4003                                   
l4005                                   
l4007                                   
l4009                                   
lcd_busy@busy          cstackBANK0  002B
lcd_put_byte@b         cstackBANK0  002A
lcd_put_byte@rs        cstackBANK0  002D
lcd_put_byte@temp      cstackBANK0  002E
reset_vec              reset_vec    0000
saved_w                (abs)        007E
start                  init         0012
start_initialization   cinit        02EE
wtemp0                 (abs)        007E
