HI-TECH Software C Compiler 

Linker command line:

--edf=C:\Program Files (x86)\HI-TECH Software\PICC\9.83\dat\en_msgs.txt -cs \
  -h+BT Ôn Thi 06.sym -z -Q16F887 -ol.obj -MBT Ôn Thi 06.map -E1 \
  -ACONST=00h-0FFhx32 -ACODE=00h-07FFhx4 -ASTRCODE=00h-01FFFh \
  -AENTRY=00h-0FFhx32 -ASTRING=00h-0FFhx32 -ABANK0=020h-06Fh \
  -ABANK1=0A0h-0EFh -ABANK2=0110h-016Fh -ABANK3=0190h-01EFh \
  -ARAM=020h-06Fh,0A0h-0EFh,0110h-016Fh,0190h-01EFh \
  -AABS1=020h-07Fh,0A0h-0EFh,0110h-016Fh,0190h-01EFh -ACOMMON=070h-07Fh \
  -ASFR0=00h-01Fh -ASFR1=080h-09Fh -ASFR2=0100h-010Fh -ASFR3=0180h-018Fh \
  -preset_vec=00h,intentry=04h,init,end_init -ppowerup=CODE -pfunctab=CODE \
  -ACONFIG=02007h-02008h -pconfig=CONFIG -DCONFIG=2 -AIDLOC=02000h-02003h \
  -pidloc=IDLOC -DIDLOC=2 -AEEDATA=00h-0FFh/02100h -peeprom_data=EEDATA \
  -DEEDATA=2 -DCODE=2 -DSTRCODE=2 -DSTRING=2 -DCONST=2 -DENTRY=2 -k \
  startup.obj BT Ôn Thi 06.obj 

Object code version is 3.10

Machine type is 16F887



                Name                               Link     Load   Length Selector   Space Scale
startup.obj     end_init                              E        E        3        8       0
                reset_vec                             0        0        3        0       0
BT Ôn Thi 06.obj
                functab                             100      100        9        2       0
                intentry                              4        4        A        8       0
                config                             2007     2007        1     400E       0
                text940_split_1                     C78      C78      388     18F0       0
                text974                            14D4     14D4      138     29A8       0
                text973                            12A8     12A8        F     2550       0
                text972                              E9       E9       15        8       0
                text969                            12B7     12B7        F     256E       0
                text968                            1391     1391       77     2722       0
                text967                            1408     1408       CC     2810       0
                text965                            12D8     12D8       19     25B0       0
                text961                            132F     132F       62     265E       0
                text959                            12F1     12F1       3E     25E2       0
                text958                            127C     127C        8     24F8       0
                text957                             802      802       2C     1004       0
                text956                             7A0      7A0       48        2       0
                text954                             7E8      7E8       15        2       0
                text948                             900      900      378     1200       0
                text945                             62A      62A      176        2       0
                text943                              11       11       D8        8       0
                text941                            160C     160C      1F4     2C18       0
                text940                             109      109      521        2       0
                text939                            128C     128C        E     2518       0
                text938                            12C6     12C6       12     258C       0
                maintext                            82E      82E       D2     105C       0
                cstackBANK0                          20       20       44       20       1
                cstackCOMMON                         70       70        E       70       1
                cstackBANK1                          A0       A0       2E       A0       1
                clrtext                            1284     1284        8     2508       0
                bssBANK1                             CE       CE       11       A0       1
                bssBANK0                             64       64        3       20       1
                cinit                              129A     129A        E     2534       0
                strings                            1000     1000       9A     2000       0

TOTAL           Name                               Link     Load   Length     Space
        CLASS   CONST          

        CLASS   CODE           
                end_init                              E        E        3         0
                functab                             100      100        9         0
                intentry                              4        4        A         0
                reset_vec                             0        0        3         0
                text940_split_1                     C78      C78      388         0
                text974                            14D4     14D4      138         0
                text973                            12A8     12A8        F         0
                text972                              E9       E9       15         0
                text969                            12B7     12B7        F         0
                text968                            1391     1391       77         0
                text967                            1408     1408       CC         0
                text965                            12D8     12D8       19         0
                text961                            132F     132F       62         0
                text959                            12F1     12F1       3E         0
                text958                            127C     127C        8         0
                text957                             802      802       2C         0
                text956                             7A0      7A0       48         0
                text954                             7E8      7E8       15         0
                text948                             900      900      378         0
                text945                             62A      62A      176         0
                text943                              11       11       D8         0
                text941                            160C     160C      1F4         0
                text940                             109      109      521         0
                text939                            128C     128C        E         0
                text938                            12C6     12C6       12         0
                maintext                            82E      82E       D2         0
                clrtext                            1284     1284        8         0
                cinit                              129A     129A        E         0

        CLASS   STRCODE        

        CLASS   ENTRY          

        CLASS   STRING         
                strings                            1000     1000       9A         0

        CLASS   BANK0          
                cstackBANK0                          20       20       44         1
                bssBANK0                             64       64        3         1

        CLASS   BANK1          
                cstackBANK1                          A0       A0       2E         1
                bssBANK1                             CE       CE       11         1

        CLASS   BANK2          

        CLASS   BANK3          

        CLASS   RAM            

        CLASS   ABS1           
                abs_s1                               7E       7E        2         1

        CLASS   COMMON         
                cstackCOMMON                         70       70        E         1

        CLASS   SFR0           

        CLASS   SFR1           

        CLASS   SFR2           

        CLASS   SFR3           

        CLASS   CONFIG         
                config                             2007     2007        1         0

        CLASS   IDLOC          

        CLASS   EEDATA         



SEGMENTS        Name                           Load    Length   Top    Selector   Space  Class     Delta

                reset_vec                      000000  000003  000003         0       0  CODE        2
                intentry                       000004  0000FA  0000FE         8       0  CODE        2
                cstackBANK0                    000020  000047  000067        20       1  BANK0       1
                cstackCOMMON                   000070  00000E  00007E        70       1  COMMON      1
                cstackBANK1                    0000A0  00003F  0000DF        A0       1  BANK1       1
                functab                        000100  0006FD  0007FD         2       0  CODE        2
                text957                        000802  00002C  00082E      1004       0  CODE        2
                maintext                       00082E  0000D2  000900      105C       0  CODE        2
                text948                        000900  000378  000C78      1200       0  CODE        2
                text940_split_1                000C78  000388  001000      18F0       0  CODE        2
                strings                        001000  00009A  00109A      2000       0  STRING      2
                text958                        00127C  000008  001284      24F8       0  CODE        2
                clrtext                        001284  000008  00128C      2508       0  CODE        2
                text939                        00128C  00000E  00129A      2518       0  CODE        2
                cinit                          00129A  00000E  0012A8      2534       0  CODE        2
                text973                        0012A8  00000F  0012B7      2550       0  CODE        2
                text969                        0012B7  00000F  0012C6      256E       0  CODE        2
                text938                        0012C6  000012  0012D8      258C       0  CODE        2
                text965                        0012D8  000019  0012F1      25B0       0  CODE        2
                text959                        0012F1  00003E  00132F      25E2       0  CODE        2
                text961                        00132F  000062  001391      265E       0  CODE        2
                text968                        001391  000077  001408      2722       0  CODE        2
                text967                        001408  0000CC  0014D4      2810       0  CODE        2
                text974                        0014D4  000138  00160C      29A8       0  CODE        2
                text941                        00160C  0001F4  001800      2C18       0  CODE        2
                config                         002007  000001  002008      400E       0  CONFIG      2


UNUSED ADDRESS RANGES

        Name                Unused          Largest block    Delta
        BANK0            0067-006F              9           1
        BANK1            00DF-00EF             11           1
        BANK2            0110-016F             60           1
        BANK3            0190-01EF             60           1
        CODE             0003-0003              1           2
                         00FE-00FF              2
                         07FD-0801              3
                         109A-127B            1E2
                         1800-1FFF            800
        CONFIG           2008-2008              1           2
        CONST            0003-0003              1           2
                         00FE-00FF              2
                         07FD-0801              3
                         109A-127B            100
                         1800-1FFF            100
        EEDATA           2100-21FF            100           2
        ENTRY            0003-0003              1           2
                         00FE-00FF              2
                         07FD-0801              3
                         109A-127B            100
                         1800-1FFF            100
        IDLOC            2000-2003              4           2
        RAM              0067-006F              9           1
                         00DF-00EF             11
                         0110-016F             60
                         0190-01EF             60
        SFR0             0000-001F             20           1
        SFR1             0080-009F             20           1
        SFR2             0100-010F             10           1
        SFR3             0180-018F             10           1
        STRCODE          0003-0003              1           2
                         00FE-00FF              2
                         07FD-0801              5
                         109A-127B            1E2
                         1800-1FFF            800
        STRING           0003-0003              1           2
                         00FE-00FF              2
                         07FD-0801              3
                         109A-127B            100
                         1800-1FFF            100

                                  Symbol Table

??___altoft            cstackBANK0  0034
??___awdiv             cstackBANK0  0032
??___awmod             cstackBANK0  002C
??___bmul              cstackBANK0  0032
??___ftadd             cstackBANK0  0058
??___ftge              cstackBANK0  002E
??___ftmul             cstackBANK0  0049
??___ftneg             cstackBANK0  002B
??___ftpack            cstackBANK0  002D
??___ftsub             cstackBANK0  0064
??___fttol             cstackBANK0  003A
??___lbdiv             cstackBANK0  002E
??___lbmod             cstackBANK0  0029
??___lldiv             cstackBANK0  0030
??___llmod             cstackBANK0  003D
??___lltoft            cstackBANK0  0034
??___wmul              cstackBANK0  002C
??__div_to_l_          cstackBANK0  002E
??__doprnt             cstackBANK1  00A9
??__tdiv_to_l_         cstackBANK0  002E
??_fround              cstackBANK0  0061
??_isdigit             cstackBANK0  0028
??_isprint             cstackBANK0  0028
??_lcd_busy            cstackBANK0  0028
??_lcd_gotoxy          cstackBANK0  002E
??_lcd_init            cstackBANK0  002D
??_lcd_put_byte        cstackBANK0  0029
??_lcd_putc            cstackBANK0  0030
??_main                cstackBANK0  0064
??_ngat                cstackBANK0  0026
??_printf              cstackBANK0  0064
??_putch               cstackBANK0  003F
??_rx                  cstackBANK0  0028
??_scale               cstackBANK0  0055
??_send_char           cstackBANK0  0028
??_send_string         cstackBANK0  0029
??_sprintf             cstackBANK0  0064
??_tx                  cstackBANK0  0028
??i1___ftadd           cstackBANK0  0020
??i1___ftpack          cstackCOMMON 0075
?___altoft             cstackBANK0  0030
?___awdiv              cstackBANK0  002E
?___awmod              cstackBANK0  0028
?___bmul               cstackBANK0  0031
?___ftadd              cstackBANK0  0052
?___ftge               cstackBANK0  0028
?___ftmul              cstackBANK0  0043
?___ftneg              cstackBANK0  0028
?___ftpack             cstackBANK0  0028
?___ftsub              cstackBANK0  005E
?___fttol              cstackBANK0  0036
?___lbdiv              cstackBANK0  002D
?___lbmod              cstackBANK0  0028
?___lldiv              cstackBANK0  0028
?___llmod              cstackBANK0  0035
?___lltoft             cstackBANK0  0030
?___wmul               cstackBANK0  0028
?__div_to_l_           cstackBANK0  0028
?__doprnt              cstackBANK1  00A7
?__tdiv_to_l_          cstackBANK0  0028
?_fround               cstackBANK0  005E
?_isdigit              cstackCOMMON 0070
?_isprint              cstackCOMMON 0070
?_lcd_busy             cstackCOMMON 0070
?_lcd_gotoxy           cstackBANK0  002D
?_lcd_init             cstackCOMMON 0070
?_lcd_put_byte         cstackBANK0  0028
?_lcd_putc             cstackCOMMON 0070
?_main                 cstackCOMMON 0070
?_ngat                 cstackCOMMON 0070
?_printf               cstackBANK1  00C6
?_putch                cstackBANK0  003E
?_rx                   cstackCOMMON 0070
?_scale                cstackBANK0  0052
?_send_char            cstackCOMMON 0070
?_send_string          cstackCOMMON 0070
?_sprintf              cstackBANK1  00C6
?_tx                   cstackCOMMON 0070
?i1___ftadd            cstackCOMMON 0078
?i1___ftpack           cstackCOMMON 0070
_ANSEL                 (abs)        0188
_ANSELH                (abs)        0189
_BRG16                 (abs)        0C3B
_BRGH                  (abs)        04C2
_CCP1CON               (abs)        0017
_CCPR1L                (abs)        0015
_CREN                  (abs)        00C4
_GIE                   (abs)        005F
_PEIE                  (abs)        005E
_PR2                   (abs)        0092
_PS0                   (abs)        0408
_PS1                   (abs)        0409
_PS2                   (abs)        040A
_PSA                   (abs)        040B
_RCIE                  (abs)        0465
_RCIF                  (abs)        0065
_RD1                   (abs)        0041
_RD2                   (abs)        0042
_RD3                   (abs)        0043
_RD4                   (abs)        0044
_RD5                   (abs)        0045
_RD6                   (abs)        0046
_RD7                   (abs)        0047
_RX9                   (abs)        00C6
_SPBRG                 (abs)        0099
_SPBRGH                (abs)        009A
_SPEN                  (abs)        00C7
_SYNC                  (abs)        04C4
_T0CS                  (abs)        040D
_T0IE                  (abs)        005D
_T0IF                  (abs)        005A
_T1CKPS0               (abs)        0084
_T1CKPS1               (abs)        0085
_T1SYNC                (abs)        0082
_T2CKPS0               (abs)        0090
_T2CKPS1               (abs)        0091
_TMR0                  (abs)        0001
_TMR1                  (abs)        000E
_TMR1CS                (abs)        0081
_TMR1GE                (abs)        0086
_TMR1H                 (abs)        000F
_TMR1L                 (abs)        000E
_TMR1ON                (abs)        0080
_TMR2                  (abs)        0011
_TMR2ON                (abs)        0092
_TRISA4                (abs)        042C
_TRISC2                (abs)        043A
_TRISD                 (abs)        0088
_TRISD1                (abs)        0441
_TRISD2                (abs)        0442
_TRISD3                (abs)        0443
_TRISD4                (abs)        0444
_TRISD5                (abs)        0445
_TRISD6                (abs)        0446
_TRISD7                (abs)        0447
_TRISE0                (abs)        0448
_TX9                   (abs)        04C6
_TXEN                  (abs)        04C5
_TXIF                  (abs)        0064
_TXREG                 (abs)        0019
__Habs1                abs1         0000
__Hbank0               bank0        0000
__Hbank1               bank1        0000
__Hbank2               bank2        0000
__Hbank3               bank3        0000
__HbssBANK0            bssBANK0     0000
__HbssBANK1            bssBANK1     0000
__Hcinit               cinit        0000
__Hclrtext             clrtext      0000
__Hcode                code         0000
__Hcommon              common       0000
__Hconfig              config       2008
__HcstackBANK0         cstackBANK0  0000
__HcstackBANK1         cstackBANK1  0000
__HcstackCOMMON        cstackCOMMON 0000
__Heeprom_data         eeprom_data  0000
__Hend_init            end_init     0011
__Hfunctab             functab      0109
__Hidloc               idloc        0000
__Hinit                init         000E
__Hintentry            intentry     000E
__Hmaintext            maintext     0000
__Hpa_nodes            pa_nodes     0000
__Hpowerup             powerup      0000
__Hram                 ram          0000
__Hreset_vec           reset_vec    0003
__Hsfr0                sfr0         0000
__Hsfr1                sfr1         0000
__Hsfr2                sfr2         0000
__Hsfr3                sfr3         0000
__Hstrings             strings      0000
__Htext                text         0000
__Labs1                abs1         0000
__Lbank0               bank0        0000
__Lbank1               bank1        0000
__Lbank2               bank2        0000
__Lbank3               bank3        0000
__LbssBANK0            bssBANK0     0000
__LbssBANK1            bssBANK1     0000
__Lcinit               cinit        0000
__Lclrtext             clrtext      0000
__Lcode                code         0000
__Lcommon              common       0000
__Lconfig              config       2007
__LcstackBANK0         cstackBANK0  0000
__LcstackBANK1         cstackBANK1  0000
__LcstackCOMMON        cstackCOMMON 0000
__Leeprom_data         eeprom_data  0000
__Lend_init            end_init     000E
__Lfunctab             functab      0100
__Lidloc               idloc        0000
__Linit                init         000E
__Lintentry            intentry     0004
__Lmaintext            maintext     0000
__Lpa_nodes            pa_nodes     0000
__Lpowerup             powerup      0000
__Lram                 ram          0000
__Lreset_vec           reset_vec    0000
__Lsfr0                sfr0         0000
__Lsfr1                sfr1         0000
__Lsfr2                sfr2         0000
__Lsfr3                sfr3         0000
__Lstrings             strings      0000
__Ltext                text         0000
__S0                   (abs)        2008
__S1                   (abs)        00DF
__S2                   (abs)        0000
___altoft              text948      091E
___altoft@c            cstackBANK0  0030
___altoft@exp          cstackBANK0  0034
___altoft@sign         cstackBANK0  0035
___awdiv               text948      0ADF
___awdiv@counter       cstackBANK0  0032
___awdiv@dividend      cstackBANK0  0030
___awdiv@divisor       cstackBANK0  002E
___awdiv@quotient      cstackBANK0  0034
___awdiv@sign          cstackBANK0  0033
___awmod               text948      0B24
___awmod@counter       cstackBANK0  002C
___awmod@dividend      cstackBANK0  002A
___awmod@divisor       cstackBANK0  0028
___awmod@sign          cstackBANK0  002D
___bmul                text948      0BDC
___bmul@multiplicand   cstackBANK0  0031
___bmul@multiplier     cstackBANK0  0033
___bmul@product        cstackBANK0  0032
___ftadd               text943      0027
___ftadd@exp1          cstackBANK0  005D
___ftadd@exp2          cstackBANK0  005C
___ftadd@f1            cstackBANK0  0052
___ftadd@f2            cstackBANK0  0055
___ftadd@sign          cstackBANK0  005B
___ftge                text957      0802
___ftge@ff1            cstackBANK0  0028
___ftge@ff2            cstackBANK0  002B
___ftmul               text948      0B61
___ftmul@cntr          cstackBANK0  0050
___ftmul@exp           cstackBANK0  004C
___ftmul@f1            cstackBANK0  0043
___ftmul@f2            cstackBANK0  0046
___ftmul@f3_as_product cstackBANK0  004D
___ftmul@sign          cstackBANK0  0051
___ftneg               text958      127C
___ftneg@f1            cstackBANK0  0028
___ftpack              text948      0BEB
___ftpack@arg          cstackBANK0  0028
___ftpack@exp          cstackBANK0  002B
___ftpack@sign         cstackBANK0  002C
___ftsub               text943      0011
___ftsub@f1            cstackBANK0  0061
___ftsub@f2            cstackBANK0  005E
___fttol               text961      132F
___fttol@exp1          cstackBANK0  0042
___fttol@f1            cstackBANK0  0036
___fttol@lval          cstackBANK0  003E
___fttol@sign1         cstackBANK0  003D
___lbdiv               text945      073F
___lbdiv@counter       cstackBANK0  002F
___lbdiv@dividend      cstackBANK0  002E
___lbdiv@divisor       cstackBANK0  002D
___lbdiv@quotient      cstackBANK0  0030
___lbmod               text945      075B
___lbmod@counter       cstackBANK0  002B
___lbmod@dividend      cstackBANK0  002A
___lbmod@divisor       cstackBANK0  0028
___lbmod@rem           cstackBANK0  002C
___lldiv               text956      07A0
___lldiv@counter       cstackBANK0  0034
___lldiv@dividend      cstackBANK0  002C
___lldiv@divisor       cstackBANK0  0028
___lldiv@quotient      cstackBANK0  0030
___llmod               text959      12F1
___llmod@counter       cstackBANK0  003D
___llmod@dividend      cstackBANK0  0039
___llmod@divisor       cstackBANK0  0035
___lltoft              text948      0900
___lltoft@c            cstackBANK0  0030
___lltoft@exp          cstackBANK0  0034
___wmul                text965      12D8
___wmul@multiplicand   cstackBANK0  002A
___wmul@multiplier     cstackBANK0  0028
___wmul@product        cstackBANK0  002C
__div_to_l_            text967      1408
__div_to_l_@cntr       cstackBANK0  003A
__div_to_l_@exp1       cstackBANK0  003B
__div_to_l_@f1         cstackBANK0  0028
__div_to_l_@f2         cstackBANK0  002B
__div_to_l_@quot       cstackBANK0  0036
__doprnt               text940      0109
__doprnt$3205          cstackBANK1  00AE
__doprnt@_val          cstackBANK1  00B5
__doprnt@ap            cstackBANK1  00A8
__doprnt@c             cstackBANK1  00C4
__doprnt@exp           cstackBANK1  00BB
__doprnt@f             cstackBANK1  00A7
__doprnt@flag          cstackBANK1  00B9
__doprnt@fval          cstackBANK1  00BF
__doprnt@integ         cstackBANK1  00B2
__doprnt@pb            cstackBANK1  00C5
__doprnt@prec          cstackBANK1  00C2
__doprnt@width         cstackBANK1  00BD
__end_of___altoft      text948      094D
__end_of___awdiv       text948      0B24
__end_of___awmod       text948      0B61
__end_of___bmul        text948      0BEB
__end_of___ftadd       text943      00E9
__end_of___ftge        text957      082E
__end_of___ftmul       text948      0BDC
__end_of___ftneg       text958      1284
__end_of___ftpack      text948      0C29
__end_of___ftsub       text943      0027
__end_of___fttol       text961      138A
__end_of___lbdiv       text945      075B
__end_of___lbmod       text945      0778
__end_of___lldiv       text956      07E8
__end_of___llmod       text959      132F
__end_of___lltoft      text948      091E
__end_of___wmul        text965      12F1
__end_of__div_to_l_    text967      14C7
__end_of__doprnt       text940_split_1 0FFD
__end_of__tdiv_to_l_   text968      1408
__end_of_fround        text945      073F
__end_of_isdigit       text969      12C6
__end_of_isprint       text941      17FB
__end_of_lcd_busy      text941      17ED
__end_of_lcd_gotoxy    text941      1627
__end_of_lcd_init      text941      1717
__end_of_lcd_put_byte  text941      17C2
__end_of_lcd_putc      text941      1656
__end_of_main          maintext     0900
__end_of_ngat          text974      150E
__end_of_printf        text939      129A
__end_of_putch         text941      160F
__end_of_rx            text972      00FE
__end_of_scale         text948      0ADF
__end_of_send_char     text954      07FD
__end_of_send_string   text954      07F7
__end_of_sprintf       text938      12D8
__end_of_tx            text973      12B7
__end_ofi1___ftadd     text974      15CE
__end_ofi1___ftpack    text974      160C
__npowers_             strings      1006
__pbssBANK0            bssBANK0     0064
__pbssBANK1            bssBANK1     00CE
__pcstackBANK0         cstackBANK0  0020
__pcstackBANK1         cstackBANK1  00A0
__pcstackCOMMON        cstackCOMMON 0070
__pfunctab             functab      0100
__pintentry            intentry     0004
__pmaintext            maintext     082E
__powers_              strings      102D
__pstrings             strings      1000
__ptext938             text938      12C6
__ptext939             text939      128C
__ptext940             text940      0109
__ptext941             text941      160C
__ptext942             text941      1627
__ptext943             text943      0011
__ptext944             text948      094D
__ptext945             text945      062A
__ptext946             text941      160F
__ptext947             text941      1656
__ptext948             text948      0900
__ptext949             text948      091E
__ptext950             text948      0B61
__ptext951             text943      0027
__ptext952             text941      17C2
__ptext953             text941      1717
__ptext954             text954      07E8
__ptext955             text948      0B24
__ptext956             text956      07A0
__ptext957             text957      0802
__ptext958             text958      127C
__ptext959             text959      12F1
__ptext960             text948      0ADF
__ptext961             text961      132F
__ptext962             text948      0BEB
__ptext963             text945      075B
__ptext964             text945      073F
__ptext965             text965      12D8
__ptext966             text948      0BDC
__ptext967             text967      1408
__ptext968             text968      1391
__ptext969             text969      12B7
__ptext970             text941      17ED
__ptext971             text954      07F7
__ptext972             text972      00E9
__ptext973             text973      12A8
__ptext974             text974      14D4
__ptext975             text974      150E
__ptext976             text974      15CE
__size_of___altoft     (abs)        0000
__size_of___awdiv      (abs)        0000
__size_of___awmod      (abs)        0000
__size_of___bmul       (abs)        0000
__size_of___ftadd      (abs)        0000
__size_of___ftge       (abs)        0000
__size_of___ftmul      (abs)        0000
__size_of___ftneg      (abs)        0000
__size_of___ftpack     (abs)        0000
__size_of___ftsub      (abs)        0000
__size_of___fttol      (abs)        0000
__size_of___lbdiv      (abs)        0000
__size_of___lbmod      (abs)        0000
__size_of___lldiv      (abs)        0000
__size_of___llmod      (abs)        0000
__size_of___lltoft     (abs)        0000
__size_of___wmul       (abs)        0000
__size_of__div_to_l_   (abs)        0000
__size_of__doprnt      (abs)        0000
__size_of__tdiv_to_l_  (abs)        0000
__size_of_fround       (abs)        0000
__size_of_isdigit      (abs)        0000
__size_of_isprint      (abs)        0000
__size_of_lcd_busy     (abs)        0000
__size_of_lcd_gotoxy   (abs)        0000
__size_of_lcd_init     (abs)        0000
__size_of_lcd_put_byte (abs)        0000
__size_of_lcd_putc     (abs)        0000
__size_of_main         (abs)        0000
__size_of_ngat         (abs)        0000
__size_of_printf       (abs)        0000
__size_of_putch        (abs)        0000
__size_of_rx           (abs)        0000
__size_of_scale        (abs)        0000
__size_of_send_char    (abs)        0000
__size_of_send_string  (abs)        0000
__size_of_sprintf      (abs)        0000
__size_of_tx           (abs)        0000
__size_ofi1___ftadd    (abs)        0000
__size_ofi1___ftpack   (abs)        0000
__tdiv_to_l_           text968      1391
__tdiv_to_l_@cntr      cstackBANK0  0035
__tdiv_to_l_@exp1      cstackBANK0  0036
__tdiv_to_l_@f1        cstackBANK0  0028
__tdiv_to_l_@f2        cstackBANK0  002B
__tdiv_to_l_@quot      cstackBANK0  0031
_data_rx               bssBANK1     00D5
_dem                   bssBANK0     0064
_dpowers               strings      1054
_exit                  init         000E
_f                     bssBANK1     00D2
_fround                text945      062A
_fround$4200           cstackBANK1  00A3
_fround$4201           cstackBANK1  00A0
_isdigit               text969      12B7
_isdigit$3713          cstackBANK0  0028
_isprint               text941      17ED
_isprint$3716          cstackBANK0  0028
_lcd_busy              text941      17C2
_lcd_gotoxy            text941      160F
_lcd_init              text941      1656
_lcd_put_byte          text941      1717
_lcd_putc              text941      1627
_main                  maintext     082E
_ngat                  text974      14D4
_printf                text939      128C
_putch                 text941      160C
_rx                    text972      00E9
_scale                 text948      094D
_scale$4202            cstackBANK0  0059
_send_char             text954      07F7
_send_string           text954      07E8
_sprintf               text938      12C6
_tx                    text973      12A8
_xung                  bssBANK1     00CE
btemp                  (abs)        007E
clear_ram              clrtext      1284
end_of_initialization  cinit        12A4
fpbase                 functab      0105
fptable                functab      0100
fptotal                (abs)        0002
fround@prec            cstackBANK1  00A6
i1___ftadd             text974      150E
i1___ftadd@exp1        cstackBANK0  0025
i1___ftadd@exp2        cstackBANK0  0024
i1___ftadd@f1          cstackCOMMON 0078
i1___ftadd@f2          cstackCOMMON 007B
i1___ftadd@sign        cstackBANK0  0023
i1___ftpack            text974      15CE
i1___ftpack@arg        cstackCOMMON 0070
i1___ftpack@exp        cstackCOMMON 0073
i1___ftpack@sign       cstackCOMMON 0074
i1l1076                                 
i1l6671                                 
i1l6673                                 
i1l6677                                 
i1l6681                                 
i1l6683                                 
i1l7103                                 
i1l7105                                 
i1l7107                                 
i1l7117                                 
i1l7123                                 
i1l7129                                 
i1l7131                                 
i1l7135                                 
i1l7147                                 
i1l7157                                 
i1l7163                                 
i1l7167                                 
i1l7169                                 
i1l7173                                 
i1l7175                                 
i1l7181                                 
i1l7183                                 
i1l7203                                 
i1l7205                                 
i1l7207                                 
interrupt_function     intentry     0004
intlevel0              functab      0100
intlevel1              functab      0100
intlevel2              functab      0100
intlevel3              functab      0100
intlevel4              functab      0100
intlevel5              functab      0100
isdigit@c              cstackBANK0  0029
isprint@c              cstackBANK0  0029
l1071                                   
l1082                                   
l1088                                   
l1091                                   
l1094                                   
l2150                                   
l2153                                   
l2161                                   
l2184                                   
l2350                                   
l3335                                   
l3340                                   
l3353                                   
l3360                                   
l3366                                   
l3372                                   
l3402                                   
l3408                                   
l3452                                   
l3519                                   
l3529                                   
l3533                                   
l3548                                   
l3587                                   
l3601                                   
l3609                                   
l3617                                   
l3660                                   
l6643                                   
l6645                                   
l6647                                   
l6649                                   
l6651                                   
l6653                                   
l6655                                   
l6657                                   
l6659                                   
l6661                                   
l6663                                   
l6665                                   
l6667                                   
l6669                                   
l6687                                   
l6691                                   
l6693                                   
l6703                                   
l6705                                   
l6715                                   
l6723                                   
l6725                                   
l6727                                   
l6729                                   
l6731                                   
l6735                                   
l6739                                   
l6743                                   
l6751                                   
l6763                                   
l6773                                   
l6775                                   
l6777                                   
l6779                                   
l6783                                   
l6787                                   
l6789                                   
l6797                                   
l6809                                   
l6817                                   
l6819                                   
l6911                                   
l6917                                   
l6919                                   
l6921                                   
l6923                                   
l6925                                   
l6933                                   
l6943                                   
l6949                                   
l6951                                   
l6955                                   
l6961                                   
l6965                                   
l6975                                   
l6979                                   
l6983                                   
l6987                                   
l6993                                   
l7007                                   
l7013                                   
l7021                                   
l7031                                   
l7033                                   
l7041                                   
l7043                                   
l7053                                   
l7057                                   
l7061                                   
l7067                                   
l7069                                   
l7073                                   
l7093                                   
l7097                                   
l7209                                   
l7213                                   
l7217                                   
l7219                                   
l7221                                   
l7225                                   
l7227                                   
l7229                                   
l7237                                   
l7239                                   
l7241                                   
l7249                                   
l7251                                   
l7253                                   
l7255                                   
l7257                                   
l7259                                   
l7261                                   
l7263                                   
l7427                                   
l7429                                   
l7431                                   
l7433                                   
l7435                                   
l7437                                   
l7465                                   
l7467                                   
l7473                                   
l7545                                   
l7563                                   
l8175                                   
l8183                                   
l8185                                   
l8191                                   
l8193                                   
l8195                                   
l8201                                   
l8205                                   
l8209                                   
l8215                                   
l8217                                   
l8221                                   
l8223                                   
l8229                                   
l8233                                   
l8235                                   
l8255                                   
l8257                                   
l8259                                   
l8261                                   
l8263                                   
l8265                                   
l8275                                   
l8281                                   
l8287                                   
l8289                                   
l8293                                   
l8305                                   
l8315                                   
l8321                                   
l8325                                   
l8327                                   
l8331                                   
l8333                                   
l8339                                   
l8353                                   
l8355                                   
l8357                                   
l8359                                   
l8361                                   
l8363                                   
l8365                                   
l8367                                   
l8375                                   
l8377                                   
l8379                                   
l8387                                   
l8389                                   
l8391                                   
l8395                                   
l8397                                   
l8399                                   
l8411                                   
l8421                                   
l8425                                   
l8435                                   
l8443                                   
l8447                                   
l8483                                   
l8485                                   
l8489                                   
l8499                                   
l8503                                   
l8515                                   
l8517                                   
l8523                                   
l8525                                   
l8529                                   
l8535                                   
l8551                                   
l8555                                   
l8559                                   
l8563                                   
l8565                                   
l8567                                   
l8569                                   
l8571                                   
l8573                                   
l8579                                   
l8581                                   
l8611                                   
l8613                                   
l8615                                   
l8619                                   
l8633                                   
l8637                                   
l8655                                   
l8667                                   
l8699                                   
l8711                                   
l8717                                   
l8727                                   
l8739                                   
l8747                                   
l8765                                   
l8805                                   
l8815                                   
l8827                                   
l8843                                   
l8859                                   
l8861                                   
l8863                                   
l8865                                   
l8869                                   
l8871                                   
l8873                                   
l8875                                   
l8877                                   
l8881                                   
l8883                                   
l8885                                   
l8887                                   
l8889                                   
l8891                                   
l8893                                   
l8895                                   
l8897                                   
l8899                                   
l8901                                   
l8903                                   
l8905                                   
l8907                                   
l8909                                   
l8911                                   
l8913                                   
l8915                                   
l8917                                   
l8919                                   
l8921                                   
l8923                                   
l8925                                   
l8927                                   
l8929                                   
l8931                                   
l8933                                   
l8935                                   
l8937                                   
l8939                                   
l8941                                   
l8943                                   
l8947                                   
l8949                                   
l8951                                   
l8953                                   
l8955                                   
l8957                                   
lcd_busy@busy          cstackBANK0  0029
lcd_gotoxy@address     cstackBANK0  002F
lcd_gotoxy@col         cstackBANK0  002E
lcd_gotoxy@row         cstackBANK0  002D
lcd_put_byte@b         cstackBANK0  0028
lcd_put_byte@rs        cstackBANK0  002B
lcd_put_byte@temp      cstackBANK0  002C
lcd_putc@c             cstackBANK0  0030
printf@ap              cstackBANK1  00CB
printf@f               cstackBANK1  00CA
printf@pb              cstackBANK1  00CC
putch@c                cstackBANK0  003E
reset_vec              reset_vec    0000
saved_w                (abs)        007E
scale@scl              cstackBANK0  005C
send_char@data         cstackBANK0  0028
send_string@s          cstackBANK0  0029
sprintf@ap             cstackBANK1  00CB
sprintf@f              cstackBANK1  00C6
sprintf@pb             cstackBANK1  00CC
sprintf@wh             cstackBANK1  00CA
start                  init         000E
start_initialization   cinit        129A
u3110                                   
u5700                                   
wtemp0                 (abs)        007E
