HI-TECH Software C Compiler 

Linker command line:

--edf=C:\Program Files (x86)\HI-TECH Software\PICC\9.83\dat\en_msgs.txt -cs \
  -h+BT02week14ttvxl.sym -z -Q16F887 -ol.obj -MBT02week14ttvxl.map -E1 \
  -ACONST=00h-0FFhx32 -ACODE=00h-07FFhx4 -ASTRCODE=00h-01FFFh \
  -AENTRY=00h-0FFhx32 -ASTRING=00h-0FFhx32 -ABANK0=020h-06Fh \
  -ABANK1=0A0h-0EFh -ABANK2=0110h-016Fh -ABANK3=0190h-01EFh \
  -ARAM=020h-06Fh,0A0h-0EFh,0110h-016Fh,0190h-01EFh \
  -AABS1=020h-07Fh,0A0h-0EFh,0110h-016Fh,0190h-01EFh -ACOMMON=070h-07Fh \
  -ASFR0=00h-01Fh -ASFR1=080h-09Fh -ASFR2=0100h-010Fh -ASFR3=0180h-018Fh \
  -preset_vec=00h,intentry=04h,init,end_init -ppowerup=CODE -pfunctab=CODE \
  -ACONFIG=02007h-02008h -pconfig=CONFIG -DCONFIG=2 -AIDLOC=02000h-02003h \
  -pidloc=IDLOC -DIDLOC=2 -AEEDATA=00h-0FFh/02100h -peeprom_data=EEDATA \
  -DEEDATA=2 -DCODE=2 -DSTRCODE=2 -DSTRING=2 -DCONST=2 -DENTRY=2 -k \
  startup.obj BT02week14ttvxl.obj 

Object code version is 3.10

Machine type is 16F887



                Name                               Link     Load   Length Selector   Space Scale
startup.obj     end_init                              C        C        3        8       0
                reset_vec                             0        0        3        0       0
BT02week14ttvxl.obj
                intentry                              4        4        8        8       0
                config                             2007     2007        1     400E       0
                text549                             79B      79B       17        8       0
                text545                            1735     1735       CB     2E6A       0
                text527                             C8A      C8A      376     1914       0
                text525                             AB9      AB9      1D1     1572       0
                text524                             967      967      152     12CE       0
                text522                             88F      88F       D8     111E       0
                text519                               F        F      78C        8       0
                maintext                           16A3     16A3       92     2D46       0
                cstackBANK0                          20       20       42       20       1
                cstackCOMMON                         70       70        C       70       1
                cstackBANK1                          A0       A0       19       A0       1
                bssBANK0                             62       62        9       20       1
                cinit                               7B2      7B2        D        8       0
                strings                            1000     1000       90     2000       0

TOTAL           Name                               Link     Load   Length     Space
        CLASS   CONST          

        CLASS   CODE           
                end_init                              C        C        3         0
                intentry                              4        4        8         0
                reset_vec                             0        0        3         0
                text549                             79B      79B       17         0
                text545                            1735     1735       CB         0
                text527                             C8A      C8A      376         0
                text525                             AB9      AB9      1D1         0
                text524                             967      967      152         0
                text522                             88F      88F       D8         0
                text519                               F        F      78C         0
                maintext                           16A3     16A3       92         0
                cinit                               7B2      7B2        D         0

        CLASS   STRCODE        

        CLASS   ENTRY          

        CLASS   STRING         
                strings                            1000     1000       90         0

        CLASS   BANK0          
                cstackBANK0                          20       20       42         1
                bssBANK0                             62       62        9         1

        CLASS   BANK1          
                cstackBANK1                          A0       A0       19         1

        CLASS   BANK2          

        CLASS   BANK3          

        CLASS   RAM            

        CLASS   ABS1           
                abs_s1                               7E       7E        2         1

        CLASS   COMMON         
                cstackCOMMON                         70       70        C         1

        CLASS   SFR0           

        CLASS   SFR1           

        CLASS   SFR2           

        CLASS   SFR3           

        CLASS   CONFIG         
                config                             2007     2007        1         0

        CLASS   IDLOC          

        CLASS   EEDATA         



SEGMENTS        Name                           Load    Length   Top    Selector   Space  Class     Delta

                reset_vec                      000000  000003  000003         0       0  CODE        2
                intentry                       000004  0007BB  0007BF         8       0  CODE        2
                cstackBANK0                    000020  00004B  00006B        20       1  BANK0       1
                cstackCOMMON                   000070  00000C  00007C        70       1  COMMON      1
                cstackBANK1                    0000A0  000019  0000B9        A0       1  BANK1       1
                text522                        00088F  0000D8  000967      111E       0  CODE        2
                text524                        000967  000152  000AB9      12CE       0  CODE        2
                text525                        000AB9  0001D1  000C8A      1572       0  CODE        2
                text527                        000C8A  000376  001000      1914       0  CODE        2
                strings                        001000  000090  001090      2000       0  STRING      2
                maintext                       0016A3  000092  001735      2D46       0  CODE        2
                text545                        001735  0000CB  001800      2E6A       0  CODE        2
                config                         002007  000001  002008      400E       0  CONFIG      2


UNUSED ADDRESS RANGES

        Name                Unused          Largest block    Delta
        BANK0            006B-006F              5           1
        BANK1            00B9-00EF             37           1
        BANK2            0110-016F             60           1
        BANK3            0190-01EF             60           1
        CODE             0003-0003              1           2
                         07BF-088E             41
                         1090-16A2            613
                         1800-1FFF            800
        COMMON           007C-007D              2           1
        CONFIG           2008-2008              1           2
        CONST            0003-0003              1           2
                         07BF-088E             41
                         1090-16A2            100
                         1800-1FFF            100
        EEDATA           2100-21FF            100           2
        ENTRY            0003-0003              1           2
                         07BF-088E             41
                         1090-16A2            100
                         1800-1FFF            100
        IDLOC            2000-2003              4           2
        RAM              006B-006F              5           1
                         00B9-00EF             37
                         0110-016F             60
                         0190-01EF             60
        SFR0             0000-001F             20           1
        SFR1             0080-009F             20           1
        SFR2             0100-010F             10           1
        SFR3             0180-018F             10           1
        STRCODE          0003-0003              1           2
                         07BF-088E             D0
                         1090-16A2            613
                         1800-1FFF            800
        STRING           0003-0003              1           2
                         07BF-088E             41
                         1090-16A2            100
                         1800-1FFF            100

                                  Symbol Table

??___altoft            cstackCOMMON 007A
??___awdiv             cstackCOMMON 007C
??___awmod             cstackCOMMON 0076
??___bmul              cstackCOMMON 007C
??___ftadd             cstackBANK0  0046
??___ftge              cstackCOMMON 0078
??___ftmul             cstackBANK0  0037
??___ftneg             cstackCOMMON 0075
??___ftpack            cstackCOMMON 0077
??___ftsub             cstackCOMMON 007C
??___fttol             cstackBANK0  0028
??___lbdiv             cstackCOMMON 0078
??___lbmod             cstackCOMMON 0073
??___lldiv             cstackCOMMON 007A
??___llmod             cstackCOMMON 007A
??___lltoft            cstackCOMMON 007A
??___wmul              cstackCOMMON 0076
??__div_to_l_          cstackBANK0  0020
??__tdiv_to_l_         cstackCOMMON 0078
??_fround              cstackCOMMON 007C
??_isdigit             cstackCOMMON 0072
??_isprint             cstackCOMMON 0072
??_lcd_busy            cstackCOMMON 0072
??_lcd_gotoxy          cstackCOMMON 0078
??_lcd_init            cstackCOMMON 0077
??_lcd_put_byte        cstackCOMMON 0073
??_lcd_putc            cstackCOMMON 007A
??_main                cstackBANK0  005F
??_ngat                cstackCOMMON 0070
??_printf              cstackBANK0  005A
??_putch               cstackCOMMON 007B
??_scale               cstackBANK0  0043
?___altoft             cstackBANK0  0020
?___awdiv              cstackCOMMON 0078
?___awmod              cstackCOMMON 0072
?___bmul               cstackCOMMON 007B
?___ftadd              cstackBANK0  0040
?___ftge               cstackCOMMON 0072
?___ftmul              cstackBANK0  0031
?___ftneg              cstackCOMMON 0072
?___ftpack             cstackCOMMON 0072
?___ftsub              cstackBANK0  004C
?___fttol              cstackBANK0  0024
?___lbdiv              cstackCOMMON 0077
?___lbmod              cstackCOMMON 0072
?___lldiv              cstackCOMMON 0072
?___llmod              cstackBANK0  0025
?___lltoft             cstackBANK0  0020
?___wmul               cstackCOMMON 0072
?__div_to_l_           cstackCOMMON 0072
?__tdiv_to_l_          cstackCOMMON 0072
?_fround               cstackBANK0  004C
?_isdigit              cstackCOMMON 0070
?_isprint              cstackCOMMON 0070
?_lcd_busy             cstackCOMMON 0070
?_lcd_gotoxy           cstackCOMMON 0077
?_lcd_init             cstackCOMMON 0070
?_lcd_put_byte         cstackCOMMON 0072
?_lcd_putc             cstackCOMMON 0070
?_main                 cstackCOMMON 0070
?_ngat                 cstackCOMMON 0070
?_printf               cstackBANK0  0056
?_putch                cstackCOMMON 0070
?_scale                cstackBANK0  0040
_ANSEL                 (abs)        0188
_ANSELH                (abs)        0189
_GIE                   (abs)        005F
_IOCB                  (abs)        0096
_RB1                   (abs)        0031
_RBIE                  (abs)        005B
_RBIF                  (abs)        0058
_RD1                   (abs)        0041
_RD2                   (abs)        0042
_RD3                   (abs)        0043
_RD4                   (abs)        0044
_RD5                   (abs)        0045
_RD6                   (abs)        0046
_RD7                   (abs)        0047
_RE0                   (abs)        0048
_RE1                   (abs)        0049
_T1CKPS0               (abs)        0084
_T1CKPS1               (abs)        0085
_T1SYNC                (abs)        0082
_TMR1                  (abs)        000E
_TMR1CS                (abs)        0081
_TMR1GE                (abs)        0086
_TMR1H                 (abs)        000F
_TMR1L                 (abs)        000E
_TMR1ON                (abs)        0080
_TRISB1                (abs)        0431
_TRISD1                (abs)        0441
_TRISD2                (abs)        0442
_TRISD3                (abs)        0443
_TRISD4                (abs)        0444
_TRISD5                (abs)        0445
_TRISD6                (abs)        0446
_TRISD7                (abs)        0447
_TRISE0                (abs)        0448
_TRISE1                (abs)        0449
_WPUB                  (abs)        0095
__Habs1                abs1         0000
__Hbank0               bank0        0000
__Hbank1               bank1        0000
__Hbank2               bank2        0000
__Hbank3               bank3        0000
__HbssBANK0            bssBANK0     0000
__Hcinit               cinit        0000
__Hclrtext             clrtext      0000
__Hcode                code         0000
__Hcommon              common       0000
__Hconfig              config       2008
__HcstackBANK0         cstackBANK0  0000
__HcstackBANK1         cstackBANK1  0000
__HcstackCOMMON        cstackCOMMON 0000
__Heeprom_data         eeprom_data  0000
__Hend_init            end_init     000F
__Hfunctab             functab      0000
__Hidloc               idloc        0000
__Hinit                init         000C
__Hintentry            intentry     000C
__Hmaintext            maintext     0000
__Hpa_nodes            pa_nodes     0000
__Hpowerup             powerup      0000
__Hram                 ram          0000
__Hreset_vec           reset_vec    0003
__Hsfr0                sfr0         0000
__Hsfr1                sfr1         0000
__Hsfr2                sfr2         0000
__Hsfr3                sfr3         0000
__Hstrings             strings      0000
__Htext                text         0000
__Labs1                abs1         0000
__Lbank0               bank0        0000
__Lbank1               bank1        0000
__Lbank2               bank2        0000
__Lbank3               bank3        0000
__LbssBANK0            bssBANK0     0000
__Lcinit               cinit        0000
__Lclrtext             clrtext      0000
__Lcode                code         0000
__Lcommon              common       0000
__Lconfig              config       2007
__LcstackBANK0         cstackBANK0  0000
__LcstackBANK1         cstackBANK1  0000
__LcstackCOMMON        cstackCOMMON 0000
__Leeprom_data         eeprom_data  0000
__Lend_init            end_init     000C
__Lfunctab             functab      0000
__Lidloc               idloc        0000
__Linit                init         000C
__Lintentry            intentry     0004
__Lmaintext            maintext     0000
__Lpa_nodes            pa_nodes     0000
__Lpowerup             powerup      0000
__Lram                 ram          0000
__Lreset_vec           reset_vec    0000
__Lsfr0                sfr0         0000
__Lsfr1                sfr1         0000
__Lsfr2                sfr2         0000
__Lsfr3                sfr3         0000
__Lstrings             strings      0000
__Ltext                text         0000
__S0                   (abs)        2008
__S1                   (abs)        00B9
__S2                   (abs)        0000
___altoft              text527      0CA8
___altoft@c            cstackBANK0  0020
___altoft@exp          cstackCOMMON 007A
___altoft@sign         cstackCOMMON 007B
___awdiv               text527      0E69
___awdiv@counter       cstackBANK0  0020
___awdiv@dividend      cstackCOMMON 007A
___awdiv@divisor       cstackCOMMON 0078
___awdiv@quotient      cstackBANK0  0022
___awdiv@sign          cstackBANK0  0021
___awmod               text527      0EAF
___awmod@counter       cstackCOMMON 0076
___awmod@dividend      cstackCOMMON 0074
___awmod@divisor       cstackCOMMON 0072
___awmod@sign          cstackCOMMON 0077
___bmul                text527      0F5B
___bmul@multiplicand   cstackCOMMON 007B
___bmul@multiplier     cstackBANK0  0021
___bmul@product        cstackBANK0  0020
___ftadd               text522      08A5
___ftadd@exp1          cstackBANK0  004B
___ftadd@exp2          cstackBANK0  004A
___ftadd@f1            cstackBANK0  0040
___ftadd@f2            cstackBANK0  0043
___ftadd@sign          cstackBANK0  0049
___ftge                text519      058F
___ftge@ff1            cstackCOMMON 0072
___ftge@ff2            cstackCOMMON 0075
___ftmul               text527      0EEC
___ftmul@cntr          cstackBANK0  003E
___ftmul@exp           cstackBANK0  003A
___ftmul@f1            cstackBANK0  0031
___ftmul@f2            cstackBANK0  0034
___ftmul@f3_as_product cstackBANK0  003B
___ftmul@sign          cstackBANK0  003F
___ftneg               text519      06FE
___ftneg@f1            cstackCOMMON 0072
___ftpack              text527      0F69
___ftpack@arg          cstackCOMMON 0072
___ftpack@exp          cstackCOMMON 0075
___ftpack@sign         cstackCOMMON 0076
___ftsub               text522      088F
___ftsub@f1            cstackBANK0  004F
___ftsub@f2            cstackBANK0  004C
___fttol               text519      05E2
___fttol@exp1          cstackBANK0  0030
___fttol@f1            cstackBANK0  0024
___fttol@lval          cstackBANK0  002C
___fttol@sign1         cstackBANK0  002B
___lbdiv               text524      0A6C
___lbdiv@counter       cstackCOMMON 0079
___lbdiv@dividend      cstackCOMMON 0078
___lbdiv@divisor       cstackCOMMON 0077
___lbdiv@quotient      cstackCOMMON 007A
___lbmod               text524      0A87
___lbmod@counter       cstackCOMMON 0075
___lbmod@dividend      cstackCOMMON 0074
___lbmod@divisor       cstackCOMMON 0072
___lbmod@rem           cstackCOMMON 0076
___lldiv               text519      063D
___lldiv@counter       cstackBANK0  0024
___lldiv@dividend      cstackCOMMON 0076
___lldiv@divisor       cstackCOMMON 0072
___lldiv@quotient      cstackBANK0  0020
___llmod               text519      0551
___llmod@counter       cstackCOMMON 007A
___llmod@dividend      cstackBANK0  0029
___llmod@divisor       cstackBANK0  0025
___lltoft              text527      0C8A
___lltoft@c            cstackBANK0  0020
___lltoft@exp          cstackCOMMON 007A
___wmul                text519      05C9
___wmul@multiplicand   cstackCOMMON 0074
___wmul@multiplier     cstackCOMMON 0072
___wmul@product        cstackCOMMON 0076
__div_to_l_            text545      1735
__div_to_l_@cntr       cstackBANK0  002C
__div_to_l_@exp1       cstackBANK0  002D
__div_to_l_@f1         cstackCOMMON 0072
__div_to_l_@f2         cstackCOMMON 0075
__div_to_l_@quot       cstackBANK0  0028
__end_of___altoft      text527      0CD7
__end_of___awdiv       text527      0EAF
__end_of___awmod       text527      0EEC
__end_of___bmul        text527      0F69
__end_of___ftadd       text522      0967
__end_of___ftge        text519      05BB
__end_of___ftmul       text527      0F5B
__end_of___ftneg       text519      0706
__end_of___ftpack      text527      0FA7
__end_of___ftsub       text522      08A5
__end_of___fttol       text519      063D
__end_of___lbdiv       text524      0A87
__end_of___lbmod       text524      0AA3
__end_of___lldiv       text519      0686
__end_of___llmod       text519      058F
__end_of___lltoft      text527      0CA8
__end_of___wmul        text519      05E2
__end_of__div_to_l_    text545      17F3
__end_of__tdiv_to_l_   text519      06FE
__end_of_fround        text524      0A6C
__end_of_isdigit       text519      05C9
__end_of_isprint       text525      0C80
__end_of_lcd_busy      text525      0C72
__end_of_lcd_gotoxy    text525      0AD1
__end_of_lcd_init      text525      0BBB
__end_of_lcd_put_byte  text525      0C4B
__end_of_lcd_putc      text525      0B00
__end_of_main          maintext     1735
__end_of_ngat          text549      07B2
__end_of_printf        text519      054D
__end_of_putch         text519      0551
__end_of_scale         text527      0E69
__npowers_             strings      1006
__pbssBANK0            bssBANK0     0062
__pcstackBANK0         cstackBANK0  0020
__pcstackBANK1         cstackBANK1  00A0
__pcstackCOMMON        cstackCOMMON 0070
__pintentry            intentry     0004
__pmaintext            maintext     16A3
__powers_              strings      102D
__pstrings             strings      1000
__ptext519             text519      000F
__ptext520             text519      054D
__ptext521             text525      0AD1
__ptext522             text522      088F
__ptext523             text527      0CD7
__ptext524             text524      0967
__ptext525             text525      0AB9
__ptext526             text525      0B00
__ptext527             text527      0C8A
__ptext528             text527      0CA8
__ptext529             text527      0EEC
__ptext530             text522      08A5
__ptext531             text525      0C4B
__ptext532             text525      0BBB
__ptext533             text527      0EAF
__ptext534             text519      063D
__ptext535             text519      058F
__ptext536             text519      06FE
__ptext537             text519      0551
__ptext538             text527      0E69
__ptext539             text519      05E2
__ptext540             text527      0F69
__ptext541             text524      0A87
__ptext542             text524      0A6C
__ptext543             text519      05C9
__ptext544             text527      0F5B
__ptext545             text545      1735
__ptext546             text519      0686
__ptext547             text519      05BB
__ptext548             text525      0C72
__ptext549             text549      079B
__ptext550             text550      0000
__size_of___altoft     (abs)        0000
__size_of___awdiv      (abs)        0000
__size_of___awmod      (abs)        0000
__size_of___bmul       (abs)        0000
__size_of___ftadd      (abs)        0000
__size_of___ftge       (abs)        0000
__size_of___ftmul      (abs)        0000
__size_of___ftneg      (abs)        0000
__size_of___ftpack     (abs)        0000
__size_of___ftsub      (abs)        0000
__size_of___fttol      (abs)        0000
__size_of___lbdiv      (abs)        0000
__size_of___lbmod      (abs)        0000
__size_of___lldiv      (abs)        0000
__size_of___llmod      (abs)        0000
__size_of___lltoft     (abs)        0000
__size_of___wmul       (abs)        0000
__size_of__div_to_l_   (abs)        0000
__size_of__tdiv_to_l_  (abs)        0000
__size_of_fround       (abs)        0000
__size_of_isdigit      (abs)        0000
__size_of_isprint      (abs)        0000
__size_of_lcd_busy     (abs)        0000
__size_of_lcd_gotoxy   (abs)        0000
__size_of_lcd_init     (abs)        0000
__size_of_lcd_put_byte (abs)        0000
__size_of_lcd_putc     (abs)        0000
__size_of_main         (abs)        0000
__size_of_ngat         (abs)        0000
__size_of_printf       (abs)        0000
__size_of_putch        (abs)        0000
__size_of_scale        (abs)        0000
__tdiv_to_l_           text519      0686
__tdiv_to_l_@cntr      cstackBANK0  0024
__tdiv_to_l_@exp1      cstackBANK0  0025
__tdiv_to_l_@f1        cstackCOMMON 0072
__tdiv_to_l_@f2        cstackCOMMON 0075
__tdiv_to_l_@quot      cstackBANK0  0020
_count                 bssBANK0     0065
_d                     bssBANK0     0062
_dpowers               strings      1054
_exit                  init         000C
_fround                text524      0967
_fround$4106           cstackBANK0  0052
_fround$4107           cstackBANK0  004F
_isdigit               text519      05BB
_isdigit$3671          cstackCOMMON 0072
_isprint               text525      0C72
_isprint$3674          cstackCOMMON 0072
_lcd_busy              text525      0C4B
_lcd_gotoxy            text525      0AB9
_lcd_init              text525      0B00
_lcd_put_byte          text525      0BBB
_lcd_putc              text525      0AD1
_main                  maintext     16A3
_nRBPU                 (abs)        040F
_ngat                  text549      079B
_printf                text519      000F
_printf$3163           cstackBANK1  00A0
_putch                 text519      054D
_scale                 text527      0CD7
_scale$4108            cstackBANK0  0047
_xung                  bssBANK0     0067
btemp                  (abs)        007E
end_of_initialization  cinit        07BB
fround@prec            cstackBANK0  0055
i1l1058                                 
i1l6058                                 
i1l6064                                 
i1l6066                                 
interrupt_function     intentry     0004
intlevel0              functab      0000
intlevel1              functab      0000
intlevel2              functab      0000
intlevel3              functab      0000
intlevel4              functab      0000
intlevel5              functab      0000
isdigit@c              cstackCOMMON 0073
isprint@c              cstackCOMMON 0073
l1061                                   
l2117                                   
l2120                                   
l2128                                   
l2151                                   
l3278                                   
l3283                                   
l3293                                   
l3299                                   
l3329                                   
l3335                                   
l3379                                   
l3446                                   
l3456                                   
l3460                                   
l3475                                   
l3514                                   
l3528                                   
l3536                                   
l3544                                   
l3587                                   
l6070                                   
l6072                                   
l6082                                   
l6084                                   
l6094                                   
l6102                                   
l6104                                   
l6106                                   
l6108                                   
l6110                                   
l6114                                   
l6118                                   
l6122                                   
l6130                                   
l6142                                   
l6152                                   
l6154                                   
l6156                                   
l6158                                   
l6162                                   
l6166                                   
l6168                                   
l6176                                   
l6188                                   
l6196                                   
l6198                                   
l6204                                   
l6212                                   
l6214                                   
l6220                                   
l6222                                   
l6224                                   
l6230                                   
l6234                                   
l6238                                   
l6244                                   
l6246                                   
l6250                                   
l6252                                   
l6258                                   
l6262                                   
l6264                                   
l6284                                   
l6286                                   
l6288                                   
l6290                                   
l6296                                   
l6298                                   
l6300                                   
l6302                                   
l6304                                   
l6312                                   
l6322                                   
l6328                                   
l6330                                   
l6334                                   
l6340                                   
l6344                                   
l6354                                   
l6358                                   
l6362                                   
l6366                                   
l6372                                   
l6386                                   
l6392                                   
l6400                                   
l6410                                   
l6412                                   
l6420                                   
l6422                                   
l6432                                   
l6436                                   
l6440                                   
l6446                                   
l6448                                   
l6452                                   
l6472                                   
l6476                                   
l6482                                   
l6484                                   
l6486                                   
l6490                                   
l6492                                   
l6494                                   
l6502                                   
l6504                                   
l6506                                   
l6514                                   
l6516                                   
l6518                                   
l6520                                   
l6522                                   
l6524                                   
l6526                                   
l6528                                   
l6532                                   
l6534                                   
l6536                                   
l6546                                   
l6552                                   
l6558                                   
l6560                                   
l6564                                   
l6576                                   
l6586                                   
l6592                                   
l6596                                   
l6598                                   
l6602                                   
l6604                                   
l6610                                   
l6624                                   
l6626                                   
l6628                                   
l6630                                   
l6632                                   
l6634                                   
l6636                                   
l6638                                   
l6646                                   
l6648                                   
l6650                                   
l6658                                   
l6660                                   
l6662                                   
l6666                                   
l6668                                   
l6670                                   
l6682                                   
l6692                                   
l6694                                   
l6696                                   
l6698                                   
l6700                                   
l6702                                   
l6730                                   
l6732                                   
l6738                                   
l6742                                   
l6746                                   
l6756                                   
l6764                                   
l6768                                   
l6804                                   
l6806                                   
l6810                                   
l6828                                   
l6830                                   
l6838                                   
l6850                                   
l6852                                   
l6858                                   
l6860                                   
l6864                                   
l6870                                   
l6886                                   
l6888                                   
l6892                                   
l6896                                   
l6900                                   
l6902                                   
l6904                                   
l6906                                   
l6908                                   
l6910                                   
l6916                                   
l6918                                   
l6948                                   
l6950                                   
l6952                                   
l6956                                   
l6970                                   
l6974                                   
l6988                                   
l6994                                   
l7008                                   
l7018                                   
l7026                                   
l7032                                   
l7034                                   
l7052                                   
l7092                                   
l7098                                   
l7110                                   
l7112                                   
l7114                                   
l7116                                   
l7118                                   
l7120                                   
l7122                                   
l7124                                   
l7126                                   
l7128                                   
l7130                                   
l7132                                   
l7134                                   
l7136                                   
l7138                                   
l7140                                   
l7142                                   
l7144                                   
l7146                                   
l7148                                   
l7152                                   
l7154                                   
l7156                                   
l7158                                   
l7160                                   
l7162                                   
l7164                                   
l7166                                   
l7168                                   
lcd_busy@busy          cstackCOMMON 0073
lcd_gotoxy@address     cstackCOMMON 0079
lcd_gotoxy@col         cstackCOMMON 0078
lcd_gotoxy@row         cstackCOMMON 0077
lcd_put_byte@b         cstackCOMMON 0072
lcd_put_byte@rs        cstackCOMMON 0075
lcd_put_byte@temp      cstackCOMMON 0076
lcd_putc@c             cstackCOMMON 007A
printf@_val            cstackBANK1  00A8
printf@ap              cstackBANK1  00A4
printf@c               cstackBANK1  00B8
printf@exp             cstackBANK1  00AF
printf@f               cstackBANK1  00AC
printf@flag            cstackBANK1  00AD
printf@fval            cstackBANK1  00B3
printf@integ           cstackBANK1  00A5
printf@prec            cstackBANK1  00B6
printf@width           cstackBANK1  00B1
putch@c                cstackCOMMON 007B
reset_vec              reset_vec    0000
saved_w                (abs)        007E
scale@scl              cstackBANK0  004A
start                  init         000C
start_initialization   cinit        07B2
u2400                                   
u3490                                   
wtemp0                 (abs)        007E
