HI-TECH Software C Compiler 

Linker command line:

--edf=C:\Program Files (x86)\HI-TECH Software\PICC\9.83\dat\en_msgs.txt -cs \
  -h+BT03week12ttvxl.sym -z -Q16F887 -ol.obj -MBT03week12ttvxl.map -E1 \
  -ACONST=00h-0FFhx32 -ACODE=00h-07FFhx4 -ASTRCODE=00h-01FFFh \
  -AENTRY=00h-0FFhx32 -ASTRING=00h-0FFhx32 -ABANK0=020h-06Fh \
  -ABANK1=0A0h-0EFh -ABANK2=0110h-016Fh -ABANK3=0190h-01EFh \
  -ARAM=020h-06Fh,0A0h-0EFh,0110h-016Fh,0190h-01EFh \
  -AABS1=020h-07Fh,0A0h-0EFh,0110h-016Fh,0190h-01EFh -ACOMMON=070h-07Fh \
  -ASFR0=00h-01Fh -ASFR1=080h-09Fh -ASFR2=0100h-010Fh -ASFR3=0180h-018Fh \
  -preset_vec=00h,intentry=04h,init,end_init -ppowerup=CODE -pfunctab=CODE \
  -ACONFIG=02007h-02008h -pconfig=CONFIG -DCONFIG=2 -AIDLOC=02000h-02003h \
  -pidloc=IDLOC -DIDLOC=2 -AEEDATA=00h-0FFh/02100h -peeprom_data=EEDATA \
  -DEEDATA=2 -DCODE=2 -DSTRCODE=2 -DSTRING=2 -DCONST=2 -DENTRY=2 -k \
  startup.obj BT03week12ttvxl.obj 

Object code version is 3.10

Machine type is 16F887



                Name                               Link     Load   Length Selector   Space Scale
startup.obj     end_init                              E        E        3        8       0
                reset_vec                             0        0        3        0       0
BT03week12ttvxl.obj
                intentry                              4        4        A        8       0
                config                             2007     2007        1     400E       0
                text799                            16C8     16C8      138     2D90       0
                text795                             80D      80D       CC     101A       0
                text777                             C40      C40      3C0     1880       0
                text774                             A4F      A4F      1F1     149E       0
                text773                             8D9      8D9      176     11B2       0
                text771                            15E0     15E0       E8     2BC0       0
                text768                              11       11      7B5        8       0
                maintext                           1551     1551       8F     2AA2       0
                cstackBANK0                          20       20       43       20       1
                cstackCOMMON                         70       70        E       70       1
                cstackBANK1                          A0       A0       29       A0       1
                bssBANK1                             C9       C9        7       A0       1
                bssBANK0                             63       63        3       20       1
                cinit                               7C6      7C6        F        8       0
                strings                            1000     1000       90     2000       0

TOTAL           Name                               Link     Load   Length     Space
        CLASS   CONST          

        CLASS   CODE           
                end_init                              E        E        3         0
                intentry                              4        4        A         0
                reset_vec                             0        0        3         0
                text799                            16C8     16C8      138         0
                text795                             80D      80D       CC         0
                text777                             C40      C40      3C0         0
                text774                             A4F      A4F      1F1         0
                text773                             8D9      8D9      176         0
                text771                            15E0     15E0       E8         0
                text768                              11       11      7B5         0
                maintext                           1551     1551       8F         0
                cinit                               7C6      7C6        F         0

        CLASS   STRCODE        

        CLASS   ENTRY          

        CLASS   STRING         
                strings                            1000     1000       90         0

        CLASS   BANK0          
                cstackBANK0                          20       20       43         1
                bssBANK0                             63       63        3         1

        CLASS   BANK1          
                cstackBANK1                          A0       A0       29         1
                bssBANK1                             C9       C9        7         1

        CLASS   BANK2          

        CLASS   BANK3          

        CLASS   RAM            

        CLASS   ABS1           
                abs_s1                               7E       7E        2         1

        CLASS   COMMON         
                cstackCOMMON                         70       70        E         1

        CLASS   SFR0           

        CLASS   SFR1           

        CLASS   SFR2           

        CLASS   SFR3           

        CLASS   CONFIG         
                config                             2007     2007        1         0

        CLASS   IDLOC          

        CLASS   EEDATA         



SEGMENTS        Name                           Load    Length   Top    Selector   Space  Class     Delta

                reset_vec                      000000  000003  000003         0       0  CODE        2
                intentry                       000004  0007D1  0007D5         8       0  CODE        2
                cstackBANK0                    000020  000046  000066        20       1  BANK0       1
                cstackCOMMON                   000070  00000E  00007E        70       1  COMMON      1
                cstackBANK1                    0000A0  000030  0000D0        A0       1  BANK1       1
                text795                        00080D  0000CC  0008D9      101A       0  CODE        2
                text773                        0008D9  000176  000A4F      11B2       0  CODE        2
                text774                        000A4F  0001F1  000C40      149E       0  CODE        2
                text777                        000C40  0003C0  001000      1880       0  CODE        2
                strings                        001000  000090  001090      2000       0  STRING      2
                maintext                       001551  00008F  0015E0      2AA2       0  CODE        2
                text771                        0015E0  0000E8  0016C8      2BC0       0  CODE        2
                text799                        0016C8  000138  001800      2D90       0  CODE        2
                config                         002007  000001  002008      400E       0  CONFIG      2


UNUSED ADDRESS RANGES

        Name                Unused          Largest block    Delta
        BANK0            0066-006F              A           1
        BANK1            00D0-00EF             20           1
        BANK2            0110-016F             60           1
        BANK3            0190-01EF             60           1
        CODE             0003-0003              1           2
                         07D5-080C             2B
                         1090-1550            4C1
                         1800-1FFF            800
        CONFIG           2008-2008              1           2
        CONST            0003-0003              1           2
                         07D5-080C             2B
                         1090-1550            100
                         1800-1FFF            100
        EEDATA           2100-21FF            100           2
        ENTRY            0003-0003              1           2
                         07D5-080C             2B
                         1090-1550            100
                         1800-1FFF            100
        IDLOC            2000-2003              4           2
        RAM              0066-006F              A           1
                         00D0-00EF             20
                         0110-016F             60
                         0190-01EF             60
        SFR0             0000-001F             20           1
        SFR1             0080-009F             20           1
        SFR2             0100-010F             10           1
        SFR3             0180-018F             10           1
        STRCODE          0003-0003              1           2
                         07D5-080C             38
                         1090-1550            4C1
                         1800-1FFF            800
        STRING           0003-0003              1           2
                         07D5-080C             2B
                         1090-1550            100
                         1800-1FFF            100

                                  Symbol Table

??___altoft            cstackBANK0  0034
??___awdiv             cstackBANK0  0032
??___awmod             cstackBANK0  002C
??___bmul              cstackBANK0  0032
??___ftadd             cstackBANK0  005A
??___ftdiv             cstackBANK0  003C
??___ftge              cstackBANK0  002E
??___ftmul             cstackBANK0  004B
??___ftneg             cstackBANK0  002B
??___ftpack            cstackBANK0  002D
??___ftsub             cstackBANK0  0060
??___fttol             cstackBANK0  003A
??___lbdiv             cstackBANK0  002E
??___lbmod             cstackBANK0  0029
??___lldiv             cstackBANK0  0030
??___llmod             cstackBANK0  003D
??___lltoft            cstackBANK0  0034
??___wmul              cstackBANK0  002C
??__div_to_l_          cstackBANK0  002E
??__tdiv_to_l_         cstackBANK0  002E
??_fround              cstackBANK0  0063
??_isdigit             cstackBANK0  0028
??_isprint             cstackBANK0  0028
??_lcd_busy            cstackBANK0  0028
??_lcd_gotoxy          cstackBANK0  002E
??_lcd_init            cstackBANK0  002D
??_lcd_put_byte        cstackBANK0  0029
??_lcd_putc            cstackBANK0  0030
??_main                cstackBANK0  0063
??_ngat                cstackBANK0  0026
??_printf              cstackBANK1  00AB
??_putch               cstackBANK0  0031
??_scale               cstackBANK0  0057
??i1___ftadd           cstackBANK0  0020
??i1___ftpack          cstackCOMMON 0075
?___altoft             cstackBANK0  0030
?___awdiv              cstackBANK0  002E
?___awmod              cstackBANK0  0028
?___bmul               cstackBANK0  0031
?___ftadd              cstackBANK0  0054
?___ftdiv              cstackBANK0  0036
?___ftge               cstackBANK0  0028
?___ftmul              cstackBANK0  0045
?___ftneg              cstackBANK0  0028
?___ftpack             cstackBANK0  0028
?___ftsub              cstackBANK1  00A0
?___fttol              cstackBANK0  0036
?___lbdiv              cstackBANK0  002D
?___lbmod              cstackBANK0  0028
?___lldiv              cstackBANK0  0028
?___llmod              cstackBANK0  0035
?___lltoft             cstackBANK0  0030
?___wmul               cstackBANK0  0028
?__div_to_l_           cstackBANK0  0028
?__tdiv_to_l_          cstackBANK0  0028
?_fround               cstackBANK0  0060
?_isdigit              cstackCOMMON 0070
?_isprint              cstackCOMMON 0070
?_lcd_busy             cstackCOMMON 0070
?_lcd_gotoxy           cstackBANK0  002D
?_lcd_init             cstackCOMMON 0070
?_lcd_put_byte         cstackBANK0  0028
?_lcd_putc             cstackCOMMON 0070
?_main                 cstackCOMMON 0070
?_ngat                 cstackCOMMON 0070
?_printf               cstackBANK1  00A7
?_putch                cstackCOMMON 0070
?_scale                cstackBANK0  0054
?i1___ftadd            cstackCOMMON 0078
?i1___ftpack           cstackCOMMON 0070
_ANSEL                 (abs)        0188
_ANSELH                (abs)        0189
_GIE                   (abs)        005F
_PS0                   (abs)        0408
_PS1                   (abs)        0409
_PS2                   (abs)        040A
_PSA                   (abs)        040B
_RD1                   (abs)        0041
_RD2                   (abs)        0042
_RD3                   (abs)        0043
_RD4                   (abs)        0044
_RD5                   (abs)        0045
_RD6                   (abs)        0046
_RD7                   (abs)        0047
_T0CS                  (abs)        040D
_T0IE                  (abs)        005D
_T0IF                  (abs)        005A
_T1CKPS0               (abs)        0084
_T1CKPS1               (abs)        0085
_T1SYNC                (abs)        0082
_TMR0                  (abs)        0001
_TMR1                  (abs)        000E
_TMR1CS                (abs)        0081
_TMR1GE                (abs)        0086
_TMR1H                 (abs)        000F
_TMR1L                 (abs)        000E
_TMR1ON                (abs)        0080
_TRISA4                (abs)        042C
_TRISD                 (abs)        0088
_TRISD1                (abs)        0441
_TRISD2                (abs)        0442
_TRISD3                (abs)        0443
_TRISD4                (abs)        0444
_TRISD5                (abs)        0445
_TRISD6                (abs)        0446
_TRISD7                (abs)        0447
_TRISE0                (abs)        0448
__Habs1                abs1         0000
__Hbank0               bank0        0000
__Hbank1               bank1        0000
__Hbank2               bank2        0000
__Hbank3               bank3        0000
__HbssBANK0            bssBANK0     0000
__HbssBANK1            bssBANK1     0000
__Hcinit               cinit        0000
__Hclrtext             clrtext      0000
__Hcode                code         0000
__Hcommon              common       0000
__Hconfig              config       2008
__HcstackBANK0         cstackBANK0  0000
__HcstackBANK1         cstackBANK1  0000
__HcstackCOMMON        cstackCOMMON 0000
__Heeprom_data         eeprom_data  0000
__Hend_init            end_init     0011
__Hfunctab             functab      0000
__Hidloc               idloc        0000
__Hinit                init         000E
__Hintentry            intentry     000E
__Hmaintext            maintext     0000
__Hpa_nodes            pa_nodes     0000
__Hpowerup             powerup      0000
__Hram                 ram          0000
__Hreset_vec           reset_vec    0003
__Hsfr0                sfr0         0000
__Hsfr1                sfr1         0000
__Hsfr2                sfr2         0000
__Hsfr3                sfr3         0000
__Hstrings             strings      0000
__Htext                text         0000
__Labs1                abs1         0000
__Lbank0               bank0        0000
__Lbank1               bank1        0000
__Lbank2               bank2        0000
__Lbank3               bank3        0000
__LbssBANK0            bssBANK0     0000
__LbssBANK1            bssBANK1     0000
__Lcinit               cinit        0000
__Lclrtext             clrtext      0000
__Lcode                code         0000
__Lcommon              common       0000
__Lconfig              config       2007
__LcstackBANK0         cstackBANK0  0000
__LcstackBANK1         cstackBANK1  0000
__LcstackCOMMON        cstackCOMMON 0000
__Leeprom_data         eeprom_data  0000
__Lend_init            end_init     000E
__Lfunctab             functab      0000
__Lidloc               idloc        0000
__Linit                init         000E
__Lintentry            intentry     0004
__Lmaintext            maintext     0000
__Lpa_nodes            pa_nodes     0000
__Lpowerup             powerup      0000
__Lram                 ram          0000
__Lreset_vec           reset_vec    0000
__Lsfr0                sfr0         0000
__Lsfr1                sfr1         0000
__Lsfr2                sfr2         0000
__Lsfr3                sfr3         0000
__Lstrings             strings      0000
__Ltext                text         0000
__S0                   (abs)        2008
__S1                   (abs)        00D0
__S2                   (abs)        0000
___altoft              text777      0C40
___altoft@c            cstackBANK0  0030
___altoft@exp          cstackBANK0  0034
___altoft@sign         cstackBANK0  0035
___awdiv               text777      0E69
___awdiv@counter       cstackBANK0  0032
___awdiv@dividend      cstackBANK0  0030
___awdiv@divisor       cstackBANK0  002E
___awdiv@quotient      cstackBANK0  0034
___awdiv@sign          cstackBANK0  0033
___awmod               text777      0EAE
___awmod@counter       cstackBANK0  002C
___awmod@dividend      cstackBANK0  002A
___awmod@divisor       cstackBANK0  0028
___awmod@sign          cstackBANK0  002D
___bmul                text777      0F5A
___bmul@multiplicand   cstackBANK0  0031
___bmul@multiplier     cstackBANK0  0033
___bmul@product        cstackBANK0  0032
___ftadd               text771      1606
___ftadd@exp1          cstackBANK0  005F
___ftadd@exp2          cstackBANK0  005E
___ftadd@f1            cstackBANK0  0054
___ftadd@f2            cstackBANK0  0057
___ftadd@sign          cstackBANK0  005D
___ftdiv               text777      0C6F
___ftdiv@cntr          cstackBANK0  003F
___ftdiv@exp           cstackBANK0  0043
___ftdiv@f1            cstackBANK0  0039
___ftdiv@f2            cstackBANK0  0036
___ftdiv@f3            cstackBANK0  0040
___ftdiv@sign          cstackBANK0  0044
___ftge                text768      05A1
___ftge@ff1            cstackBANK0  0028
___ftge@ff2            cstackBANK0  002B
___ftmul               text777      0EEB
___ftmul@cntr          cstackBANK0  0052
___ftmul@exp           cstackBANK0  004E
___ftmul@f1            cstackBANK0  0045
___ftmul@f2            cstackBANK0  0048
___ftmul@f3_as_product cstackBANK0  004F
___ftmul@sign          cstackBANK0  0053
___ftneg               text768      079E
___ftneg@f1            cstackBANK0  0028
___ftpack              text777      0F69
___ftpack@arg          cstackBANK0  0028
___ftpack@exp          cstackBANK0  002B
___ftpack@sign         cstackBANK0  002C
___ftsub               text771      15E0
___ftsub@f1            cstackBANK1  00A3
___ftsub@f2            cstackBANK1  00A0
___fttol               text768      05F5
___fttol@exp1          cstackBANK0  0042
___fttol@f1            cstackBANK0  0036
___fttol@lval          cstackBANK0  003E
___fttol@sign1         cstackBANK0  003D
___lbdiv               text773      09EE
___lbdiv@counter       cstackBANK0  002F
___lbdiv@dividend      cstackBANK0  002E
___lbdiv@divisor       cstackBANK0  002D
___lbdiv@quotient      cstackBANK0  0030
___lbmod               text773      0A0A
___lbmod@counter       cstackBANK0  002B
___lbmod@dividend      cstackBANK0  002A
___lbmod@divisor       cstackBANK0  0028
___lbmod@rem           cstackBANK0  002C
___lldiv               text768      0650
___lldiv@counter       cstackBANK0  0034
___lldiv@dividend      cstackBANK0  002C
___lldiv@divisor       cstackBANK0  0028
___lldiv@quotient      cstackBANK0  0030
___llmod               text768      0563
___llmod@counter       cstackBANK0  003D
___llmod@dividend      cstackBANK0  0039
___llmod@divisor       cstackBANK0  0035
___lltoft              text768      07A6
___lltoft@c            cstackBANK0  0030
___lltoft@exp          cstackBANK0  0034
___wmul                text768      05DC
___wmul@multiplicand   cstackBANK0  002A
___wmul@multiplier     cstackBANK0  0028
___wmul@product        cstackBANK0  002C
__div_to_l_            text795      080D
__div_to_l_@cntr       cstackBANK0  003A
__div_to_l_@exp1       cstackBANK0  003B
__div_to_l_@f1         cstackBANK0  0028
__div_to_l_@f2         cstackBANK0  002B
__div_to_l_@quot       cstackBANK0  0036
__end_of___altoft      text777      0C6F
__end_of___awdiv       text777      0EAE
__end_of___awmod       text777      0EEB
__end_of___bmul        text777      0F69
__end_of___ftadd       text771      16C8
__end_of___ftdiv       text777      0CD7
__end_of___ftge        text768      05CD
__end_of___ftmul       text777      0F5A
__end_of___ftneg       text768      07A6
__end_of___ftpack      text777      0FA7
__end_of___ftsub       text771      1606
__end_of___fttol       text768      0650
__end_of___lbdiv       text773      0A0A
__end_of___lbmod       text773      0A27
__end_of___lldiv       text768      0698
__end_of___llmod       text768      05A1
__end_of___lltoft      text768      07C6
__end_of___wmul        text768      05F5
__end_of__div_to_l_    text795      08CC
__end_of__tdiv_to_l_   text768      070F
__end_of_fround        text773      09EE
__end_of_isdigit       text768      05DC
__end_of_isprint       text774      0C3B
__end_of_lcd_busy      text774      0C2D
__end_of_lcd_gotoxy    text774      0A67
__end_of_lcd_init      text774      0B57
__end_of_lcd_put_byte  text774      0C02
__end_of_lcd_putc      text774      0A96
__end_of_main          maintext     15E0
__end_of_ngat          text799      1702
__end_of_printf        text768      055D
__end_of_putch         text768      0563
__end_of_scale         text777      0E69
__end_ofi1___ftadd     text799      17C2
__end_ofi1___ftpack    text799      1800
__npowers_             strings      1006
__pbssBANK0            bssBANK0     0063
__pbssBANK1            bssBANK1     00C9
__pcstackBANK0         cstackBANK0  0020
__pcstackBANK1         cstackBANK1  00A0
__pcstackCOMMON        cstackCOMMON 0070
__pintentry            intentry     0004
__pmaintext            maintext     1551
__powers_              strings      102D
__pstrings             strings      1000
__ptext768             text768      0011
__ptext769             text768      055D
__ptext770             text774      0A67
__ptext771             text771      15E0
__ptext772             text777      0CD7
__ptext773             text773      08D9
__ptext774             text774      0A4F
__ptext775             text774      0A96
__ptext776             text768      07A6
__ptext777             text777      0C40
__ptext778             text777      0EEB
__ptext779             text777      0C6F
__ptext780             text771      1606
__ptext781             text774      0C02
__ptext782             text774      0B57
__ptext783             text777      0EAE
__ptext784             text768      0650
__ptext785             text768      05A1
__ptext786             text768      079E
__ptext787             text768      0563
__ptext788             text777      0E69
__ptext789             text768      05F5
__ptext790             text777      0F69
__ptext791             text773      0A0A
__ptext792             text773      09EE
__ptext793             text768      05DC
__ptext794             text777      0F5A
__ptext795             text795      080D
__ptext796             text768      0698
__ptext797             text768      05CD
__ptext798             text774      0C2D
__ptext799             text799      16C8
__ptext800             text799      1702
__ptext801             text799      17C2
__ptext802             text802      0000
__size_of___altoft     (abs)        0000
__size_of___awdiv      (abs)        0000
__size_of___awmod      (abs)        0000
__size_of___bmul       (abs)        0000
__size_of___ftadd      (abs)        0000
__size_of___ftdiv      (abs)        0000
__size_of___ftge       (abs)        0000
__size_of___ftmul      (abs)        0000
__size_of___ftneg      (abs)        0000
__size_of___ftpack     (abs)        0000
__size_of___ftsub      (abs)        0000
__size_of___fttol      (abs)        0000
__size_of___lbdiv      (abs)        0000
__size_of___lbmod      (abs)        0000
__size_of___lldiv      (abs)        0000
__size_of___llmod      (abs)        0000
__size_of___lltoft     (abs)        0000
__size_of___wmul       (abs)        0000
__size_of__div_to_l_   (abs)        0000
__size_of__tdiv_to_l_  (abs)        0000
__size_of_fround       (abs)        0000
__size_of_isdigit      (abs)        0000
__size_of_isprint      (abs)        0000
__size_of_lcd_busy     (abs)        0000
__size_of_lcd_gotoxy   (abs)        0000
__size_of_lcd_init     (abs)        0000
__size_of_lcd_put_byte (abs)        0000
__size_of_lcd_putc     (abs)        0000
__size_of_main         (abs)        0000
__size_of_ngat         (abs)        0000
__size_of_printf       (abs)        0000
__size_of_putch        (abs)        0000
__size_of_scale        (abs)        0000
__size_ofi1___ftadd    (abs)        0000
__size_ofi1___ftpack   (abs)        0000
__tdiv_to_l_           text768      0698
__tdiv_to_l_@cntr      cstackBANK0  0035
__tdiv_to_l_@exp1      cstackBANK0  0036
__tdiv_to_l_@f1        cstackBANK0  0028
__tdiv_to_l_@f2        cstackBANK0  002B
__tdiv_to_l_@quot      cstackBANK0  0031
_dem                   bssBANK0     0063
_dpowers               strings      1054
_exit                  init         000E
_fround                text773      08D9
_fround$4110           cstackBANK1  00A3
_fround$4111           cstackBANK1  00A0
_isdigit               text768      05CD
_isdigit$3673          cstackBANK0  0028
_isprint               text774      0C2D
_isprint$3676          cstackBANK0  0028
_lcd_busy              text774      0C02
_lcd_gotoxy            text774      0A4F
_lcd_init              text774      0A96
_lcd_put_byte          text774      0B57
_lcd_putc              text774      0A67
_main                  maintext     1551
_ngat                  text799      16C8
_printf                text768      0011
_printf$3165           cstackBANK1  00B0
_putch                 text768      055D
_scale                 text777      0CD7
_scale$4112            cstackBANK0  005B
_v                     bssBANK1     00C9
_xung                  bssBANK1     00CC
btemp                  (abs)        007E
end_of_initialization  cinit        07D1
fround@prec            cstackBANK1  00A6
i1___ftadd             text799      1702
i1___ftadd@exp1        cstackBANK0  0025
i1___ftadd@exp2        cstackBANK0  0024
i1___ftadd@f1          cstackCOMMON 0078
i1___ftadd@f2          cstackCOMMON 007B
i1___ftadd@sign        cstackBANK0  0023
i1___ftpack            text799      17C2
i1___ftpack@arg        cstackCOMMON 0070
i1___ftpack@exp        cstackCOMMON 0073
i1___ftpack@sign       cstackCOMMON 0074
i1l1064                                 
i1l6351                                 
i1l6353                                 
i1l6357                                 
i1l6361                                 
i1l6363                                 
i1l6779                                 
i1l6781                                 
i1l6783                                 
i1l6793                                 
i1l6799                                 
i1l6805                                 
i1l6807                                 
i1l6811                                 
i1l6823                                 
i1l6833                                 
i1l6839                                 
i1l6843                                 
i1l6845                                 
i1l6849                                 
i1l6851                                 
i1l6857                                 
i1l6859                                 
i1l6879                                 
i1l6881                                 
i1l6883                                 
interrupt_function     intentry     0004
intlevel0              functab      0000
intlevel1              functab      0000
intlevel2              functab      0000
intlevel3              functab      0000
intlevel4              functab      0000
intlevel5              functab      0000
isdigit@c              cstackBANK0  0029
isprint@c              cstackBANK0  0029
l1059                                   
l2120                                   
l2123                                   
l2131                                   
l2154                                   
l3281                                   
l3286                                   
l3296                                   
l3302                                   
l3332                                   
l3338                                   
l3382                                   
l3449                                   
l3459                                   
l3463                                   
l3478                                   
l3517                                   
l3531                                   
l3539                                   
l3547                                   
l3590                                   
l6367                                   
l6369                                   
l6379                                   
l6381                                   
l6391                                   
l6399                                   
l6401                                   
l6403                                   
l6405                                   
l6407                                   
l6411                                   
l6415                                   
l6419                                   
l6427                                   
l6439                                   
l6449                                   
l6451                                   
l6453                                   
l6455                                   
l6459                                   
l6463                                   
l6465                                   
l6473                                   
l6485                                   
l6493                                   
l6495                                   
l6501                                   
l6509                                   
l6511                                   
l6517                                   
l6519                                   
l6521                                   
l6527                                   
l6531                                   
l6535                                   
l6541                                   
l6543                                   
l6547                                   
l6549                                   
l6555                                   
l6559                                   
l6561                                   
l6581                                   
l6583                                   
l6585                                   
l6587                                   
l6593                                   
l6595                                   
l6597                                   
l6599                                   
l6601                                   
l6609                                   
l6619                                   
l6625                                   
l6627                                   
l6631                                   
l6637                                   
l6641                                   
l6651                                   
l6655                                   
l6659                                   
l6663                                   
l6669                                   
l6683                                   
l6689                                   
l6697                                   
l6707                                   
l6709                                   
l6717                                   
l6719                                   
l6729                                   
l6733                                   
l6737                                   
l6743                                   
l6745                                   
l6749                                   
l6769                                   
l6773                                   
l6885                                   
l6887                                   
l6889                                   
l6893                                   
l6895                                   
l6897                                   
l6905                                   
l6907                                   
l6909                                   
l6917                                   
l6919                                   
l6921                                   
l6923                                   
l6925                                   
l6927                                   
l6929                                   
l6931                                   
l6935                                   
l6937                                   
l6939                                   
l6949                                   
l6955                                   
l6961                                   
l6963                                   
l6967                                   
l6979                                   
l6989                                   
l6995                                   
l6999                                   
l7001                                   
l7005                                   
l7007                                   
l7013                                   
l7025                                   
l7027                                   
l7029                                   
l7031                                   
l7033                                   
l7035                                   
l7037                                   
l7039                                   
l7041                                   
l7047                                   
l7051                                   
l7053                                   
l7057                                   
l7071                                   
l7073                                   
l7075                                   
l7077                                   
l7079                                   
l7081                                   
l7083                                   
l7085                                   
l7093                                   
l7095                                   
l7097                                   
l7105                                   
l7107                                   
l7109                                   
l7113                                   
l7115                                   
l7117                                   
l7129                                   
l7139                                   
l7141                                   
l7143                                   
l7145                                   
l7147                                   
l7149                                   
l7177                                   
l7179                                   
l7185                                   
l7189                                   
l7193                                   
l7203                                   
l7211                                   
l7215                                   
l7257                                   
l7275                                   
l7665                                   
l7667                                   
l7671                                   
l7679                                   
l7691                                   
l7693                                   
l7699                                   
l7701                                   
l7705                                   
l7711                                   
l7727                                   
l7729                                   
l7733                                   
l7737                                   
l7741                                   
l7743                                   
l7745                                   
l7747                                   
l7749                                   
l7751                                   
l7757                                   
l7759                                   
l7789                                   
l7791                                   
l7793                                   
l7797                                   
l7811                                   
l7815                                   
l7829                                   
l7835                                   
l7849                                   
l7859                                   
l7867                                   
l7873                                   
l7875                                   
l7893                                   
l7933                                   
l7939                                   
l7951                                   
l7953                                   
l7955                                   
l7957                                   
l7959                                   
l7961                                   
l7963                                   
l7965                                   
l7967                                   
l7969                                   
l7971                                   
l7973                                   
l7975                                   
l7977                                   
l7979                                   
l7981                                   
l7983                                   
l7985                                   
l7987                                   
l7989                                   
l7991                                   
l7993                                   
l7997                                   
l7999                                   
l8001                                   
l8003                                   
lcd_busy@busy          cstackBANK0  0029
lcd_gotoxy@address     cstackBANK0  002F
lcd_gotoxy@col         cstackBANK0  002E
lcd_gotoxy@row         cstackBANK0  002D
lcd_put_byte@b         cstackBANK0  0028
lcd_put_byte@rs        cstackBANK0  002B
lcd_put_byte@temp      cstackBANK0  002C
lcd_putc@c             cstackBANK0  0030
printf@_val            cstackBANK1  00B8
printf@ap              cstackBANK1  00B4
printf@c               cstackBANK1  00C8
printf@exp             cstackBANK1  00BF
printf@f               cstackBANK1  00BC
printf@flag            cstackBANK1  00BD
printf@fval            cstackBANK1  00C3
printf@integ           cstackBANK1  00B5
printf@prec            cstackBANK1  00C6
printf@width           cstackBANK1  00C1
putch@c                cstackBANK0  0031
reset_vec              reset_vec    0000
saved_w                (abs)        007E
scale@scl              cstackBANK0  005E
start                  init         000E
start_initialization   cinit        07C6
u2980                                   
u4910                                   
wtemp0                 (abs)        007E
