HI-TECH Software C Compiler 

Linker command line:

--edf=C:\Program Files (x86)\HI-TECH Software\PICC\9.83\dat\en_msgs.txt -cs \
  -h+BT01week16ttvxlbuoi1.sym -z -Q16F887 -ol.obj \
  -MBT01week16ttvxlbuoi1.map -E1 -ACONST=00h-0FFhx32 -ACODE=00h-07FFhx4 \
  -ASTRCODE=00h-01FFFh -AENTRY=00h-0FFhx32 -ASTRING=00h-0FFhx32 \
  -ABANK0=020h-06Fh -ABANK1=0A0h-0EFh -ABANK2=0110h-016Fh \
  -ABANK3=0190h-01EFh -ARAM=020h-06Fh,0A0h-0EFh,0110h-016Fh,0190h-01EFh \
  -AABS1=020h-07Fh,0A0h-0EFh,0110h-016Fh,0190h-01EFh -ACOMMON=070h-07Fh \
  -ASFR0=00h-01Fh -ASFR1=080h-09Fh -ASFR2=0100h-010Fh -ASFR3=0180h-018Fh \
  -preset_vec=00h,intentry=04h,init,end_init -ppowerup=CODE -pfunctab=CODE \
  -ACONFIG=02007h-02008h -pconfig=CONFIG -DCONFIG=2 -AIDLOC=02000h-02003h \
  -pidloc=IDLOC -DIDLOC=2 -AEEDATA=00h-0FFh/02100h -peeprom_data=EEDATA \
  -DEEDATA=2 -DCODE=2 -DSTRCODE=2 -DSTRING=2 -DCONST=2 -DENTRY=2 -k \
  startup.obj BT01week16ttvxlbuoi1.obj 

Object code version is 3.10

Machine type is 16F887



                Name                               Link     Load   Length Selector   Space Scale
startup.obj     end_init                              E        E        3        8       0
                reset_vec                             0        0        3        0       0
BT01week16ttvxlbuoi1.obj
                intentry                              4        4        A        8       0
                config                             2007     2007        1     400E       0
                text938                            15C4     15C4       4E     2B88       0
                text936                             802      802        F     1004       0
                text935                            15AF     15AF       15     2B5E       0
                text932                            1735     1735       CB     2E6A       0
                text917                             C41      C41      3BF     1882       0
                text916                            1612     1612       61     2C24       0
                text915                            1673     1673       C2     2CE6       0
                text909                             A6D      A6D      1D4     14DA       0
                text908                             91B      91B      152     1236       0
                text903                              11       11      7E1        8       0
                maintext                            82B      82B       F0     1056       0
                cstackBANK0                          20       20       49       20       1
                cstackCOMMON                         70       70        9       70       1
                cstackBANK1                          A0       A0       19       A0       1
                bssBANK1                             B9       B9        D       A0       1
                bssBANK0                             69       69        6       20       1
                bssCOMMON                            79       79        2       70       1
                cinit                               811      811       1A     1022       0
                strings                            1000     1000       90     2000       0

TOTAL           Name                               Link     Load   Length     Space
        CLASS   CONST          

        CLASS   CODE           
                end_init                              E        E        3         0
                intentry                              4        4        A         0
                reset_vec                             0        0        3         0
                text938                            15C4     15C4       4E         0
                text936                             802      802        F         0
                text935                            15AF     15AF       15         0
                text932                            1735     1735       CB         0
                text917                             C41      C41      3BF         0
                text916                            1612     1612       61         0
                text915                            1673     1673       C2         0
                text909                             A6D      A6D      1D4         0
                text908                             91B      91B      152         0
                text903                              11       11      7E1         0
                maintext                            82B      82B       F0         0
                cinit                               811      811       1A         0

        CLASS   STRCODE        

        CLASS   ENTRY          

        CLASS   STRING         
                strings                            1000     1000       90         0

        CLASS   BANK0          
                cstackBANK0                          20       20       49         1
                bssBANK0                             69       69        6         1

        CLASS   BANK1          
                cstackBANK1                          A0       A0       19         1
                bssBANK1                             B9       B9        D         1

        CLASS   BANK2          

        CLASS   BANK3          

        CLASS   RAM            

        CLASS   ABS1           
                abs_s1                               7E       7E        2         1

        CLASS   COMMON         
                cstackCOMMON                         70       70        9         1
                bssCOMMON                            79       79        2         1

        CLASS   SFR0           

        CLASS   SFR1           

        CLASS   SFR2           

        CLASS   SFR3           

        CLASS   CONFIG         
                config                             2007     2007        1         0

        CLASS   IDLOC          

        CLASS   EEDATA         



SEGMENTS        Name                           Load    Length   Top    Selector   Space  Class     Delta

                reset_vec                      000000  000003  000003         0       0  CODE        2
                intentry                       000004  0007EE  0007F2         8       0  CODE        2
                cstackBANK0                    000020  00004F  00006F        20       1  BANK0       1
                cstackCOMMON                   000070  00000B  00007B        70       1  COMMON      1
                cstackBANK1                    0000A0  000026  0000C6        A0       1  BANK1       1
                text936                        000802  00000F  000811      1004       0  CODE        2
                cinit                          000811  00001A  00082B      1022       0  CODE        2
                maintext                       00082B  0000F0  00091B      1056       0  CODE        2
                text908                        00091B  000152  000A6D      1236       0  CODE        2
                text909                        000A6D  0001D4  000C41      14DA       0  CODE        2
                text917                        000C41  0003BF  001000      1882       0  CODE        2
                strings                        001000  000090  001090      2000       0  STRING      2
                text935                        0015AF  000015  0015C4      2B5E       0  CODE        2
                text938                        0015C4  00004E  001612      2B88       0  CODE        2
                text916                        001612  000061  001673      2C24       0  CODE        2
                text915                        001673  0000C2  001735      2CE6       0  CODE        2
                text932                        001735  0000CB  001800      2E6A       0  CODE        2
                config                         002007  000001  002008      400E       0  CONFIG      2


UNUSED ADDRESS RANGES

        Name                Unused          Largest block    Delta
        BANK0            006F-006F              1           1
        BANK1            00C6-00EF             2A           1
        BANK2            0110-016F             60           1
        BANK3            0190-01EF             60           1
        CODE             0003-0003              1           2
                         07F2-0801              E
                         1090-15AE            51F
                         1800-1FFF            800
        COMMON           007B-007D              3           1
        CONFIG           2008-2008              1           2
        CONST            0003-0003              1           2
                         07F2-0801              E
                         1090-15AE            100
                         1800-1FFF            100
        EEDATA           2100-21FF            100           2
        ENTRY            0003-0003              1           2
                         07F2-0801              E
                         1090-15AE            100
                         1800-1FFF            100
        IDLOC            2000-2003              4           2
        RAM              006F-006F              1           1
                         00C6-00EF             2A
                         0110-016F             60
                         0190-01EF             60
        SFR0             0000-001F             20           1
        SFR1             0080-009F             20           1
        SFR2             0100-010F             10           1
        SFR3             0180-018F             10           1
        STRCODE          0003-0003              1           2
                         07F2-0801             10
                         1090-15AE            51F
                         1800-1FFF            800
        STRING           0003-0003              1           2
                         07F2-0801              E
                         1090-15AE            100
                         1800-1FFF            100

                                  Symbol Table

??___awdiv             cstackCOMMON 0079
??___awmod             cstackCOMMON 0077
??___awtoft            cstackCOMMON 0078
??___bmul              cstackCOMMON 0079
??___ftadd             cstackBANK0  004A
??___ftdiv             cstackBANK0  002C
??___ftge              cstackCOMMON 0079
??___ftmul             cstackBANK0  003B
??___ftneg             cstackCOMMON 0076
??___ftpack            cstackBANK0  0020
??___ftsub             cstackCOMMON 0079
??___fttol             cstackBANK0  002C
??___lbdiv             cstackCOMMON 0079
??___lbmod             cstackCOMMON 0074
??___lldiv             cstackCOMMON 0073
??___llmod             cstackCOMMON 0078
??___lltoft            cstackCOMMON 0078
??___wmul              cstackCOMMON 0077
??__div_to_l_          cstackBANK0  0020
??__tdiv_to_l_         cstackBANK0  0020
??_atoi                cstackBANK0  0022
??_fround              cstackCOMMON 0079
??_isdigit             cstackCOMMON 0073
??_isprint             cstackCOMMON 0073
??_lcd_busy            cstackCOMMON 0073
??_lcd_gotoxy          cstackCOMMON 0079
??_lcd_init            cstackBANK0  0020
??_lcd_put_byte        cstackCOMMON 0074
??_lcd_putc            cstackCOMMON 0079
??_main                cstackBANK0  0062
??_ngat                cstackCOMMON 0070
??_printf              cstackBANK0  005D
??_putch               cstackCOMMON 0079
??_pwm_10bit           cstackCOMMON 0079
??_rx                  cstackCOMMON 0073
??_scale               cstackBANK0  0047
??_tx                  cstackCOMMON 0073
?___awdiv              cstackBANK0  0020
?___awmod              cstackCOMMON 0073
?___awtoft             cstackBANK0  0023
?___bmul               cstackBANK0  0023
?___ftadd              cstackBANK0  0044
?___ftdiv              cstackBANK0  0026
?___ftge               cstackCOMMON 0073
?___ftmul              cstackBANK0  0035
?___ftneg              cstackCOMMON 0073
?___ftpack             cstackCOMMON 0073
?___ftsub              cstackBANK0  0050
?___fttol              cstackBANK0  0028
?___lbdiv              cstackCOMMON 0078
?___lbmod              cstackCOMMON 0073
?___lldiv              cstackBANK0  0020
?___llmod              cstackBANK0  0028
?___lltoft             cstackBANK0  0023
?___wmul               cstackCOMMON 0073
?__div_to_l_           cstackCOMMON 0073
?__tdiv_to_l_          cstackCOMMON 0073
?_atoi                 cstackBANK0  0020
?_fround               cstackBANK0  0050
?_isdigit              cstackCOMMON 0070
?_isprint              cstackCOMMON 0070
?_lcd_busy             cstackCOMMON 0070
?_lcd_gotoxy           cstackCOMMON 0078
?_lcd_init             cstackCOMMON 0070
?_lcd_put_byte         cstackCOMMON 0073
?_lcd_putc             cstackCOMMON 0070
?_main                 cstackCOMMON 0070
?_ngat                 cstackCOMMON 0070
?_printf               cstackBANK0  005A
?_putch                cstackCOMMON 0070
?_pwm_10bit            cstackBANK0  0028
?_rx                   cstackCOMMON 0070
?_scale                cstackBANK0  0044
?_tx                   cstackCOMMON 0070
_ANSEL                 (abs)        0188
_ANSELH                (abs)        0189
_BRG16                 (abs)        0C3B
_BRGH                  (abs)        04C2
_CCP1CON               (abs)        0017
_CCPR1L                (abs)        0015
_CREN                  (abs)        00C4
_DC1B0                 (abs)        00BC
_DC1B1                 (abs)        00BD
_GIE                   (abs)        005F
_INTE                  (abs)        005C
_INTF                  (abs)        0059
_PEIE                  (abs)        005E
_PR2                   (abs)        0092
_PS0                   (abs)        0408
_PS1                   (abs)        0409
_PS2                   (abs)        040A
_PSA                   (abs)        040B
_RCIE                  (abs)        0465
_RCIF                  (abs)        0065
_RCREG                 (abs)        001A
_RD1                   (abs)        0041
_RD2                   (abs)        0042
_RD3                   (abs)        0043
_RD4                   (abs)        0044
_RD5                   (abs)        0045
_RD6                   (abs)        0046
_RD7                   (abs)        0047
_RE0                   (abs)        0048
_RE1                   (abs)        0049
_RE2                   (abs)        004A
_RX9                   (abs)        00C6
_SPBRG                 (abs)        0099
_SPBRGH                (abs)        009A
_SPEN                  (abs)        00C7
_SYNC                  (abs)        04C4
_T0CS                  (abs)        040D
_T0IE                  (abs)        005D
_T0IF                  (abs)        005A
_T1CKPS0               (abs)        0084
_T1CKPS1               (abs)        0085
_T1SYNC                (abs)        0082
_T2CKPS0               (abs)        0090
_T2CKPS1               (abs)        0091
_TMR0                  (abs)        0001
_TMR1                  (abs)        000E
_TMR1CS                (abs)        0081
_TMR1GE                (abs)        0086
_TMR1ON                (abs)        0080
_TMR2                  (abs)        0011
_TMR2ON                (abs)        0092
_TRISB0                (abs)        0430
_TRISC2                (abs)        043A
_TRISD1                (abs)        0441
_TRISD2                (abs)        0442
_TRISD3                (abs)        0443
_TRISD4                (abs)        0444
_TRISD5                (abs)        0445
_TRISD6                (abs)        0446
_TRISD7                (abs)        0447
_TRISE0                (abs)        0448
_TRISE1                (abs)        0449
_TRISE2                (abs)        044A
_TX9                   (abs)        04C6
_TXEN                  (abs)        04C5
_WPUB                  (abs)        0095
__Habs1                abs1         0000
__Hbank0               bank0        0000
__Hbank1               bank1        0000
__Hbank2               bank2        0000
__Hbank3               bank3        0000
__HbssBANK0            bssBANK0     0000
__HbssBANK1            bssBANK1     0000
__HbssCOMMON           bssCOMMON    0000
__Hcinit               cinit        0000
__Hclrtext             clrtext      0000
__Hcode                code         0000
__Hcommon              common       0000
__Hconfig              config       2008
__HcstackBANK0         cstackBANK0  0000
__HcstackBANK1         cstackBANK1  0000
__HcstackCOMMON        cstackCOMMON 0000
__Heeprom_data         eeprom_data  0000
__Hend_init            end_init     0011
__Hfunctab             functab      0000
__Hidloc               idloc        0000
__Hinit                init         000E
__Hintentry            intentry     000E
__Hmaintext            maintext     0000
__Hpa_nodes            pa_nodes     0000
__Hpowerup             powerup      0000
__Hram                 ram          0000
__Hreset_vec           reset_vec    0003
__Hsfr0                sfr0         0000
__Hsfr1                sfr1         0000
__Hsfr2                sfr2         0000
__Hsfr3                sfr3         0000
__Hstrings             strings      0000
__Htext                text         0000
__Labs1                abs1         0000
__Lbank0               bank0        0000
__Lbank1               bank1        0000
__Lbank2               bank2        0000
__Lbank3               bank3        0000
__LbssBANK0            bssBANK0     0000
__LbssBANK1            bssBANK1     0000
__LbssCOMMON           bssCOMMON    0000
__Lcinit               cinit        0000
__Lclrtext             clrtext      0000
__Lcode                code         0000
__Lcommon              common       0000
__Lconfig              config       2007
__LcstackBANK0         cstackBANK0  0000
__LcstackBANK1         cstackBANK1  0000
__LcstackCOMMON        cstackCOMMON 0000
__Leeprom_data         eeprom_data  0000
__Lend_init            end_init     000E
__Lfunctab             functab      0000
__Lidloc               idloc        0000
__Linit                init         000E
__Lintentry            intentry     0004
__Lmaintext            maintext     0000
__Lpa_nodes            pa_nodes     0000
__Lpowerup             powerup      0000
__Lram                 ram          0000
__Lreset_vec           reset_vec    0000
__Lsfr0                sfr0         0000
__Lsfr1                sfr1         0000
__Lsfr2                sfr2         0000
__Lsfr3                sfr3         0000
__Lstrings             strings      0000
__Ltext                text         0000
__S0                   (abs)        2008
__S1                   (abs)        00C6
__S2                   (abs)        0000
___awdiv               text917      0E6A
___awdiv@counter       cstackBANK0  0024
___awdiv@dividend      cstackBANK0  0022
___awdiv@divisor       cstackBANK0  0020
___awdiv@quotient      cstackBANK0  0026
___awdiv@sign          cstackBANK0  0025
___awmod               text917      0EAF
___awmod@counter       cstackCOMMON 0077
___awmod@dividend      cstackCOMMON 0075
___awmod@divisor       cstackCOMMON 0073
___awmod@sign          cstackCOMMON 0078
___awtoft              text917      0C55
___awtoft@c            cstackBANK0  0023
___awtoft@sign         cstackCOMMON 0078
___bmul                text917      0F5B
___bmul@multiplicand   cstackBANK0  0023
___bmul@multiplier     cstackBANK0  0025
___bmul@product        cstackBANK0  0024
___ftadd               text915      1673
___ftadd@exp1          cstackBANK0  004F
___ftadd@exp2          cstackBANK0  004E
___ftadd@f1            cstackBANK0  0044
___ftadd@f2            cstackBANK0  0047
___ftadd@sign          cstackBANK0  004D
___ftdiv               text917      0C70
___ftdiv@cntr          cstackBANK0  002F
___ftdiv@exp           cstackBANK0  0033
___ftdiv@f1            cstackBANK0  0029
___ftdiv@f2            cstackBANK0  0026
___ftdiv@f3            cstackBANK0  0030
___ftdiv@sign          cstackBANK0  0034
___ftge                text903      05A8
___ftge@ff1            cstackCOMMON 0073
___ftge@ff2            cstackCOMMON 0076
___ftmul               text917      0EEC
___ftmul@cntr          cstackBANK0  0042
___ftmul@exp           cstackBANK0  003E
___ftmul@f1            cstackBANK0  0035
___ftmul@f2            cstackBANK0  0038
___ftmul@f3_as_product cstackBANK0  003F
___ftmul@sign          cstackBANK0  0043
___ftneg               text903      069E
___ftneg@f1            cstackCOMMON 0073
___ftpack              text917      0F69
___ftpack@arg          cstackCOMMON 0073
___ftpack@exp          cstackCOMMON 0076
___ftpack@sign         cstackCOMMON 0077
___ftsub               text903      06C6
___ftsub@f1            cstackBANK0  0053
___ftsub@f2            cstackBANK0  0050
___fttol               text903      05FB
___fttol@exp1          cstackBANK0  0034
___fttol@f1            cstackBANK0  0028
___fttol@lval          cstackBANK0  0030
___fttol@sign1         cstackBANK0  002F
___lbdiv               text908      0A20
___lbdiv@counter       cstackBANK0  0021
___lbdiv@dividend      cstackBANK0  0020
___lbdiv@divisor       cstackCOMMON 0078
___lbdiv@quotient      cstackBANK0  0022
___lbmod               text908      0A3B
___lbmod@counter       cstackCOMMON 0076
___lbmod@dividend      cstackCOMMON 0075
___lbmod@divisor       cstackCOMMON 0073
___lbmod@rem           cstackCOMMON 0077
___lldiv               text903      0656
___lldiv@counter       cstackCOMMON 0077
___lldiv@dividend      cstackBANK0  0024
___lldiv@divisor       cstackBANK0  0020
___lldiv@quotient      cstackCOMMON 0073
___llmod               text903      056A
___llmod@counter       cstackCOMMON 0078
___llmod@dividend      cstackBANK0  002C
___llmod@divisor       cstackBANK0  0028
___lltoft              text903      06A6
___lltoft@c            cstackBANK0  0023
___lltoft@exp          cstackCOMMON 0078
___wmul                text903      05E2
___wmul@multiplicand   cstackCOMMON 0075
___wmul@multiplier     cstackCOMMON 0073
___wmul@product        cstackCOMMON 0077
__div_to_l_            text932      1735
__div_to_l_@cntr       cstackBANK0  002C
__div_to_l_@exp1       cstackBANK0  002D
__div_to_l_@f1         cstackCOMMON 0073
__div_to_l_@f2         cstackCOMMON 0076
__div_to_l_@quot       cstackBANK0  0028
__end_of___awdiv       text917      0EAF
__end_of___awmod       text917      0EEC
__end_of___awtoft      text917      0C70
__end_of___bmul        text917      0F69
__end_of___ftadd       text915      1735
__end_of___ftdiv       text917      0CD8
__end_of___ftge        text903      05D4
__end_of___ftmul       text917      0F5B
__end_of___ftneg       text903      06A6
__end_of___ftpack      text917      0FA7
__end_of___ftsub       text903      06DE
__end_of___fttol       text903      0656
__end_of___lbdiv       text908      0A3B
__end_of___lbmod       text908      0A57
__end_of___lldiv       text903      069E
__end_of___llmod       text903      05A8
__end_of___lltoft      text903      06C6
__end_of___wmul        text903      05FB
__end_of__div_to_l_    text932      17F3
__end_of__tdiv_to_l_   text903      07F2
__end_of_atoi          text916      1673
__end_of_fround        text908      0A20
__end_of_isdigit       text903      05E2
__end_of_isprint       text909      0C37
__end_of_lcd_busy      text909      0C29
__end_of_lcd_gotoxy    text909      0A86
__end_of_lcd_init      text909      0B72
__end_of_lcd_put_byte  text909      0C02
__end_of_lcd_putc      text909      0AB5
__end_of_main          maintext     091B
__end_of_ngat          text938      1612
__end_of_printf        text903      0564
__end_of_putch         text903      056A
__end_of_pwm_10bit     text917      0C55
__end_of_rx            text935      15C4
__end_of_scale         text917      0E6A
__end_of_tx            text936      0811
__npowers_             strings      1006
__pbssBANK0            bssBANK0     0069
__pbssBANK1            bssBANK1     00B9
__pbssCOMMON           bssCOMMON    0079
__pcstackBANK0         cstackBANK0  0020
__pcstackBANK1         cstackBANK1  00A0
__pcstackCOMMON        cstackCOMMON 0070
__pintentry            intentry     0004
__pmaintext            maintext     082B
__powers_              strings      102D
__pstrings             strings      1000
__ptext903             text903      0011
__ptext904             text903      0564
__ptext905             text909      0A86
__ptext906             text903      06C6
__ptext907             text917      0CD8
__ptext908             text908      091B
__ptext909             text909      0A6D
__ptext910             text909      0AB5
__ptext911             text903      06A6
__ptext912             text917      0C55
__ptext913             text917      0EEC
__ptext914             text917      0C70
__ptext915             text915      1673
__ptext916             text916      1612
__ptext917             text917      0C41
__ptext918             text909      0C02
__ptext919             text909      0B72
__ptext920             text917      0EAF
__ptext921             text903      0656
__ptext922             text903      05A8
__ptext923             text903      069E
__ptext924             text903      056A
__ptext925             text917      0E6A
__ptext926             text903      05FB
__ptext927             text917      0F69
__ptext928             text908      0A3B
__ptext929             text908      0A20
__ptext930             text903      05E2
__ptext931             text917      0F5B
__ptext932             text932      1735
__ptext933             text903      077A
__ptext934             text903      05D4
__ptext935             text935      15AF
__ptext936             text936      0802
__ptext937             text909      0C29
__ptext938             text938      15C4
__ptext939             text939      0000
__size_of___awdiv      (abs)        0000
__size_of___awmod      (abs)        0000
__size_of___awtoft     (abs)        0000
__size_of___bmul       (abs)        0000
__size_of___ftadd      (abs)        0000
__size_of___ftdiv      (abs)        0000
__size_of___ftge       (abs)        0000
__size_of___ftmul      (abs)        0000
__size_of___ftneg      (abs)        0000
__size_of___ftpack     (abs)        0000
__size_of___ftsub      (abs)        0000
__size_of___fttol      (abs)        0000
__size_of___lbdiv      (abs)        0000
__size_of___lbmod      (abs)        0000
__size_of___lldiv      (abs)        0000
__size_of___llmod      (abs)        0000
__size_of___lltoft     (abs)        0000
__size_of___wmul       (abs)        0000
__size_of__div_to_l_   (abs)        0000
__size_of__tdiv_to_l_  (abs)        0000
__size_of_atoi         (abs)        0000
__size_of_fround       (abs)        0000
__size_of_isdigit      (abs)        0000
__size_of_isprint      (abs)        0000
__size_of_lcd_busy     (abs)        0000
__size_of_lcd_gotoxy   (abs)        0000
__size_of_lcd_init     (abs)        0000
__size_of_lcd_put_byte (abs)        0000
__size_of_lcd_putc     (abs)        0000
__size_of_main         (abs)        0000
__size_of_ngat         (abs)        0000
__size_of_printf       (abs)        0000
__size_of_putch        (abs)        0000
__size_of_pwm_10bit    (abs)        0000
__size_of_rx           (abs)        0000
__size_of_scale        (abs)        0000
__size_of_tx           (abs)        0000
__tdiv_to_l_           text903      077A
__tdiv_to_l_@cntr      cstackBANK0  0027
__tdiv_to_l_@exp1      cstackBANK0  0028
__tdiv_to_l_@f1        cstackCOMMON 0073
__tdiv_to_l_@f2        cstackCOMMON 0076
__tdiv_to_l_@quot      cstackBANK0  0023
_a                     bssCOMMON    0079
_atoi                  text916      1612
_data_rx               bssBANK1     00B9
_dem                   bssBANK0     0069
_dpowers               strings      1054
_exit                  init         000E
_fround                text908      091B
_fround$4147           cstackBANK0  0056
_fround$4148           cstackBANK0  0053
_isdigit               text903      05D4
_isdigit$3697          cstackCOMMON 0073
_isprint               text909      0C29
_isprint$3700          cstackCOMMON 0073
_lcd_busy              text909      0C02
_lcd_gotoxy            text909      0A6D
_lcd_init              text909      0AB5
_lcd_put_byte          text909      0B72
_lcd_putc              text909      0A86
_main                  maintext     082B
_nRBPU                 (abs)        040F
_ngat                  text938      15C4
_printf                text903      0011
_printf$3184           cstackBANK1  00A0
_putch                 text903      0564
_pwm_10bit             text917      0C41
_pwm_t                 bssBANK0     006B
_rx                    text935      15AF
_scale                 text917      0CD8
_scale$4149            cstackBANK0  004B
_tx                    text936      0802
_v                     bssBANK1     00C3
_xung                  bssBANK0     006D
atoi@a                 cstackBANK0  0025
atoi@s                 cstackBANK0  0027
atoi@sign              cstackBANK0  0024
btemp                  (abs)        007E
end_of_initialization  cinit        0827
fround@prec            cstackBANK0  0059
i1l2168                                 
i1l6398                                 
i1l6402                                 
i1l6404                                 
i1l6408                                 
i1l6410                                 
i1l6414                                 
i1l6418                                 
i1l6420                                 
interrupt_function     intentry     0004
intlevel0              functab      0000
intlevel1              functab      0000
intlevel2              functab      0000
intlevel3              functab      0000
intlevel4              functab      0000
intlevel5              functab      0000
isdigit@c              cstackCOMMON 0074
isprint@c              cstackCOMMON 0074
l1056                                   
l1059                                   
l1067                                   
l1090                                   
l2171                                   
l2191                                   
l2194                                   
l3332                                   
l3337                                   
l3347                                   
l3353                                   
l3383                                   
l3389                                   
l3433                                   
l3487                                   
l3500                                   
l3510                                   
l3514                                   
l3529                                   
l3568                                   
l3590                                   
l3598                                   
l3641                                   
l6358                                   
l6360                                   
l6370                                   
l6372                                   
l6374                                   
l6376                                   
l6378                                   
l6380                                   
l6382                                   
l6384                                   
l6386                                   
l6388                                   
l6390                                   
l6392                                   
l6394                                   
l6396                                   
l6436                                   
l6438                                   
l6448                                   
l6456                                   
l6458                                   
l6460                                   
l6462                                   
l6464                                   
l6468                                   
l6472                                   
l6476                                   
l6484                                   
l6496                                   
l6506                                   
l6508                                   
l6510                                   
l6512                                   
l6516                                   
l6520                                   
l6522                                   
l6530                                   
l6558                                   
l6566                                   
l6568                                   
l6574                                   
l6576                                   
l6578                                   
l6584                                   
l6588                                   
l6592                                   
l6598                                   
l6600                                   
l6604                                   
l6606                                   
l6612                                   
l6644                                   
l6650                                   
l6652                                   
l6654                                   
l6656                                   
l6658                                   
l6666                                   
l6676                                   
l6682                                   
l6684                                   
l6688                                   
l6694                                   
l6698                                   
l6708                                   
l6712                                   
l6716                                   
l6720                                   
l6746                                   
l6754                                   
l6764                                   
l6766                                   
l6800                                   
l6802                                   
l6806                                   
l6826                                   
l6830                                   
l6886                                   
l6888                                   
l6890                                   
l6892                                   
l7794                                   
l7802                                   
l7804                                   
l7810                                   
l7812                                   
l7832                                   
l7834                                   
l7836                                   
l7838                                   
l7852                                   
l7858                                   
l7860                                   
l7870                                   
l7874                                   
l7878                                   
l7884                                   
l7886                                   
l7888                                   
l7892                                   
l7894                                   
l7896                                   
l7904                                   
l7906                                   
l7908                                   
l7916                                   
l7918                                   
l7920                                   
l7922                                   
l7924                                   
l7926                                   
l7928                                   
l7930                                   
l7934                                   
l7944                                   
l7960                                   
l7968                                   
l7970                                   
l7972                                   
l7982                                   
l7988                                   
l7994                                   
l7996                                   
l8000                                   
l8012                                   
l8022                                   
l8028                                   
l8032                                   
l8034                                   
l8038                                   
l8040                                   
l8046                                   
l8058                                   
l8060                                   
l8062                                   
l8064                                   
l8066                                   
l8068                                   
l8070                                   
l8072                                   
l8074                                   
l8080                                   
l8084                                   
l8086                                   
l8090                                   
l8104                                   
l8106                                   
l8108                                   
l8110                                   
l8112                                   
l8114                                   
l8116                                   
l8118                                   
l8126                                   
l8128                                   
l8130                                   
l8138                                   
l8140                                   
l8142                                   
l8146                                   
l8148                                   
l8152                                   
l8158                                   
l8168                                   
l8170                                   
l8172                                   
l8174                                   
l8176                                   
l8178                                   
l8206                                   
l8208                                   
l8214                                   
l8218                                   
l8222                                   
l8232                                   
l8240                                   
l8244                                   
l8280                                   
l8282                                   
l8286                                   
l8304                                   
l8306                                   
l8314                                   
l8326                                   
l8328                                   
l8334                                   
l8336                                   
l8340                                   
l8346                                   
l8360                                   
l8362                                   
l8366                                   
l8370                                   
l8374                                   
l8376                                   
l8378                                   
l8380                                   
l8382                                   
l8384                                   
l8390                                   
l8392                                   
l8422                                   
l8424                                   
l8426                                   
l8430                                   
l8444                                   
l8448                                   
l8462                                   
l8468                                   
l8482                                   
l8492                                   
l8500                                   
l8506                                   
l8508                                   
l8512                                   
l8532                                   
l8572                                   
l8578                                   
l8590                                   
l8592                                   
l8594                                   
l8596                                   
l8598                                   
l8600                                   
l8602                                   
l8604                                   
l8606                                   
l8608                                   
l8610                                   
l8612                                   
l8614                                   
l8616                                   
l8618                                   
l8620                                   
l8622                                   
l8624                                   
l8626                                   
l8628                                   
l8630                                   
l8632                                   
l8634                                   
l8636                                   
l8638                                   
l8640                                   
l8642                                   
l8644                                   
l8646                                   
l8648                                   
l8650                                   
l8652                                   
l8654                                   
l8656                                   
l8658                                   
l8660                                   
l8662                                   
l8664                                   
l8666                                   
l8668                                   
l8670                                   
l8680                                   
l8682                                   
l8686                                   
l8688                                   
l8690                                   
l8692                                   
l8694                                   
l8696                                   
lcd_busy@busy          cstackCOMMON 0074
lcd_gotoxy@address     cstackBANK0  0021
lcd_gotoxy@col         cstackBANK0  0020
lcd_gotoxy@row         cstackCOMMON 0078
lcd_put_byte@b         cstackCOMMON 0073
lcd_put_byte@rs        cstackCOMMON 0076
lcd_put_byte@temp      cstackCOMMON 0077
lcd_putc@c             cstackBANK0  0022
main@b                 cstackBANK0  0067
main@data_pwm          cstackBANK0  0064
printf@_val            cstackBANK1  00A9
printf@ap              cstackBANK1  00A4
printf@c               cstackBANK1  00B8
printf@exp             cstackBANK1  00AF
printf@f               cstackBANK1  00A8
printf@flag            cstackBANK1  00AD
printf@fval            cstackBANK1  00B3
printf@integ           cstackBANK1  00A5
printf@prec            cstackBANK1  00B6
printf@width           cstackBANK1  00B1
putch@c                cstackBANK0  0023
pwm_10bit@pwm          cstackBANK0  0028
reset_vec              reset_vec    0000
saved_w                (abs)        007E
scale@scl              cstackBANK0  004E
start                  init         000E
start_initialization   cinit        0811
u2630                                   
u5310                                   
wtemp0                 (abs)        007E
