HI-TECH Software C Compiler 

Linker command line:

--edf=C:\Program Files (x86)\HI-TECH Software\PICC\9.83\dat\en_msgs.txt -cs \
  -h+BT02week11ttvxl.sym -z -Q16F887 -ol.obj -MBT02week11ttvxl.map -E1 \
  -ACONST=00h-0FFhx32 -ACODE=00h-07FFhx4 -ASTRCODE=00h-01FFFh \
  -AENTRY=00h-0FFhx32 -ASTRING=00h-0FFhx32 -ABANK0=020h-06Fh \
  -ABANK1=0A0h-0EFh -ABANK2=0110h-016Fh -ABANK3=0190h-01EFh \
  -ARAM=020h-06Fh,0A0h-0EFh,0110h-016Fh,0190h-01EFh \
  -AABS1=020h-07Fh,0A0h-0EFh,0110h-016Fh,0190h-01EFh -ACOMMON=070h-07Fh \
  -ASFR0=00h-01Fh -ASFR1=080h-09Fh -ASFR2=0100h-010Fh -ASFR3=0180h-018Fh \
  -preset_vec=00h,intentry=04h,init,end_init -ppowerup=CODE -pfunctab=CODE \
  -ACONFIG=02007h-02008h -pconfig=CONFIG -DCONFIG=2 -AIDLOC=02000h-02003h \
  -pidloc=IDLOC -DIDLOC=2 -AEEDATA=00h-0FFh/02100h -peeprom_data=EEDATA \
  -DEEDATA=2 -DCODE=2 -DSTRCODE=2 -DSTRING=2 -DCONST=2 -DENTRY=2 -k \
  startup.obj BT02week11ttvxl.obj 

Object code version is 3.10

Machine type is 16F887



                Name                               Link     Load   Length Selector   Space Scale
startup.obj     end_init                              C        C        3        8       0
                reset_vec                             0        0        3        0       0
BT02week11ttvxl.obj
                intentry                              4        4        8        8       0
                config                             2007     2007        1     400E       0
                text726                            1693     1693      16D     2D26       0
                text722                            131C     131C       CC     2638       0
                text707                             C18      C18      3E8     1830       0
                text699                             A17      A17      201     142E       0
                text696                             8A1      8A1      176     1142       0
                text695                            13E8     13E8      152     27D0       0
                text690                               F        F      7A4        8       0
                maintext                           153A     153A      159     2A74       0
                cstackBANK0                          20       20       4A       20       1
                cstackCOMMON                         70       70        A       70       1
                cstackBANK1                          A0       A0       19       A0       1
                clrtext                             7C7      7C7        8        8       0
                bssBANK1                             B9       B9       11       A0       1
                bssBANK0                             6A       6A        5       20       1
                bssCOMMON                            7A       7A        4       70       1
                cinit                               7B3      7B3       14        8       0
                strings                            1000     1000       F4     2000       0

TOTAL           Name                               Link     Load   Length     Space
        CLASS   CONST          

        CLASS   CODE           
                end_init                              C        C        3         0
                intentry                              4        4        8         0
                reset_vec                             0        0        3         0
                text726                            1693     1693      16D         0
                text722                            131C     131C       CC         0
                text707                             C18      C18      3E8         0
                text699                             A17      A17      201         0
                text696                             8A1      8A1      176         0
                text695                            13E8     13E8      152         0
                text690                               F        F      7A4         0
                maintext                           153A     153A      159         0
                clrtext                             7C7      7C7        8         0
                cinit                               7B3      7B3       14         0

        CLASS   STRCODE        

        CLASS   ENTRY          

        CLASS   STRING         
                strings                            1000     1000       F4         0

        CLASS   BANK0          
                cstackBANK0                          20       20       4A         1
                bssBANK0                             6A       6A        5         1

        CLASS   BANK1          
                cstackBANK1                          A0       A0       19         1
                bssBANK1                             B9       B9       11         1

        CLASS   BANK2          

        CLASS   BANK3          

        CLASS   RAM            

        CLASS   ABS1           
                abs_s1                               7E       7E        2         1

        CLASS   COMMON         
                cstackCOMMON                         70       70        A         1
                bssCOMMON                            7A       7A        4         1

        CLASS   SFR0           

        CLASS   SFR1           

        CLASS   SFR2           

        CLASS   SFR3           

        CLASS   CONFIG         
                config                             2007     2007        1         0

        CLASS   IDLOC          

        CLASS   EEDATA         



SEGMENTS        Name                           Load    Length   Top    Selector   Space  Class     Delta

                reset_vec                      000000  000003  000003         0       0  CODE        2
                intentry                       000004  0007CB  0007CF         8       0  CODE        2
                cstackBANK0                    000020  00004F  00006F        20       1  BANK0       1
                cstackCOMMON                   000070  00000E  00007E        70       1  COMMON      1
                cstackBANK1                    0000A0  00002A  0000CA        A0       1  BANK1       1
                text696                        0008A1  000176  000A17      1142       0  CODE        2
                text699                        000A17  000201  000C18      142E       0  CODE        2
                text707                        000C18  0003E8  001000      1830       0  CODE        2
                strings                        001000  0000F4  0010F4      2000       0  STRING      2
                text722                        00131C  0000CC  0013E8      2638       0  CODE        2
                text695                        0013E8  000152  00153A      27D0       0  CODE        2
                maintext                       00153A  000159  001693      2A74       0  CODE        2
                text726                        001693  00016D  001800      2D26       0  CODE        2
                config                         002007  000001  002008      400E       0  CONFIG      2


UNUSED ADDRESS RANGES

        Name                Unused          Largest block    Delta
        BANK0            006F-006F              1           1
        BANK1            00CA-00EF             26           1
        BANK2            0110-016F             60           1
        BANK3            0190-01EF             60           1
        CODE             0003-0003              1           2
                         07CF-08A0             31
                         10F4-131B            228
                         1800-1FFF            800
        CONFIG           2008-2008              1           2
        CONST            0003-0003              1           2
                         07CF-08A0             31
                         10F4-131B            100
                         1800-1FFF            100
        EEDATA           2100-21FF            100           2
        ENTRY            0003-0003              1           2
                         07CF-08A0             31
                         10F4-131B            100
                         1800-1FFF            100
        IDLOC            2000-2003              4           2
        RAM              006F-006F              1           1
                         00CA-00EF             26
                         0110-016F             60
                         0190-01EF             60
        SFR0             0000-001F             20           1
        SFR1             0080-009F             20           1
        SFR2             0100-010F             10           1
        SFR3             0180-018F             10           1
        STRCODE          0003-0003              1           2
                         07CF-08A0             D2
                         10F4-131B            228
                         1800-1FFF            800
        STRING           0003-0003              1           2
                         07CF-08A0             31
                         10F4-131B            100
                         1800-1FFF            100

                                  Symbol Table

??___awdiv               cstackBANK0  002A
??___awmod               cstackBANK0  0024
??___awtoft              cstackBANK0  002B
??___bmul                cstackBANK0  002A
??___ftadd               cstackBANK0  0050
??___ftdiv               cstackBANK0  0032
??___ftge                cstackBANK0  0026
??___ftmul               cstackBANK0  0041
??___ftneg               cstackBANK0  0023
??___ftpack              cstackBANK0  0025
??___ftsub               cstackBANK0  005C
??___fttol               cstackBANK0  0032
??___lbdiv               cstackBANK0  0026
??___lbmod               cstackBANK0  0021
??___lldiv               cstackBANK0  0028
??___llmod               cstackBANK0  0035
??___lltoft              cstackBANK0  002C
??___wmul                cstackBANK0  0024
??__div_to_l_            cstackBANK0  0026
??__tdiv_to_l_           cstackBANK0  0026
??_button                cstackCOMMON 0075
??_fround                cstackBANK0  0059
??_isdigit               cstackBANK0  0020
??_isprint               cstackBANK0  0020
??_lcd_busy              cstackBANK0  0020
??_lcd_gotoxy            cstackBANK0  0026
??_lcd_init              cstackBANK0  0025
??_lcd_put_byte          cstackBANK0  0021
??_lcd_putc              cstackBANK0  0028
??_main                  cstackBANK0  0068
??_printf                cstackBANK0  0063
??_putch                 cstackBANK0  0029
??_read_adc_AN0          cstackBANK0  004A
??_read_adc_AN1          cstackBANK0  004A
??_read_adc_AN2          cstackBANK0  004A
??_read_adc_AN3          cstackBANK0  004A
??_read_adc_AN5          cstackBANK0  004A
??_scale                 cstackBANK0  004D
??i1_lcd_busy            cstackCOMMON 0070
??i1_lcd_put_byte        cstackCOMMON 0071
?___awdiv                cstackBANK0  0026
?___awmod                cstackBANK0  0020
?___awtoft               cstackBANK0  0028
?___bmul                 cstackBANK0  0029
?___ftadd                cstackBANK0  004A
?___ftdiv                cstackBANK0  002C
?___ftge                 cstackBANK0  0020
?___ftmul                cstackBANK0  003B
?___ftneg                cstackBANK0  0020
?___ftpack               cstackBANK0  0020
?___ftsub                cstackBANK0  0056
?___fttol                cstackBANK0  002E
?___lbdiv                cstackBANK0  0025
?___lbmod                cstackBANK0  0020
?___lldiv                cstackBANK0  0020
?___llmod                cstackBANK0  002D
?___lltoft               cstackBANK0  0028
?___wmul                 cstackBANK0  0020
?__div_to_l_             cstackBANK0  0020
?__tdiv_to_l_            cstackBANK0  0020
?_button                 cstackCOMMON 0070
?_fround                 cstackBANK0  0056
?_isdigit                cstackCOMMON 0070
?_isprint                cstackCOMMON 0070
?_lcd_busy               cstackCOMMON 0070
?_lcd_gotoxy             cstackBANK0  0025
?_lcd_init               cstackCOMMON 0070
?_lcd_put_byte           cstackBANK0  0020
?_lcd_putc               cstackCOMMON 0070
?_main                   cstackCOMMON 0070
?_printf                 cstackBANK0  0060
?_putch                  cstackCOMMON 0070
?_read_adc_AN0           cstackCOMMON 0070
?_read_adc_AN1           cstackCOMMON 0070
?_read_adc_AN2           cstackCOMMON 0070
?_read_adc_AN3           cstackCOMMON 0070
?_read_adc_AN5           cstackCOMMON 0070
?_scale                  cstackBANK0  004A
?i1_lcd_busy             cstackCOMMON 0070
?i1_lcd_put_byte         cstackCOMMON 0070
_ADCS0                   (abs)        00FE
_ADCS1                   (abs)        00FF
_ADFM                    (abs)        04FF
_ADON                    (abs)        00F8
_ADRESH                  (abs)        001E
_ANS0                    (abs)        0C40
_ANS1                    (abs)        0C41
_ANS2                    (abs)        0C42
_ANS3                    (abs)        0C43
_ANS5                    (abs)        0C45
_ANSEL                   (abs)        0188
_ANSELH                  (abs)        0189
_CHS0                    (abs)        00FA
_CHS1                    (abs)        00FB
_CHS2                    (abs)        00FC
_CHS3                    (abs)        00FD
_GIE                     (abs)        005F
_GO_nDONE                (abs)        00F9
_IOCB                    (abs)        0096
_RB0                     (abs)        0030
_RB1                     (abs)        0031
_RB2                     (abs)        0032
_RB3                     (abs)        0033
_RB4                     (abs)        0034
_RBIE                    (abs)        005B
_RBIF                    (abs)        0058
_RD1                     (abs)        0041
_RD2                     (abs)        0042
_RD3                     (abs)        0043
_RD4                     (abs)        0044
_RD5                     (abs)        0045
_RD6                     (abs)        0046
_RD7                     (abs)        0047
_S1_state                bssBANK0     006E
_TRISA0                  (abs)        0428
_TRISA1                  (abs)        0429
_TRISA2                  (abs)        042A
_TRISA3                  (abs)        042B
_TRISB                   (abs)        0086
_TRISD                   (abs)        0088
_TRISD1                  (abs)        0441
_TRISD2                  (abs)        0442
_TRISD3                  (abs)        0443
_TRISD4                  (abs)        0444
_TRISD5                  (abs)        0445
_TRISD6                  (abs)        0446
_TRISD7                  (abs)        0447
_TRISE0                  (abs)        0448
_VCFG0                   (abs)        04FC
_VCFG1                   (abs)        04FD
__Habs1                  abs1         0000
__Hbank0                 bank0        0000
__Hbank1                 bank1        0000
__Hbank2                 bank2        0000
__Hbank3                 bank3        0000
__HbssBANK0              bssBANK0     0000
__HbssBANK1              bssBANK1     0000
__HbssCOMMON             bssCOMMON    0000
__Hcinit                 cinit        0000
__Hclrtext               clrtext      0000
__Hcode                  code         0000
__Hcommon                common       0000
__Hconfig                config       2008
__HcstackBANK0           cstackBANK0  0000
__HcstackBANK1           cstackBANK1  0000
__HcstackCOMMON          cstackCOMMON 0000
__Heeprom_data           eeprom_data  0000
__Hend_init              end_init     000F
__Hfunctab               functab      0000
__Hidloc                 idloc        0000
__Hinit                  init         000C
__Hintentry              intentry     000C
__Hmaintext              maintext     0000
__Hpa_nodes              pa_nodes     0000
__Hpowerup               powerup      0000
__Hram                   ram          0000
__Hreset_vec             reset_vec    0003
__Hsfr0                  sfr0         0000
__Hsfr1                  sfr1         0000
__Hsfr2                  sfr2         0000
__Hsfr3                  sfr3         0000
__Hstrings               strings      0000
__Htext                  text         0000
__Labs1                  abs1         0000
__Lbank0                 bank0        0000
__Lbank1                 bank1        0000
__Lbank2                 bank2        0000
__Lbank3                 bank3        0000
__LbssBANK0              bssBANK0     0000
__LbssBANK1              bssBANK1     0000
__LbssCOMMON             bssCOMMON    0000
__Lcinit                 cinit        0000
__Lclrtext               clrtext      0000
__Lcode                  code         0000
__Lcommon                common       0000
__Lconfig                config       2007
__LcstackBANK0           cstackBANK0  0000
__LcstackBANK1           cstackBANK1  0000
__LcstackCOMMON          cstackCOMMON 0000
__Leeprom_data           eeprom_data  0000
__Lend_init              end_init     000C
__Lfunctab               functab      0000
__Lidloc                 idloc        0000
__Linit                  init         000C
__Lintentry              intentry     0004
__Lmaintext              maintext     0000
__Lpa_nodes              pa_nodes     0000
__Lpowerup               powerup      0000
__Lram                   ram          0000
__Lreset_vec             reset_vec    0000
__Lsfr0                  sfr0         0000
__Lsfr1                  sfr1         0000
__Lsfr2                  sfr2         0000
__Lsfr3                  sfr3         0000
__Lstrings               strings      0000
__Ltext                  text         0000
__S0                     (abs)        2008
__S1                     (abs)        00CA
__S2                     (abs)        0000
___awdiv                 text707      0E6A
___awdiv@counter         cstackBANK0  002A
___awdiv@dividend        cstackBANK0  0028
___awdiv@divisor         cstackBANK0  0026
___awdiv@quotient        cstackBANK0  002C
___awdiv@sign            cstackBANK0  002B
___awmod                 text707      0EAF
___awmod@counter         cstackBANK0  0024
___awmod@dividend        cstackBANK0  0022
___awmod@divisor         cstackBANK0  0020
___awmod@sign            cstackBANK0  0025
___awtoft                text699      0BE0
___awtoft@c              cstackBANK0  0028
___awtoft@sign           cstackBANK0  002B
___bmul                  text707      0F5B
___bmul@multiplicand     cstackBANK0  0029
___bmul@multiplier       cstackBANK0  002B
___bmul@product          cstackBANK0  002A
___ftadd                 text707      0C18
___ftadd@exp1            cstackBANK0  0055
___ftadd@exp2            cstackBANK0  0054
___ftadd@f1              cstackBANK0  004A
___ftadd@f2              cstackBANK0  004D
___ftadd@sign            cstackBANK0  0053
___ftdiv                 text699      0B76
___ftdiv@cntr            cstackBANK0  0035
___ftdiv@exp             cstackBANK0  0039
___ftdiv@f1              cstackBANK0  002F
___ftdiv@f2              cstackBANK0  002C
___ftdiv@f3              cstackBANK0  0036
___ftdiv@sign            cstackBANK0  003A
___ftge                  text690      04BB
___ftge@ff1              cstackBANK0  0020
___ftge@ff2              cstackBANK0  0023
___ftmul                 text707      0EEC
___ftmul@cntr            cstackBANK0  0048
___ftmul@exp             cstackBANK0  0044
___ftmul@f1              cstackBANK0  003B
___ftmul@f2              cstackBANK0  003E
___ftmul@f3_as_product   cstackBANK0  0045
___ftmul@sign            cstackBANK0  0049
___ftneg                 text690      0667
___ftneg@f1              cstackBANK0  0020
___ftpack                text707      0F69
___ftpack@arg            cstackBANK0  0020
___ftpack@exp            cstackBANK0  0023
___ftpack@sign           cstackBANK0  0024
___ftsub                 text690      068F
___ftsub@f1              cstackBANK0  0059
___ftsub@f2              cstackBANK0  0056
___fttol                 text690      050F
___fttol@exp1            cstackBANK0  003A
___fttol@f1              cstackBANK0  002E
___fttol@lval            cstackBANK0  0036
___fttol@sign1           cstackBANK0  0035
___lbdiv                 text695      14ED
___lbdiv@counter         cstackBANK0  0027
___lbdiv@dividend        cstackBANK0  0026
___lbdiv@divisor         cstackBANK0  0025
___lbdiv@quotient        cstackBANK0  0028
___lbmod                 text695      1508
___lbmod@counter         cstackBANK0  0023
___lbmod@dividend        cstackBANK0  0022
___lbmod@divisor         cstackBANK0  0020
___lbmod@rem             cstackBANK0  0024
___lldiv                 text690      05A8
___lldiv@counter         cstackBANK0  002C
___lldiv@dividend        cstackBANK0  0024
___lldiv@divisor         cstackBANK0  0020
___lldiv@quotient        cstackBANK0  0028
___llmod                 text690      056A
___llmod@counter         cstackBANK0  0035
___llmod@dividend        cstackBANK0  0031
___llmod@divisor         cstackBANK0  002D
___lltoft                text690      066F
___lltoft@c              cstackBANK0  0028
___lltoft@exp            cstackBANK0  002C
___wmul                  text690      04F6
___wmul@multiplicand     cstackBANK0  0022
___wmul@multiplier       cstackBANK0  0020
___wmul@product          cstackBANK0  0024
__div_to_l_              text722      131C
__div_to_l_@cntr         cstackBANK0  0032
__div_to_l_@exp1         cstackBANK0  0033
__div_to_l_@f1           cstackBANK0  0020
__div_to_l_@f2           cstackBANK0  0023
__div_to_l_@quot         cstackBANK0  002E
__end_of___awdiv         text707      0EAF
__end_of___awmod         text707      0EEC
__end_of___awtoft        text699      0BFD
__end_of___bmul          text707      0F69
__end_of___ftadd         text707      0CD8
__end_of___ftdiv         text699      0BE0
__end_of___ftge          text690      04E7
__end_of___ftmul         text707      0F5B
__end_of___ftneg         text690      066F
__end_of___ftpack        text707      0FA7
__end_of___ftsub         text690      06A7
__end_of___fttol         text690      056A
__end_of___lbdiv         text695      1508
__end_of___lbmod         text695      1524
__end_of___lldiv         text690      05F0
__end_of___llmod         text690      05A8
__end_of___lltoft        text690      068F
__end_of___wmul          text690      050F
__end_of__div_to_l_      text722      13DB
__end_of__tdiv_to_l_     text690      0667
__end_of_button          text726      1740
__end_of_fround          text695      14ED
__end_of_isdigit         text690      04F6
__end_of_isprint         text690      0710
__end_of_lcd_busy        text690      0702
__end_of_lcd_gotoxy      text696      08B9
__end_of_lcd_init        text696      0979
__end_of_lcd_put_byte    text696      0A08
__end_of_lcd_putc        text690      06DC
__end_of_main            maintext     1693
__end_of_printf          text690      04B8
__end_of_putch           text690      04BB
__end_of_read_adc_AN0    text699      0B2B
__end_of_read_adc_AN1    text699      0AE6
__end_of_read_adc_AN2    text699      0AA1
__end_of_read_adc_AN3    text699      0A5C
__end_of_read_adc_AN5    text699      0B76
__end_of_scale           text707      0E6A
__end_ofi1_lcd_busy      text726      1767
__end_ofi1_lcd_put_byte  text726      17F6
__npowers_               strings      1006
__pbssBANK0              bssBANK0     006A
__pbssBANK1              bssBANK1     00B9
__pbssCOMMON             bssCOMMON    007A
__pcstackBANK0           cstackBANK0  0020
__pcstackBANK1           cstackBANK1  00A0
__pcstackCOMMON          cstackCOMMON 0070
__pintentry              intentry     0004
__pmaintext              maintext     153A
__powers_                strings      102D
__pstrings               strings      1000
__ptext690               text690      000F
__ptext691               text690      04B8
__ptext692               text690      06A7
__ptext693               text690      068F
__ptext694               text707      0CD8
__ptext695               text695      13E8
__ptext696               text696      08A1
__ptext697               text696      08B9
__ptext698               text699      0B2B
__ptext699               text699      0A17
__ptext700               text699      0A5C
__ptext701               text699      0AA1
__ptext702               text699      0AE6
__ptext703               text690      066F
__ptext704               text699      0BE0
__ptext705               text707      0EEC
__ptext706               text699      0B76
__ptext707               text707      0C18
__ptext708               text690      06DC
__ptext709               text696      0979
__ptext710               text707      0EAF
__ptext711               text690      05A8
__ptext712               text690      04BB
__ptext713               text690      0667
__ptext714               text690      056A
__ptext715               text707      0E6A
__ptext716               text690      050F
__ptext717               text707      0F69
__ptext718               text695      1508
__ptext719               text695      14ED
__ptext720               text690      04F6
__ptext721               text707      0F5B
__ptext722               text722      131C
__ptext723               text690      05F0
__ptext724               text690      04E7
__ptext725               text690      0702
__ptext726               text726      1693
__ptext727               text726      1767
__ptext728               text726      1740
__ptext729               text729      0000
__size_of___awdiv        (abs)        0000
__size_of___awmod        (abs)        0000
__size_of___awtoft       (abs)        0000
__size_of___bmul         (abs)        0000
__size_of___ftadd        (abs)        0000
__size_of___ftdiv        (abs)        0000
__size_of___ftge         (abs)        0000
__size_of___ftmul        (abs)        0000
__size_of___ftneg        (abs)        0000
__size_of___ftpack       (abs)        0000
__size_of___ftsub        (abs)        0000
__size_of___fttol        (abs)        0000
__size_of___lbdiv        (abs)        0000
__size_of___lbmod        (abs)        0000
__size_of___lldiv        (abs)        0000
__size_of___llmod        (abs)        0000
__size_of___lltoft       (abs)        0000
__size_of___wmul         (abs)        0000
__size_of__div_to_l_     (abs)        0000
__size_of__tdiv_to_l_    (abs)        0000
__size_of_button         (abs)        0000
__size_of_fround         (abs)        0000
__size_of_isdigit        (abs)        0000
__size_of_isprint        (abs)        0000
__size_of_lcd_busy       (abs)        0000
__size_of_lcd_gotoxy     (abs)        0000
__size_of_lcd_init       (abs)        0000
__size_of_lcd_put_byte   (abs)        0000
__size_of_lcd_putc       (abs)        0000
__size_of_main           (abs)        0000
__size_of_printf         (abs)        0000
__size_of_putch          (abs)        0000
__size_of_read_adc_AN0   (abs)        0000
__size_of_read_adc_AN1   (abs)        0000
__size_of_read_adc_AN2   (abs)        0000
__size_of_read_adc_AN3   (abs)        0000
__size_of_read_adc_AN5   (abs)        0000
__size_of_scale          (abs)        0000
__size_ofi1_lcd_busy     (abs)        0000
__size_ofi1_lcd_put_byte (abs)        0000
__tdiv_to_l_             text690      05F0
__tdiv_to_l_@cntr        cstackBANK0  002D
__tdiv_to_l_@exp1        cstackBANK0  002E
__tdiv_to_l_@f1          cstackBANK0  0020
__tdiv_to_l_@f2          cstackBANK0  0023
__tdiv_to_l_@quot        cstackBANK0  0029
_adc1                    bssBANK0     006A
_adc2                    bssBANK0     006C
_adc3                    bssCOMMON    007A
_adc4                    bssCOMMON    007C
_adc5                    bssBANK1     00C8
_button                  text726      1693
_dpowers                 strings      1054
_exit                    init         000C
_fround                  text695      13E8
_fround$4155             cstackBANK0  005C
_fround$4156             cstackBANK0  0059
_isdigit                 text690      04E7
_isdigit$3694            cstackBANK0  0020
_isprint                 text690      0702
_isprint$3697            cstackBANK0  0020
_lcd_busy                text690      06DC
_lcd_gotoxy              text696      08A1
_lcd_init                text696      08B9
_lcd_put_byte            text696      0979
_lcd_putc                text690      06A7
_main                    maintext     153A
_printf                  text690      000F
_printf$3186             cstackBANK1  00A0
_putch                   text690      04B8
_read_adc_AN0            text699      0AE6
_read_adc_AN1            text699      0AA1
_read_adc_AN2            text699      0A5C
_read_adc_AN3            text699      0A17
_read_adc_AN5            text699      0B2B
_res1                    bssBANK1     00B9
_res2                    bssBANK1     00BC
_res3                    bssBANK1     00BF
_res4                    bssBANK1     00C2
_res5                    bssBANK1     00C5
_scale                   text707      0CD8
_scale$4157              cstackBANK0  0051
btemp                    (abs)        007E
clear_ram                clrtext      07C7
end_of_initialization    cinit        07C3
fround@prec              cstackBANK0  005F
i1_lcd_busy              text726      1740
i1_lcd_put_byte          text726      1767
i1l2208                                   
i1l2216                                   
i1l6550                                   
i1l6556                                   
i1l6568                                   
i1l6580                                   
i1l6592                                   
i1l6604                                   
i1l7022                                   
i1l7024                                   
i1l7026                                   
i1l7028                                   
i1l7030                                   
i1l7032                                   
i1l7036                                   
i1l7038                                   
i1l7040                                   
i1l7044                                   
i1l7046                                   
i1l7048                                   
i1l7056                                   
i1l7058                                   
i1l7060                                   
i1l7068                                   
i1l7070                                   
i1lcd_busy@busy          cstackCOMMON 0071
i1lcd_put_byte@b         cstackCOMMON 0070
i1lcd_put_byte@rs        cstackCOMMON 0073
i1lcd_put_byte@temp      cstackCOMMON 0074
interrupt_function       intentry     0004
intlevel0                functab      0000
intlevel1                functab      0000
intlevel2                functab      0000
intlevel3                functab      0000
intlevel4                functab      0000
intlevel5                functab      0000
isdigit@c                cstackBANK0  0021
isprint@c                cstackBANK0  0021
l1068                                     
l1074                                     
l1080                                     
l1086                                     
l1092                                     
l1106                                     
l2205                                     
l2208                                     
l2216                                     
l2239                                     
l3342                                     
l3347                                     
l3357                                     
l3363                                     
l3393                                     
l3399                                     
l3443                                     
l3497                                     
l3510                                     
l3520                                     
l3524                                     
l3539                                     
l3578                                     
l3600                                     
l3608                                     
l3651                                     
l6610                                     
l6612                                     
l6622                                     
l6624                                     
l6634                                     
l6642                                     
l6644                                     
l6646                                     
l6648                                     
l6650                                     
l6654                                     
l6658                                     
l6662                                     
l6670                                     
l6682                                     
l6692                                     
l6694                                     
l6696                                     
l6698                                     
l6702                                     
l6706                                     
l6708                                     
l6716                                     
l6728                                     
l6736                                     
l6738                                     
l6744                                     
l6752                                     
l6754                                     
l6760                                     
l6762                                     
l6764                                     
l6770                                     
l6774                                     
l6778                                     
l6784                                     
l6786                                     
l6790                                     
l6792                                     
l6798                                     
l6802                                     
l6804                                     
l6824                                     
l6826                                     
l6828                                     
l6830                                     
l6836                                     
l6838                                     
l6840                                     
l6842                                     
l6844                                     
l6852                                     
l6862                                     
l6868                                     
l6870                                     
l6874                                     
l6880                                     
l6884                                     
l6894                                     
l6898                                     
l6902                                     
l6906                                     
l6912                                     
l6926                                     
l6932                                     
l6940                                     
l6950                                     
l6952                                     
l6960                                     
l6962                                     
l6972                                     
l6976                                     
l6980                                     
l6986                                     
l6988                                     
l6992                                     
l7012                                     
l7016                                     
l7072                                     
l7074                                     
l7076                                     
l7080                                     
l7082                                     
l7084                                     
l7092                                     
l7094                                     
l7096                                     
l7104                                     
l7106                                     
l7108                                     
l7110                                     
l7112                                     
l7114                                     
l7116                                     
l7118                                     
l7122                                     
l7124                                     
l7126                                     
l7136                                     
l7142                                     
l7148                                     
l7150                                     
l7154                                     
l7166                                     
l7176                                     
l7182                                     
l7186                                     
l7188                                     
l7192                                     
l7194                                     
l7200                                     
l7212                                     
l7214                                     
l7216                                     
l7218                                     
l7220                                     
l7222                                     
l7224                                     
l7226                                     
l7228                                     
l7234                                     
l7238                                     
l7240                                     
l7244                                     
l7258                                     
l7260                                     
l7262                                     
l7264                                     
l7266                                     
l7268                                     
l7270                                     
l7272                                     
l7280                                     
l7282                                     
l7284                                     
l7292                                     
l7294                                     
l7296                                     
l7300                                     
l7302                                     
l7306                                     
l7312                                     
l7322                                     
l7324                                     
l7326                                     
l7330                                     
l7332                                     
l7334                                     
l7336                                     
l7338                                     
l7342                                     
l7344                                     
l7346                                     
l7348                                     
l7350                                     
l7354                                     
l7356                                     
l7358                                     
l7360                                     
l7362                                     
l7366                                     
l7368                                     
l7370                                     
l7372                                     
l7374                                     
l7378                                     
l7380                                     
l7382                                     
l7384                                     
l7386                                     
l7388                                     
l7390                                     
l7392                                     
l7420                                     
l7422                                     
l7428                                     
l7432                                     
l7436                                     
l7446                                     
l7454                                     
l7458                                     
l7494                                     
l7496                                     
l7500                                     
l7518                                     
l7520                                     
l7528                                     
l7534                                     
l7536                                     
l7542                                     
l7544                                     
l7548                                     
l7554                                     
l7568                                     
l7570                                     
l7574                                     
l7578                                     
l7582                                     
l7584                                     
l7586                                     
l7588                                     
l7590                                     
l7592                                     
l7598                                     
l7600                                     
l7630                                     
l7632                                     
l7634                                     
l7638                                     
l7652                                     
l7656                                     
l7680                                     
l7690                                     
l7698                                     
l7740                                     
l7748                                     
l7750                                     
l7752                                     
l7754                                     
l7756                                     
l7758                                     
l7760                                     
l7762                                     
l7764                                     
l7766                                     
l7768                                     
l7770                                     
l7772                                     
l7774                                     
l7776                                     
l7778                                     
l7780                                     
l7782                                     
l7784                                     
l7786                                     
l7788                                     
l7790                                     
l7792                                     
l7794                                     
l7796                                     
l7798                                     
l7800                                     
l7806                                     
l7808                                     
l7814                                     
l7816                                     
l7822                                     
l7824                                     
l7830                                     
l7832                                     
l7838                                     
l7840                                     
lcd_busy@busy            cstackBANK0  0021
lcd_gotoxy@address       cstackBANK0  0027
lcd_gotoxy@col           cstackBANK0  0026
lcd_gotoxy@row           cstackBANK0  0025
lcd_put_byte@b           cstackBANK0  0020
lcd_put_byte@rs          cstackBANK0  0023
lcd_put_byte@temp        cstackBANK0  0024
lcd_putc@c               cstackBANK0  0028
printf@_val              cstackBANK1  00A8
printf@ap                cstackBANK1  00A4
printf@c                 cstackBANK1  00B8
printf@exp               cstackBANK1  00B1
printf@f                 cstackBANK1  00AE
printf@flag              cstackBANK1  00AC
printf@fval              cstackBANK1  00B3
printf@integ             cstackBANK1  00A5
printf@prec              cstackBANK1  00B6
printf@width             cstackBANK1  00AF
putch@c                  cstackBANK0  0029
reset_vec                reset_vec    0000
saved_w                  (abs)        007E
scale@scl                cstackBANK0  0054
start                    init         000C
start_initialization     cinit        07B3
u3140                                     
u4480                                     
wtemp0                   (abs)        007E
