HI-TECH Software C Compiler 

Linker command line:

--edf=C:\Program Files (x86)\HI-TECH Software\PICC\9.83\dat\en_msgs.txt -cs \
  -h+BT05week15ttvxl.sym -z -Q16F887 -ol.obj -MBT05week15ttvxl.map -E1 \
  -ACONST=00h-0FFhx32 -ACODE=00h-07FFhx4 -ASTRCODE=00h-01FFFh \
  -AENTRY=00h-0FFhx32 -ASTRING=00h-0FFhx32 -ABANK0=020h-06Fh \
  -ABANK1=0A0h-0EFh -ABANK2=0110h-016Fh -ABANK3=0190h-01EFh \
  -ARAM=020h-06Fh,0A0h-0EFh,0110h-016Fh,0190h-01EFh \
  -AABS1=020h-07Fh,0A0h-0EFh,0110h-016Fh,0190h-01EFh -ACOMMON=070h-07Fh \
  -ASFR0=00h-01Fh -ASFR1=080h-09Fh -ASFR2=0100h-010Fh -ASFR3=0180h-018Fh \
  -preset_vec=00h,intentry=04h,init,end_init -ppowerup=CODE -pfunctab=CODE \
  -ACONFIG=02007h-02008h -pconfig=CONFIG -DCONFIG=2 -AIDLOC=02000h-02003h \
  -pidloc=IDLOC -DIDLOC=2 -AEEDATA=00h-0FFh/02100h -peeprom_data=EEDATA \
  -DEEDATA=2 -DCODE=2 -DSTRCODE=2 -DSTRING=2 -DCONST=2 -DENTRY=2 -k \
  startup.obj BT05week15ttvxl.obj 

Object code version is 3.10

Machine type is 16F887



                Name                               Link     Load   Length Selector   Space Scale
startup.obj     end_init                             12       12        3        8       0
                reset_vec                             0        0        3        0       0
BT05week15ttvxl.obj
                intentry                              4        4        E        8       0
                config                             2007     2007        1     400E       0
                text75                               15       15       91        8       0
                maintext                             A6       A6       20        8       0
                cstackCOMMON                         70       70        E       70       1
                bssBANK0                             20       20        2       20       1
                cinit                                C6       C6        6        8       0

TOTAL           Name                               Link     Load   Length     Space
        CLASS   CONST          

        CLASS   CODE           
                end_init                             12       12        3         0
                intentry                              4        4        E         0
                reset_vec                             0        0        3         0
                text75                               15       15       91         0
                maintext                             A6       A6       20         0
                cinit                                C6       C6        6         0

        CLASS   STRCODE        

        CLASS   ENTRY          

        CLASS   STRING         

        CLASS   BANK0          
                bssBANK0                             20       20        2         1

        CLASS   BANK1          

        CLASS   BANK2          

        CLASS   BANK3          

        CLASS   RAM            

        CLASS   ABS1           
                abs_s1                               7E       7E        2         1

        CLASS   COMMON         
                cstackCOMMON                         70       70        E         1

        CLASS   SFR0           

        CLASS   SFR1           

        CLASS   SFR2           

        CLASS   SFR3           

        CLASS   CONFIG         
                config                             2007     2007        1         0

        CLASS   IDLOC          

        CLASS   EEDATA         



SEGMENTS        Name                           Load    Length   Top    Selector   Space  Class     Delta

                reset_vec                      000000  000003  000003         0       0  CODE        2
                intentry                       000004  0000C8  0000CC         8       0  CODE        2
                bssBANK0                       000020  000002  000022        20       1  BANK0       1
                cstackCOMMON                   000070  00000E  00007E        70       1  COMMON      1
                config                         002007  000001  002008      400E       0  CONFIG      2


UNUSED ADDRESS RANGES

        Name                Unused          Largest block    Delta
        BANK0            0022-006F             4E           1
        BANK1            00A0-00EF             50           1
        BANK2            0110-016F             60           1
        BANK3            0190-01EF             60           1
        CODE             0003-0003              1           2
                         00CC-1FFF            800
        CONFIG           2008-2008              1           2
        CONST            0003-0003              1           2
                         00CC-1FFF            100
        EEDATA           2100-21FF            100           2
        ENTRY            0003-0003              1           2
                         00CC-1FFF            100
        IDLOC            2000-2003              4           2
        RAM              0022-006F             4E           1
                         00A0-00EF             50
                         0110-016F             60
                         0190-01EF             60
        SFR0             0000-001F             20           1
        SFR1             0080-009F             20           1
        SFR2             0100-010F             10           1
        SFR3             0180-018F             10           1
        STRCODE          0003-0003              1           2
                         00CC-1FFF           1F34
        STRING           0003-0003              1           2
                         00CC-1FFF            100

                                  Symbol Table

??___awdiv            cstackCOMMON 0074
??_main               cstackBANK0  0000
??_ngat               cstackCOMMON 007A
??_pwm_10bit          cstackCOMMON 007A
?___awdiv             cstackCOMMON 0070
?_main                cstackCOMMON 0070
?_ngat                cstackCOMMON 0070
?_pwm_10bit           cstackCOMMON 0078
_ANSEL                (abs)        0188
_ANSELH               (abs)        0189
_CCP1CON              (abs)        0017
_CCPR1L               (abs)        0015
_DC1B0                (abs)        00BC
_DC1B1                (abs)        00BD
_GIE                  (abs)        005F
_INTE                 (abs)        005C
_INTEDG               (abs)        040E
_INTF                 (abs)        0059
_IOCB1                (abs)        04B1
_PR2                  (abs)        0092
_RB1                  (abs)        0031
_RBIE                 (abs)        005B
_RBIF                 (abs)        0058
_RC2                  (abs)        003A
_RD5                  (abs)        0045
_RD6                  (abs)        0046
_RD7                  (abs)        0047
_T2CKPS0              (abs)        0090
_T2CKPS1              (abs)        0091
_TMR2                 (abs)        0011
_TMR2ON               (abs)        0092
_TRISB0               (abs)        0430
_TRISB1               (abs)        0431
_TRISC2               (abs)        043A
_TRISD5               (abs)        0445
_TRISD6               (abs)        0446
_TRISD7               (abs)        0447
__Habs1               abs1         0000
__Hbank0              bank0        0000
__Hbank1              bank1        0000
__Hbank2              bank2        0000
__Hbank3              bank3        0000
__HbssBANK0           bssBANK0     0000
__Hcinit              cinit        0000
__Hclrtext            clrtext      0000
__Hcode               code         0000
__Hcommon             common       0000
__Hconfig             config       2008
__HcstackBANK0        cstackBANK0  0000
__HcstackCOMMON       cstackCOMMON 0000
__Heeprom_data        eeprom_data  0000
__Hend_init           end_init     0015
__Hfunctab            functab      0000
__Hidloc              idloc        0000
__Hinit               init         0012
__Hintentry           intentry     0012
__Hmaintext           maintext     0000
__Hpa_nodes           pa_nodes     0000
__Hpowerup            powerup      0000
__Hram                ram          0000
__Hreset_vec          reset_vec    0003
__Hsfr0               sfr0         0000
__Hsfr1               sfr1         0000
__Hsfr2               sfr2         0000
__Hsfr3               sfr3         0000
__Hstrings            strings      0000
__Htext               text         0000
__Labs1               abs1         0000
__Lbank0              bank0        0000
__Lbank1              bank1        0000
__Lbank2              bank2        0000
__Lbank3              bank3        0000
__LbssBANK0           bssBANK0     0000
__Lcinit              cinit        0000
__Lclrtext            clrtext      0000
__Lcode               code         0000
__Lcommon             common       0000
__Lconfig             config       2007
__LcstackBANK0        cstackBANK0  0000
__LcstackCOMMON       cstackCOMMON 0000
__Leeprom_data        eeprom_data  0000
__Lend_init           end_init     0012
__Lfunctab            functab      0000
__Lidloc              idloc        0000
__Linit               init         0012
__Lintentry           intentry     0004
__Lmaintext           maintext     0000
__Lpa_nodes           pa_nodes     0000
__Lpowerup            powerup      0000
__Lram                ram          0000
__Lreset_vec          reset_vec    0000
__Lsfr0               sfr0         0000
__Lsfr1               sfr1         0000
__Lsfr2               sfr2         0000
__Lsfr3               sfr3         0000
__Lstrings            strings      0000
__Ltext               text         0000
__S0                  (abs)        2008
__S1                  (abs)        007E
__S2                  (abs)        0000
___awdiv              text75       0061
___awdiv@counter      cstackCOMMON 0074
___awdiv@dividend     cstackCOMMON 0072
___awdiv@divisor      cstackCOMMON 0070
___awdiv@quotient     cstackCOMMON 0076
___awdiv@sign         cstackCOMMON 0075
__end_of___awdiv      text75       00A6
__end_of_main         maintext     00C6
__end_of_ngat         text75       004D
__end_of_pwm_10bit    text75       0061
__pbssBANK0           bssBANK0     0020
__pcstackBANK0        cstackBANK0  0000
__pcstackCOMMON       cstackCOMMON 0070
__pintentry           intentry     0004
__pmaintext           maintext     00A6
__ptext74             text74       0000
__ptext75             text75       0015
__ptext76             text75       004D
__ptext77             text75       0061
__ptext78             text78       0000
__size_of___awdiv     (abs)        0000
__size_of_main        (abs)        0000
__size_of_ngat        (abs)        0000
__size_of_pwm_10bit   (abs)        0000
_exit                 init         0012
_main                 maintext     00A6
_ngat                 text75       0015
_pwm_10bit            text75       004D
_pwm_v                bssBANK0     0020
btemp                 (abs)        007E
end_of_initialization cinit        00C8
i1l1038                                
i1l2182                                
i1l2582                                
i1l2586                                
i1l2588                                
i1l2590                                
i1l2592                                
i1l2594                                
i1l2596                                
i1l2604                                
i1l2606                                
i1l2608                                
i1l2610                                
i1l2612                                
i1l2614                                
i1l2618                                
i1l2620                                
i1l2622                                
i1l2624                                
i1l2626                                
i1l2632                                
i1l2634                                
i1l2638                                
i1l2644                                
i1l2648                                
i1l2658                                
i1l2662                                
i1l2666                                
i1l2670                                
interrupt_function    intentry     0004
intlevel0             functab      0000
intlevel1             functab      0000
intlevel2             functab      0000
intlevel3             functab      0000
intlevel4             functab      0000
intlevel5             functab      0000
l2544                                  
l2546                                  
l2548                                  
l2550                                  
l2552                                  
l2554                                  
l2556                                  
l2558                                  
l2560                                  
l2562                                  
l2564                                  
l2566                                  
l2568                                  
l2570                                  
l2572                                  
l2574                                  
l2576                                  
l2578                                  
l2580                                  
pwm_10bit@data_pwm    cstackCOMMON 0078
reset_vec             reset_vec    0000
saved_w               (abs)        007E
start                 init         0012
start_initialization  cinit        00C6
wtemp0                (abs)        007E
