HI-TECH Software C Compiler 

Linker command line:

--edf=C:\Program Files (x86)\HI-TECH Software\PICC\9.83\dat\en_msgs.txt -cs \
  -h+BT Ôn Thi 05.sym -z -Q16F887 -ol.obj -MBT Ôn Thi 05.map -E1 \
  -ACONST=00h-0FFhx32 -ACODE=00h-07FFhx4 -ASTRCODE=00h-01FFFh \
  -AENTRY=00h-0FFhx32 -ASTRING=00h-0FFhx32 -ABANK0=020h-06Fh \
  -ABANK1=0A0h-0EFh -ABANK2=0110h-016Fh -ABANK3=0190h-01EFh \
  -ARAM=020h-06Fh,0A0h-0EFh,0110h-016Fh,0190h-01EFh \
  -AABS1=020h-07Fh,0A0h-0EFh,0110h-016Fh,0190h-01EFh -ACOMMON=070h-07Fh \
  -ASFR0=00h-01Fh -ASFR1=080h-09Fh -ASFR2=0100h-010Fh -ASFR3=0180h-018Fh \
  -preset_vec=00h,intentry=04h,init,end_init -ppowerup=CODE -pfunctab=CODE \
  -ACONFIG=02007h-02008h -pconfig=CONFIG -DCONFIG=2 -AIDLOC=02000h-02003h \
  -pidloc=IDLOC -DIDLOC=2 -AEEDATA=00h-0FFh/02100h -peeprom_data=EEDATA \
  -DEEDATA=2 -DCODE=2 -DSTRCODE=2 -DSTRING=2 -DCONST=2 -DENTRY=2 -k \
  startup.obj BT Ôn Thi 05.obj 

Object code version is 3.10

Machine type is 16F887



                Name                               Link     Load   Length Selector   Space Scale
startup.obj     end_init                             12       12        3        8       0
                reset_vec                             0        0        3        0       0
BT Ôn Thi 05.obj
                functab                             100      100        9        2       0
                intentry                              4        4        E        8       0
                config                             2007     2007        1     400E       0
                text423                             57B      57B      135        2       0
                text422                             7E5      7E5        F        2       0
                text421                             7BC      7BC       15        2       0
                text413                             7D1      7D1       14        2       0
                text408                             361      361      21A        2       0
                text405                             109      109      258        2       0
                maintext                            6B0      6B0      10C        2       0
                cstackBANK0                          20       20       2E       20       1
                cstackCOMMON                         70       70        E       70       1
                clrtext                              5D       5D        8       BA       0
                bssBANK0                             4E       4E       15       20       1
                cinit                               7F4      7F4        B        2       0
                strings                              15       15       48       2A       0

TOTAL           Name                               Link     Load   Length     Space
        CLASS   CONST          

        CLASS   CODE           
                end_init                             12       12        3         0
                functab                             100      100        9         0
                intentry                              4        4        E         0
                reset_vec                             0        0        3         0
                text423                             57B      57B      135         0
                text422                             7E5      7E5        F         0
                text421                             7BC      7BC       15         0
                text413                             7D1      7D1       14         0
                text408                             361      361      21A         0
                text405                             109      109      258         0
                maintext                            6B0      6B0      10C         0
                clrtext                              5D       5D        8         0
                cinit                               7F4      7F4        B         0

        CLASS   STRCODE        

        CLASS   ENTRY          

        CLASS   STRING         
                strings                              15       15       48         0

        CLASS   BANK0          
                cstackBANK0                          20       20       2E         1
                bssBANK0                             4E       4E       15         1

        CLASS   BANK1          

        CLASS   BANK2          

        CLASS   BANK3          

        CLASS   RAM            

        CLASS   ABS1           
                abs_s1                               7E       7E        2         1

        CLASS   COMMON         
                cstackCOMMON                         70       70        E         1

        CLASS   SFR0           

        CLASS   SFR1           

        CLASS   SFR2           

        CLASS   SFR3           

        CLASS   CONFIG         
                config                             2007     2007        1         0

        CLASS   IDLOC          

        CLASS   EEDATA         



SEGMENTS        Name                           Load    Length   Top    Selector   Space  Class     Delta

                reset_vec                      000000  000003  000003         0       0  CODE        2
                intentry                       000004  000011  000015         8       0  CODE        2
                cstackBANK0                    000020  000043  000063        20       1  BANK0       1
                strings                        000015  000048  00005D        2A       0  STRING      2
                cstackCOMMON                   000070  00000E  00007E        70       1  COMMON      1
                clrtext                        00005D  000008  000065        BA       0  CODE        2
                functab                        000100  0006FF  0007FF         2       0  CODE        2
                config                         002007  000001  002008      400E       0  CONFIG      2


UNUSED ADDRESS RANGES

        Name                Unused          Largest block    Delta
        BANK0            0063-006F              D           1
        BANK1            00A0-00EF             50           1
        BANK2            0110-016F             60           1
        BANK3            0190-01EF             60           1
        CODE             0003-0003              1           2
                         0065-00FF             9B
                         07FF-1FFF            800
        CONFIG           2008-2008              1           2
        CONST            0003-0003              1           2
                         0065-00FF             9B
                         07FF-1FFF            100
        EEDATA           2100-21FF            100           2
        ENTRY            0003-0003              1           2
                         0065-00FF             9B
                         07FF-1FFF            100
        IDLOC            2000-2003              4           2
        RAM              0063-006F              D           1
                         00A0-00EF             50
                         0110-016F             60
                         0190-01EF             60
        SFR0             0000-001F             20           1
        SFR1             0080-009F             20           1
        SFR2             0100-010F             10           1
        SFR3             0180-018F             10           1
        STRCODE          0003-0003              1           2
                         0065-00FF             9B
                         07FF-1FFF           1801
        STRING           0003-0003              1           2
                         0065-00FF             9B
                         07FF-1FFF            100

                                  Symbol Table

??___ftadd             cstackBANK0  0020
??___ftpack            cstackCOMMON 0075
??___lwdiv             cstackBANK0  002E
??___lwmod             cstackBANK0  0035
??___wmul              cstackBANK0  002E
??__doprnt             cstackBANK0  0038
??_isdigit             cstackBANK0  002A
??_isprint             cstackBANK0  002A
??_lcd_busy            cstackBANK0  002A
??_lcd_counter         cstackBANK0  004B
??_lcd_gotoxy          cstackBANK0  0030
??_lcd_init            cstackBANK0  002F
??_lcd_put_byte        cstackBANK0  002B
??_lcd_putc            cstackBANK0  0032
??_main                cstackBANK0  004C
??_ngat                cstackBANK0  0026
??_printf              cstackBANK0  0047
??_putch               cstackBANK0  0034
??_rx                  cstackBANK0  002A
??_send_char           cstackBANK0  002A
??_send_string         cstackBANK0  002B
??_sprintf             cstackBANK0  0048
??_tx                  cstackBANK0  002A
?___ftadd              cstackCOMMON 0078
?___ftpack             cstackCOMMON 0070
?___lwdiv              cstackBANK0  002A
?___lwmod              cstackBANK0  0031
?___wmul               cstackBANK0  002A
?__doprnt              cstackBANK0  0036
?_isdigit              cstackCOMMON 0070
?_isprint              cstackCOMMON 0070
?_lcd_busy             cstackCOMMON 0070
?_lcd_counter          cstackCOMMON 0070
?_lcd_gotoxy           cstackBANK0  002F
?_lcd_init             cstackCOMMON 0070
?_lcd_put_byte         cstackBANK0  002A
?_lcd_putc             cstackCOMMON 0070
?_main                 cstackCOMMON 0070
?_ngat                 cstackCOMMON 0070
?_printf               cstackBANK0  0045
?_putch                cstackBANK0  0033
?_rx                   cstackCOMMON 0070
?_send_char            cstackCOMMON 0070
?_send_string          cstackCOMMON 0070
?_sprintf              cstackBANK0  0045
?_tx                   cstackCOMMON 0070
_ADCS0                 (abs)        00FE
_ADCS1                 (abs)        00FF
_ADFM                  (abs)        04FF
_ADON                  (abs)        00F8
_ANS0                  (abs)        0C40
_ANSEL                 (abs)        0188
_ANSELH                (abs)        0189
_BRG16                 (abs)        0C3B
_BRGH                  (abs)        04C2
_CHS0                  (abs)        00FA
_CHS1                  (abs)        00FB
_CHS2                  (abs)        00FC
_CHS3                  (abs)        00FD
_CREN                  (abs)        00C4
_GIE                   (abs)        005F
_PEIE                  (abs)        005E
_RBIE                  (abs)        005B
_RBIF                  (abs)        0058
_RCIE                  (abs)        0465
_RCIF                  (abs)        0065
_RD1                   (abs)        0041
_RD2                   (abs)        0042
_RD3                   (abs)        0043
_RD4                   (abs)        0044
_RD5                   (abs)        0045
_RD6                   (abs)        0046
_RD7                   (abs)        0047
_RX9                   (abs)        00C6
_SPBRG                 (abs)        0099
_SPBRGH                (abs)        009A
_SPEN                  (abs)        00C7
_SYNC                  (abs)        04C4
_T1CKPS0               (abs)        0084
_T1CKPS1               (abs)        0085
_T1SYNC                (abs)        0082
_TMR1CS                (abs)        0081
_TMR1GE                (abs)        0086
_TMR1H                 (abs)        000F
_TMR1IE                (abs)        0460
_TMR1IF                (abs)        0060
_TMR1L                 (abs)        000E
_TMR1ON                (abs)        0080
_TRISA0                (abs)        0428
_TRISA4                (abs)        042C
_TRISB0                (abs)        0430
_TRISD                 (abs)        0088
_TRISD1                (abs)        0441
_TRISD2                (abs)        0442
_TRISD3                (abs)        0443
_TRISD4                (abs)        0444
_TRISD5                (abs)        0445
_TRISD6                (abs)        0446
_TRISD7                (abs)        0447
_TRISE0                (abs)        0448
_TX9                   (abs)        04C6
_TXEN                  (abs)        04C5
_TXIF                  (abs)        0064
_TXREG                 (abs)        0019
_VCFG0                 (abs)        04FC
_VCFG1                 (abs)        04FD
_WPUB                  (abs)        0095
__Habs1                abs1         0000
__Hbank0               bank0        0000
__Hbank1               bank1        0000
__Hbank2               bank2        0000
__Hbank3               bank3        0000
__HbssBANK0            bssBANK0     0000
__Hcinit               cinit        0000
__Hclrtext             clrtext      0000
__Hcode                code         0000
__Hcommon              common       0000
__Hconfig              config       2008
__HcstackBANK0         cstackBANK0  0000
__HcstackCOMMON        cstackCOMMON 0000
__Heeprom_data         eeprom_data  0000
__Hend_init            end_init     0015
__Hfunctab             functab      0109
__Hidloc               idloc        0000
__Hinit                init         0012
__Hintentry            intentry     0012
__Hmaintext            maintext     0000
__Hpa_nodes            pa_nodes     0000
__Hpowerup             powerup      0000
__Hram                 ram          0000
__Hreset_vec           reset_vec    0003
__Hsfr0                sfr0         0000
__Hsfr1                sfr1         0000
__Hsfr2                sfr2         0000
__Hsfr3                sfr3         0000
__Hstrings             strings      0000
__Htext                text         0000
__Labs1                abs1         0000
__Lbank0               bank0        0000
__Lbank1               bank1        0000
__Lbank2               bank2        0000
__Lbank3               bank3        0000
__LbssBANK0            bssBANK0     0000
__Lcinit               cinit        0000
__Lclrtext             clrtext      0000
__Lcode                code         0000
__Lcommon              common       0000
__Lconfig              config       2007
__LcstackBANK0         cstackBANK0  0000
__LcstackCOMMON        cstackCOMMON 0000
__Leeprom_data         eeprom_data  0000
__Lend_init            end_init     0012
__Lfunctab             functab      0100
__Lidloc               idloc        0000
__Linit                init         0012
__Lintentry            intentry     0004
__Lmaintext            maintext     0000
__Lpa_nodes            pa_nodes     0000
__Lpowerup             powerup      0000
__Lram                 ram          0000
__Lreset_vec           reset_vec    0000
__Lsfr0                sfr0         0000
__Lsfr1                sfr1         0000
__Lsfr2                sfr2         0000
__Lsfr3                sfr3         0000
__Lstrings             strings      0000
__Ltext                text         0000
__S0                   (abs)        2008
__S1                   (abs)        007E
__S2                   (abs)        0000
___ftadd               text423      05B2
___ftadd@exp1          cstackBANK0  0025
___ftadd@exp2          cstackBANK0  0024
___ftadd@f1            cstackCOMMON 0078
___ftadd@f2            cstackCOMMON 007B
___ftadd@sign          cstackBANK0  0023
___ftpack              text423      0672
___ftpack@arg          cstackCOMMON 0070
___ftpack@exp          cstackCOMMON 0073
___ftpack@sign         cstackCOMMON 0074
___lwdiv               text405      0313
___lwdiv@counter       cstackBANK0  0030
___lwdiv@dividend      cstackBANK0  002C
___lwdiv@divisor       cstackBANK0  002A
___lwdiv@quotient      cstackBANK0  002E
___lwmod               text405      033D
___lwmod@counter       cstackBANK0  0035
___lwmod@dividend      cstackBANK0  0033
___lwmod@divisor       cstackBANK0  0031
___wmul                text405      02FA
___wmul@multiplicand   cstackBANK0  002C
___wmul@multiplier     cstackBANK0  002A
___wmul@product        cstackBANK0  002E
__doprnt               text405      0119
__doprnt@_val          cstackBANK0  003C
__doprnt@ap            cstackBANK0  0037
__doprnt@c             cstackBANK0  0043
__doprnt@f             cstackBANK0  0036
__doprnt@flag          cstackBANK0  0040
__doprnt@pb            cstackBANK0  0044
__doprnt@prec          cstackBANK0  003B
__doprnt@width         cstackBANK0  0041
__end_of___ftadd       text423      0672
__end_of___ftpack      text423      06B0
__end_of___lwdiv       text405      033D
__end_of___lwmod       text405      0361
__end_of___wmul        text405      0313
__end_of__doprnt       text405      02EC
__end_of_isdigit       text405      02FA
__end_of_isprint       text408      056C
__end_of_lcd_busy      text408      055E
__end_of_lcd_counter   text408      0391
__end_of_lcd_gotoxy    text408      03A9
__end_of_lcd_init      text408      04A4
__end_of_lcd_put_byte  text408      0533
__end_of_lcd_putc      text408      03E6
__end_of_main          maintext     07BC
__end_of_ngat          text423      05B2
__end_of_printf        text408      03B7
__end_of_putch         text408      0363
__end_of_rx            text421      07D1
__end_of_send_char     text413      07E5
__end_of_send_string   text413      07DF
__end_of_sprintf       text405      0119
__end_of_tx            text422      07F4
__pbssBANK0            bssBANK0     004E
__pcstackBANK0         cstackBANK0  0020
__pcstackCOMMON        cstackCOMMON 0070
__pfunctab             functab      0100
__pintentry            intentry     0004
__pmaintext            maintext     06B0
__pstrings             strings      0015
__ptext404             text408      0363
__ptext405             text405      0109
__ptext406             text408      03A9
__ptext407             text405      0119
__ptext408             text408      0361
__ptext409             text408      03B7
__ptext410             text408      03E6
__ptext411             text408      0391
__ptext412             text408      0533
__ptext413             text413      07D1
__ptext414             text408      04A4
__ptext415             text405      033D
__ptext416             text405      0313
__ptext417             text405      02FA
__ptext418             text405      02EC
__ptext419             text408      055E
__ptext420             text413      07DF
__ptext421             text421      07BC
__ptext422             text422      07E5
__ptext423             text423      057B
__ptext424             text423      05B2
__ptext425             text423      0672
__size_of___ftadd      (abs)        0000
__size_of___ftpack     (abs)        0000
__size_of___lwdiv      (abs)        0000
__size_of___lwmod      (abs)        0000
__size_of___wmul       (abs)        0000
__size_of__doprnt      (abs)        0000
__size_of_isdigit      (abs)        0000
__size_of_isprint      (abs)        0000
__size_of_lcd_busy     (abs)        0000
__size_of_lcd_counter  (abs)        0000
__size_of_lcd_gotoxy   (abs)        0000
__size_of_lcd_init     (abs)        0000
__size_of_lcd_put_byte (abs)        0000
__size_of_lcd_putc     (abs)        0000
__size_of_main         (abs)        0000
__size_of_ngat         (abs)        0000
__size_of_printf       (abs)        0000
__size_of_putch        (abs)        0000
__size_of_rx           (abs)        0000
__size_of_send_char    (abs)        0000
__size_of_send_string  (abs)        0000
__size_of_sprintf      (abs)        0000
__size_of_tx           (abs)        0000
_data_rx               bssBANK0     0059
_dem                   bssBANK0     004E
_dpowers               strings      001B
_exit                  init         0012
_h                     bssBANK0     0051
_isdigit               text405      02EC
_isdigit$3700          cstackBANK0  002A
_isprint               text408      055E
_isprint$3703          cstackBANK0  002A
_lcd_busy              text408      0533
_lcd_counter           text408      0363
_lcd_gotoxy            text408      0391
_lcd_init              text408      03E6
_lcd_put_byte          text408      04A4
_lcd_putc              text408      03B7
_m                     bssBANK0     0053
_main                  maintext     06B0
_ms                    bssBANK0     0055
_nRBPU                 (abs)        040F
_ngat                  text423      057B
_printf                text408      03A9
_putch                 text408      0361
_rx                    text421      07BC
_s                     bssBANK0     0057
_send_char             text413      07DF
_send_string           text413      07D1
_sprintf               text405      0109
_tx                    text422      07E5
btemp                  (abs)        007E
clear_ram              clrtext      005D
end_of_initialization  cinit        07FB
fpbase                 functab      0105
fptable                functab      0100
fptotal                (abs)        0002
i1l1100                                 
i1l4414                                 
i1l4416                                 
i1l4420                                 
i1l4424                                 
i1l4518                                 
i1l4520                                 
i1l4522                                 
i1l4532                                 
i1l4538                                 
i1l4544                                 
i1l4546                                 
i1l4550                                 
i1l4562                                 
i1l4572                                 
i1l4578                                 
i1l4582                                 
i1l4584                                 
i1l4588                                 
i1l4590                                 
i1l4596                                 
i1l4598                                 
i1l4618                                 
i1l4620                                 
i1l4622                                 
interrupt_function     intentry     0004
intlevel0              functab      0100
intlevel1              functab      0100
intlevel2              functab      0100
intlevel3              functab      0100
intlevel4              functab      0100
intlevel5              functab      0100
isdigit@c              cstackBANK0  002B
isprint@c              cstackBANK0  002B
l1079                                   
l1095                                   
l1106                                   
l1112                                   
l1115                                   
l1118                                   
l2174                                   
l2177                                   
l2185                                   
l2208                                   
l2275                                   
l3260                                   
l3265                                   
l3274                                   
l3281                                   
l3293                                   
l3303                                   
l3313                                   
l4386                                   
l4388                                   
l4390                                   
l4392                                   
l4394                                   
l4396                                   
l4398                                   
l4400                                   
l4402                                   
l4404                                   
l4406                                   
l4408                                   
l4410                                   
l4412                                   
l4428                                   
l4432                                   
l4434                                   
l4444                                   
l4446                                   
l4456                                   
l4464                                   
l4466                                   
l4472                                   
l4474                                   
l4484                                   
l4488                                   
l4492                                   
l4498                                   
l4512                                   
l4624                                   
l4626                                   
l4628                                   
l4632                                   
l4634                                   
l4636                                   
l4644                                   
l4646                                   
l4648                                   
l4656                                   
l4658                                   
l4660                                   
l4664                                   
l4668                                   
l4670                                   
l4672                                   
l4674                                   
l4676                                   
l4678                                   
l4682                                   
l4684                                   
l4690                                   
l4694                                   
l4696                                   
l4698                                   
l4700                                   
l4702                                   
l4704                                   
l4732                                   
l4750                                   
l4752                                   
l4762                                   
l4766                                   
l4778                                   
l4780                                   
l4788                                   
l4792                                   
l4804                                   
l4828                                   
l4838                                   
l4850                                   
l4862                                   
l4868                                   
l4874                                   
l4884                                   
l4886                                   
l4888                                   
l4890                                   
l4894                                   
l4896                                   
l4898                                   
l4900                                   
l4902                                   
l4906                                   
l4908                                   
l4910                                   
l4912                                   
l4914                                   
l4916                                   
l4918                                   
l4920                                   
l4922                                   
l4924                                   
l4926                                   
l4928                                   
l4930                                   
l4932                                   
l4934                                   
l4936                                   
l4938                                   
l4940                                   
l4942                                   
l4944                                   
l4946                                   
l4948                                   
l4950                                   
l4952                                   
l4954                                   
l4956                                   
l4958                                   
l4960                                   
l4962                                   
l4964                                   
l4966                                   
l4968                                   
l4970                                   
l4972                                   
l4974                                   
l4976                                   
l4978                                   
l4980                                   
l4982                                   
l4984                                   
l4986                                   
l4988                                   
l4992                                   
l4996                                   
l4998                                   
l5000                                   
l5014                                   
l5016                                   
l5022                                   
l5024                                   
l5026                                   
l5030                                   
l5032                                   
l5034                                   
l5038                                   
lcd_busy@busy          cstackBANK0  002B
lcd_gotoxy@address     cstackBANK0  0031
lcd_gotoxy@col         cstackBANK0  0030
lcd_gotoxy@row         cstackBANK0  002F
lcd_put_byte@b         cstackBANK0  002A
lcd_put_byte@rs        cstackBANK0  002D
lcd_put_byte@temp      cstackBANK0  002E
lcd_putc@c             cstackBANK0  0032
printf@ap              cstackBANK0  0048
printf@f               cstackBANK0  0047
printf@pb              cstackBANK0  0049
putch@c                cstackBANK0  0033
reset_vec              reset_vec    0000
saved_w                (abs)        007E
send_char@data         cstackBANK0  002A
send_string@s          cstackBANK0  002B
sprintf@ap             cstackBANK0  0049
sprintf@f              cstackBANK0  0045
sprintf@pb             cstackBANK0  004A
sprintf@wh             cstackBANK0  0048
start                  init         0012
start_initialization   cinit        07F4
wtemp0                 (abs)        007E
