HI-TECH Software C Compiler 

Linker command line:

--edf=C:\Program Files (x86)\HI-TECH Software\PICC\9.83\dat\en_msgs.txt -cs \
  -h+Lesson1.sym -z -Q16F887 -ol.obj -MLesson1.map -E1 -ACONST=00h-0FFhx32 \
  -ACODE=00h-07FFhx4 -ASTRCODE=00h-01FFFh -AENTRY=00h-0FFhx32 \
  -ASTRING=00h-0FFhx32 -ABANK0=020h-06Fh -ABANK1=0A0h-0EFh \
  -ABANK2=0110h-016Fh -ABANK3=0190h-01EFh \
  -ARAM=020h-06Fh,0A0h-0EFh,0110h-016Fh,0190h-01EFh \
  -AABS1=020h-07Fh,0A0h-0EFh,0110h-016Fh,0190h-01EFh -ACOMMON=070h-07Fh \
  -ASFR0=00h-01Fh -ASFR1=080h-09Fh -ASFR2=0100h-010Fh -ASFR3=0180h-018Fh \
  -preset_vec=00h,intentry=04h,init,end_init -ppowerup=CODE -pfunctab=CODE \
  -ACONFIG=02007h-02008h -pconfig=CONFIG -DCONFIG=2 -AIDLOC=02000h-02003h \
  -pidloc=IDLOC -DIDLOC=2 -AEEDATA=00h-0FFh/02100h -peeprom_data=EEDATA \
  -DEEDATA=2 -DCODE=2 -DSTRCODE=2 -DSTRING=2 -DCONST=2 -DENTRY=2 -k \
  startup.obj Lesson1.obj 

Object code version is 3.10

Machine type is 16F887



                Name                               Link     Load   Length Selector   Space Scale
startup.obj     end_init                              C        C        3        8       0
                reset_vec                             0        0        3        0       0
Lesson1.obj     intentry                              4        4        8        8       0
                config                             2007     2007        1     400E       0
                text85                                F        F       45        8       0
                text84                               75       75       21        8       0
                maintext                             54       54       21        8       0
                cstackBANK0                          20       20        5       20       1
                cstackCOMMON                         70       70        7       70       1
                cinit                                96       96        4        8       0

TOTAL           Name                               Link     Load   Length     Space
        CLASS   CONST          

        CLASS   CODE           
                end_init                              C        C        3         0
                intentry                              4        4        8         0
                reset_vec                             0        0        3         0
                text85                                F        F       45         0
                text84                               75       75       21         0
                maintext                             54       54       21         0
                cinit                                96       96        4         0

        CLASS   STRCODE        

        CLASS   ENTRY          

        CLASS   STRING         

        CLASS   BANK0          
                cstackBANK0                          20       20        5         1

        CLASS   BANK1          

        CLASS   BANK2          

        CLASS   BANK3          

        CLASS   RAM            

        CLASS   ABS1           
                abs_s1                               7E       7E        2         1

        CLASS   COMMON         
                cstackCOMMON                         70       70        7         1

        CLASS   SFR0           

        CLASS   SFR1           

        CLASS   SFR2           

        CLASS   SFR3           

        CLASS   CONFIG         
                config                             2007     2007        1         0

        CLASS   IDLOC          

        CLASS   EEDATA         



SEGMENTS        Name                           Load    Length   Top    Selector   Space  Class     Delta

                reset_vec                      000000  000003  000003         0       0  CODE        2
                intentry                       000004  000096  00009A         8       0  CODE        2
                cstackBANK0                    000020  000005  000025        20       1  BANK0       1
                cstackCOMMON                   000070  000007  000077        70       1  COMMON      1
                config                         002007  000001  002008      400E       0  CONFIG      2


UNUSED ADDRESS RANGES

        Name                Unused          Largest block    Delta
        BANK0            0025-006F             4B           1
        BANK1            00A0-00EF             50           1
        BANK2            0110-016F             60           1
        BANK3            0190-01EF             60           1
        CODE             0003-0003              1           2
                         009A-1FFF            800
        COMMON           0077-007D              7           1
        CONFIG           2008-2008              1           2
        CONST            0003-0003              1           2
                         009A-1FFF            100
        EEDATA           2100-21FF            100           2
        ENTRY            0003-0003              1           2
                         009A-1FFF            100
        IDLOC            2000-2003              4           2
        RAM              0025-006F             4B           1
                         00A0-00EF             50
                         0110-016F             60
                         0190-01EF             60
        SFR0             0000-001F             20           1
        SFR1             0080-009F             20           1
        SFR2             0100-010F             10           1
        SFR3             0180-018F             10           1
        STRCODE          0003-0003              1           2
                         009A-1FFF           1F66
        STRING           0003-0003              1           2
                         009A-1FFF            100

                                  Symbol Table

??_Led_1s             cstackBANK0  0020
??_Led_200ms          cstackCOMMON 0070
??_button             cstackCOMMON 0075
??_main               cstackCOMMON 0077
?_Led_1s              cstackCOMMON 0070
?_Led_200ms           cstackCOMMON 0070
?_button              cstackCOMMON 0070
?_main                cstackCOMMON 0070
Led_1s@h              cstackBANK0  0024
Led_1s@m              cstackBANK0  0023
Led_200ms@h           cstackCOMMON 0074
Led_200ms@m           cstackCOMMON 0073
_ANSEL                (abs)        0188
_ANSELH               (abs)        0189
_GIE                  (abs)        005F
_IOCB                 (abs)        0096
_Led_1s               text84       0075
_Led_200ms            text85       0033
_PORTC                (abs)        0007
_RB5                  (abs)        0035
_RB6                  (abs)        0036
_RB7                  (abs)        0037
_RBIE                 (abs)        005B
_RBIF                 (abs)        0058
_TRISB                (abs)        0086
_TRISC                (abs)        0087
__Habs1               abs1         0000
__Hbank0              bank0        0000
__Hbank1              bank1        0000
__Hbank2              bank2        0000
__Hbank3              bank3        0000
__Hcinit              cinit        0000
__Hclrtext            clrtext      0000
__Hcode               code         0000
__Hcommon             common       0000
__Hconfig             config       2008
__HcstackBANK0        cstackBANK0  0000
__HcstackCOMMON       cstackCOMMON 0000
__Heeprom_data        eeprom_data  0000
__Hend_init           end_init     000F
__Hfunctab            functab      0000
__Hidloc              idloc        0000
__Hinit               init         000C
__Hintentry           intentry     000C
__Hmaintext           maintext     0000
__Hpa_nodes           pa_nodes     0000
__Hpowerup            powerup      0000
__Hram                ram          0000
__Hreset_vec          reset_vec    0003
__Hsfr0               sfr0         0000
__Hsfr1               sfr1         0000
__Hsfr2               sfr2         0000
__Hsfr3               sfr3         0000
__Hstrings            strings      0000
__Htext               text         0000
__Labs1               abs1         0000
__Lbank0              bank0        0000
__Lbank1              bank1        0000
__Lbank2              bank2        0000
__Lbank3              bank3        0000
__Lcinit              cinit        0000
__Lclrtext            clrtext      0000
__Lcode               code         0000
__Lcommon             common       0000
__Lconfig             config       2007
__LcstackBANK0        cstackBANK0  0000
__LcstackCOMMON       cstackCOMMON 0000
__Leeprom_data        eeprom_data  0000
__Lend_init           end_init     000C
__Lfunctab            functab      0000
__Lidloc              idloc        0000
__Linit               init         000C
__Lintentry           intentry     0004
__Lmaintext           maintext     0000
__Lpa_nodes           pa_nodes     0000
__Lpowerup            powerup      0000
__Lram                ram          0000
__Lreset_vec          reset_vec    0000
__Lsfr0               sfr0         0000
__Lsfr1               sfr1         0000
__Lsfr2               sfr2         0000
__Lsfr3               sfr3         0000
__Lstrings            strings      0000
__Ltext               text         0000
__S0                  (abs)        2008
__S1                  (abs)        0077
__S2                  (abs)        0000
__end_of_Led_1s       text84       0096
__end_of_Led_200ms    text85       0054
__end_of_button       text85       0033
__end_of_main         maintext     0075
__pcstackBANK0        cstackBANK0  0020
__pcstackCOMMON       cstackCOMMON 0070
__pintentry           intentry     0004
__pmaintext           maintext     0054
__ptext83             text83       0000
__ptext84             text84       0075
__ptext85             text85       000F
__ptext86             text85       0033
__ptext87             text87       0000
__size_of_Led_1s      (abs)        0000
__size_of_Led_200ms   (abs)        0000
__size_of_button      (abs)        0000
__size_of_main        (abs)        0000
_button               text85       000F
_exit                 init         000C
_main                 maintext     0054
btemp                 (abs)        007E
end_of_initialization cinit        0096
i1l2432                                
i1l2434                                
i1l2436                                
i1l2442                                
i1l2444                                
i1l2450                                
i1l2452                                
i1l2458                                
i1l2466                                
interrupt_function    intentry     0004
intlevel0             functab      0000
intlevel1             functab      0000
intlevel2             functab      0000
intlevel3             functab      0000
intlevel4             functab      0000
intlevel5             functab      0000
l2512                                  
l2514                                  
l2516                                  
l2522                                  
l2524                                  
l2530                                  
l2532                                  
l2534                                  
l2536                                  
l2538                                  
l2540                                  
l2542                                  
l2550                                  
reset_vec             reset_vec    0000
saved_w               (abs)        007E
start                 init         000C
start_initialization  cinit        0096
wtemp0                (abs)        007E
