HI-TECH Software C Compiler 

Linker command line:

--edf=C:\Program Files (x86)\HI-TECH Software\PICC\9.83\dat\en_msgs.txt -cs \
  -h+BT04ttvxl.sym -z -Q16F887 -ol.obj -MBT04ttvxl.map -E1 \
  -ACONST=00h-0FFhx32 -ACODE=00h-07FFhx4 -ASTRCODE=00h-01FFFh \
  -AENTRY=00h-0FFhx32 -ASTRING=00h-0FFhx32 -ABANK0=020h-06Fh \
  -ABANK1=0A0h-0EFh -ABANK2=0110h-016Fh -ABANK3=0190h-01EFh \
  -ARAM=020h-06Fh,0A0h-0EFh,0110h-016Fh,0190h-01EFh \
  -AABS1=020h-07Fh,0A0h-0EFh,0110h-016Fh,0190h-01EFh -ACOMMON=070h-07Fh \
  -ASFR0=00h-01Fh -ASFR1=080h-09Fh -ASFR2=0100h-010Fh -ASFR3=0180h-018Fh \
  -preset_vec=00h,intentry=04h,init,end_init -ppowerup=CODE -pfunctab=CODE \
  -ACONFIG=02007h-02008h -pconfig=CONFIG -DCONFIG=2 -AIDLOC=02000h-02003h \
  -pidloc=IDLOC -DIDLOC=2 -AEEDATA=00h-0FFh/02100h -peeprom_data=EEDATA \
  -DEEDATA=2 -DCODE=2 -DSTRCODE=2 -DSTRING=2 -DCONST=2 -DENTRY=2 -k \
  startup.obj BT04ttvxl.obj 

Object code version is 3.10

Machine type is 16F887



                Name                               Link     Load   Length Selector   Space Scale
startup.obj     end_init                              C        C        3        8       0
                reset_vec                             0        0        3        0       0
BT04ttvxl.obj   intentry                              4        4        8        8       0
                config                             2007     2007        1     400E       0
                text135                             1B8      1B8       4A        8       0
                text134                             11F      11F       4F        8       0
                text133                             16E      16E       4A        8       0
                text132                              6B       6B       5C        8       0
                text131                               F        F       5C        8       0
                text130                             248      248       43        8       0
                text129                             28B      28B       42        8       0
                text128                             202      202       46        8       0
                text127                             2CD      2CD       3C        8       0
                maintext                             C7       C7       58        8       0
                cstackCOMMON                         70       70        9       70       1
                bssCOMMON                            79       79        1       70       1
                cinit                               309      309        5        8       0

TOTAL           Name                               Link     Load   Length     Space
        CLASS   CONST          

        CLASS   CODE           
                end_init                              C        C        3         0
                intentry                              4        4        8         0
                reset_vec                             0        0        3         0
                text135                             1B8      1B8       4A         0
                text134                             11F      11F       4F         0
                text133                             16E      16E       4A         0
                text132                              6B       6B       5C         0
                text131                               F        F       5C         0
                text130                             248      248       43         0
                text129                             28B      28B       42         0
                text128                             202      202       46         0
                text127                             2CD      2CD       3C         0
                maintext                             C7       C7       58         0
                cinit                               309      309        5         0

        CLASS   STRCODE        

        CLASS   ENTRY          

        CLASS   STRING         

        CLASS   BANK0          

        CLASS   BANK1          

        CLASS   BANK2          

        CLASS   BANK3          

        CLASS   RAM            

        CLASS   ABS1           
                abs_s1                               7E       7E        2         1

        CLASS   COMMON         
                cstackCOMMON                         70       70        9         1
                bssCOMMON                            79       79        1         1

        CLASS   SFR0           

        CLASS   SFR1           

        CLASS   SFR2           

        CLASS   SFR3           

        CLASS   CONFIG         
                config                             2007     2007        1         0

        CLASS   IDLOC          

        CLASS   EEDATA         



SEGMENTS        Name                           Load    Length   Top    Selector   Space  Class     Delta

                reset_vec                      000000  000003  000003         0       0  CODE        2
                intentry                       000004  00030A  00030E         8       0  CODE        2
                cstackCOMMON                   000070  00000A  00007A        70       1  COMMON      1
                config                         002007  000001  002008      400E       0  CONFIG      2


UNUSED ADDRESS RANGES

        Name                Unused          Largest block    Delta
        BANK0            0020-006F             50           1
        BANK1            00A0-00EF             50           1
        BANK2            0110-016F             60           1
        BANK3            0190-01EF             60           1
        CODE             0003-0003              1           2
                         030E-1FFF            800
        COMMON           007A-007D              4           1
        CONFIG           2008-2008              1           2
        CONST            0003-0003              1           2
                         030E-1FFF            100
        EEDATA           2100-21FF            100           2
        ENTRY            0003-0003              1           2
                         030E-1FFF            100
        IDLOC            2000-2003              4           2
        RAM              0020-006F             50           1
                         00A0-00EF             50
                         0110-016F             60
                         0190-01EF             60
        SFR0             0000-001F             20           1
        SFR1             0080-009F             20           1
        SFR2             0100-010F             10           1
        SFR3             0180-018F             10           1
        STRCODE          0003-0003              1           2
                         030E-1FFF           1CF2
        STRING           0003-0003              1           2
                         030E-1FFF            100

                                  Symbol Table

??_Led_blink                              cstackCOMMON 0072
??_Led_move_in_to_out_one_by_one          cstackCOMMON 0072
??_Led_move_interleaved                   cstackCOMMON 0072
??_Led_move_left_to_right_one_by_o        cstackCOMMON 0072
??_Led_move_left_to_right_single          cstackCOMMON 0072
??_Led_move_out_to_in_one_by_one          cstackCOMMON 0072
??_Led_move_right_to_left_one_by_o        cstackCOMMON 0072
??_Led_move_right_to_left_single          cstackCOMMON 0072
??_button                                 cstackCOMMON 0070
??_main                                   cstackCOMMON 0079
?_Led_blink                               cstackCOMMON 0070
?_Led_move_in_to_out_one_by_one           cstackCOMMON 0070
?_Led_move_interleaved                    cstackCOMMON 0070
?_Led_move_left_to_right_one_by_o         cstackCOMMON 0070
?_Led_move_left_to_right_single           cstackCOMMON 0070
?_Led_move_out_to_in_one_by_one           cstackCOMMON 0070
?_Led_move_right_to_left_one_by_o         cstackCOMMON 0070
?_Led_move_right_to_left_single           cstackCOMMON 0070
?_button                                  cstackCOMMON 0070
?_main                                    cstackCOMMON 0070
Led_blink@x                               cstackCOMMON 0075
Led_blink@y                               cstackCOMMON 0076
Led_blink@z                               cstackCOMMON 0077
Led_move_in_to_out_one_by_one@h           cstackCOMMON 0077
Led_move_in_to_out_one_by_one@i           cstackCOMMON 0076
Led_move_in_to_out_one_by_one@m           cstackCOMMON 0075
Led_move_interleaved@h                    cstackCOMMON 0078
Led_move_interleaved@x                    cstackCOMMON 0075
Led_move_interleaved@y                    cstackCOMMON 0076
Led_move_interleaved@z                    cstackCOMMON 0077
Led_move_left_to_right_one_by_o@h         cstackCOMMON 0078
Led_move_left_to_right_one_by_o@i         cstackCOMMON 0077
Led_move_left_to_right_one_by_o@m         cstackCOMMON 0075
Led_move_left_to_right_one_by_o@m_1803    cstackCOMMON 0076
Led_move_left_to_right_single@h           cstackCOMMON 0078
Led_move_left_to_right_single@i           cstackCOMMON 0075
Led_move_left_to_right_single@m           cstackCOMMON 0076
Led_move_left_to_right_single@m_1788      cstackCOMMON 0077
Led_move_out_to_in_one_by_one@h           cstackCOMMON 0077
Led_move_out_to_in_one_by_one@i           cstackCOMMON 0076
Led_move_out_to_in_one_by_one@m           cstackCOMMON 0075
Led_move_right_to_left_one_by_o@h         cstackCOMMON 0078
Led_move_right_to_left_one_by_o@i         cstackCOMMON 0077
Led_move_right_to_left_one_by_o@m         cstackCOMMON 0075
Led_move_right_to_left_one_by_o@m_1798    cstackCOMMON 0076
Led_move_right_to_left_single@h           cstackCOMMON 0078
Led_move_right_to_left_single@i           cstackCOMMON 0075
Led_move_right_to_left_single@m           cstackCOMMON 0076
Led_move_right_to_left_single@m_1793      cstackCOMMON 0077
_ANSEL                                    (abs)        0188
_ANSELH                                   (abs)        0189
_GIE                                      (abs)        005F
_IOCB                                     (abs)        0096
_Led_blink                                text127      02CD
_Led_move_in_to_out_one_by_one            text130      0248
_Led_move_interleaved                     text128      0202
_Led_move_left_to_right_one_by_o          text131      000F
_Led_move_left_to_right_single            text134      011F
_Led_move_out_to_in_one_by_one            text129      028B
_Led_move_right_to_left_one_by_o          text132      006B
_Led_move_right_to_left_single            text133      016E
_PORTC                                    (abs)        0007
_PORTD                                    (abs)        0008
_RB0                                      (abs)        0030
_RB1                                      (abs)        0031
_RB2                                      (abs)        0032
_RB3                                      (abs)        0033
_RB4                                      (abs)        0034
_RB5                                      (abs)        0035
_RB6                                      (abs)        0036
_RB7                                      (abs)        0037
_RBIE                                     (abs)        005B
_RBIF                                     (abs)        0058
_S1_state                                 bssCOMMON    0079
_TRISB                                    (abs)        0086
_TRISC                                    (abs)        0087
_TRISD                                    (abs)        0088
__Habs1                                   abs1         0000
__Hbank0                                  bank0        0000
__Hbank1                                  bank1        0000
__Hbank2                                  bank2        0000
__Hbank3                                  bank3        0000
__HbssCOMMON                              bssCOMMON    0000
__Hcinit                                  cinit        0000
__Hclrtext                                clrtext      0000
__Hcode                                   code         0000
__Hcommon                                 common       0000
__Hconfig                                 config       2008
__HcstackCOMMON                           cstackCOMMON 0000
__Heeprom_data                            eeprom_data  0000
__Hend_init                               end_init     000F
__Hfunctab                                functab      0000
__Hidloc                                  idloc        0000
__Hinit                                   init         000C
__Hintentry                               intentry     000C
__Hmaintext                               maintext     0000
__Hpa_nodes                               pa_nodes     0000
__Hpowerup                                powerup      0000
__Hram                                    ram          0000
__Hreset_vec                              reset_vec    0003
__Hsfr0                                   sfr0         0000
__Hsfr1                                   sfr1         0000
__Hsfr2                                   sfr2         0000
__Hsfr3                                   sfr3         0000
__Hstrings                                strings      0000
__Htext                                   text         0000
__Labs1                                   abs1         0000
__Lbank0                                  bank0        0000
__Lbank1                                  bank1        0000
__Lbank2                                  bank2        0000
__Lbank3                                  bank3        0000
__LbssCOMMON                              bssCOMMON    0000
__Lcinit                                  cinit        0000
__Lclrtext                                clrtext      0000
__Lcode                                   code         0000
__Lcommon                                 common       0000
__Lconfig                                 config       2007
__LcstackCOMMON                           cstackCOMMON 0000
__Leeprom_data                            eeprom_data  0000
__Lend_init                               end_init     000C
__Lfunctab                                functab      0000
__Lidloc                                  idloc        0000
__Linit                                   init         000C
__Lintentry                               intentry     0004
__Lmaintext                               maintext     0000
__Lpa_nodes                               pa_nodes     0000
__Lpowerup                                powerup      0000
__Lram                                    ram          0000
__Lreset_vec                              reset_vec    0000
__Lsfr0                                   sfr0         0000
__Lsfr1                                   sfr1         0000
__Lsfr2                                   sfr2         0000
__Lsfr3                                   sfr3         0000
__Lstrings                                strings      0000
__Ltext                                   text         0000
__S0                                      (abs)        2008
__S1                                      (abs)        007A
__S2                                      (abs)        0000
__end_of_Led_blink                        text127      0309
__end_of_Led_move_in_to_out_one_by_one    text130      028B
__end_of_Led_move_interleaved             text128      0248
__end_of_Led_move_left_to_right_one_by_o  text131      006B
__end_of_Led_move_left_to_right_single    text134      016B
__end_of_Led_move_out_to_in_one_by_one    text129      02CD
__end_of_Led_move_right_to_left_one_by_o  text132      00C7
__end_of_Led_move_right_to_left_single    text133      01B5
__end_of_button                           text135      0202
__end_of_main                             maintext     011F
__pbssCOMMON                              bssCOMMON    0079
__pcstackCOMMON                           cstackCOMMON 0070
__pintentry                               intentry     0004
__pmaintext                               maintext     00C7
__ptext126                                text126      0000
__ptext127                                text127      02CD
__ptext128                                text128      0202
__ptext129                                text129      028B
__ptext130                                text130      0248
__ptext131                                text131      000F
__ptext132                                text132      006B
__ptext133                                text133      016E
__ptext134                                text134      011F
__ptext135                                text135      01B8
__ptext136                                text136      0000
__size_of_Led_blink                       (abs)        0000
__size_of_Led_move_in_to_out_one_by_one   (abs)        0000
__size_of_Led_move_interleaved            (abs)        0000
__size_of_Led_move_left_to_right_one_by_o (abs)        0000
__size_of_Led_move_left_to_right_single   (abs)        0000
__size_of_Led_move_out_to_in_one_by_one   (abs)        0000
__size_of_Led_move_right_to_left_one_by_o (abs)        0000
__size_of_Led_move_right_to_left_single   (abs)        0000
__size_of_button                          (abs)        0000
__size_of_main                            (abs)        0000
_button                                   text135      01B8
_exit                                     init         000C
_main                                     maintext     00C7
btemp                                     (abs)        007E
end_of_initialization                     cinit        030A
i1l2510                                                    
interrupt_function                        intentry     0004
intlevel0                                 functab      0000
intlevel1                                 functab      0000
intlevel2                                 functab      0000
intlevel3                                 functab      0000
intlevel4                                 functab      0000
intlevel5                                 functab      0000
l2556                                                      
l2558                                                      
l2560                                                      
l2562                                                      
l2572                                                      
l2574                                                      
l2576                                                      
l2578                                                      
l2580                                                      
l2582                                                      
l2596                                                      
l2598                                                      
l2600                                                      
l2602                                                      
l2604                                                      
l2606                                                      
l2612                                                      
l2614                                                      
l2616                                                      
l2618                                                      
l2628                                                      
l2630                                                      
l2632                                                      
l2634                                                      
l2636                                                      
l2638                                                      
l2652                                                      
l2654                                                      
l2656                                                      
l2658                                                      
l2660                                                      
l2662                                                      
l2668                                                      
l2670                                                      
l2672                                                      
l2674                                                      
l2684                                                      
l2686                                                      
l2688                                                      
l2702                                                      
l2704                                                      
l2706                                                      
l2710                                                      
l2712                                                      
l2716                                                      
l2718                                                      
l2720                                                      
l2722                                                      
l2732                                                      
l2734                                                      
l2736                                                      
l2750                                                      
l2752                                                      
l2754                                                      
l2758                                                      
l2760                                                      
l2764                                                      
l2766                                                      
l2768                                                      
l2776                                                      
l2778                                                      
l2784                                                      
l2788                                                      
l2790                                                      
l2794                                                      
l2796                                                      
l2798                                                      
l2810                                                      
l2812                                                      
l2814                                                      
l2816                                                      
l2820                                                      
l2822                                                      
l2826                                                      
l2828                                                      
l2830                                                      
l2858                                                      
l2874                                                      
l2876                                                      
l2878                                                      
l2880                                                      
l2882                                                      
l2884                                                      
l2886                                                      
l2888                                                      
l2892                                                      
reset_vec                                 reset_vec    0000
saved_w                                   (abs)        007E
start                                     init         000C
start_initialization                      cinit        0309
wtemp0                                    (abs)        007E
