HI-TECH Software C Compiler 

Linker command line:

--edf=C:\Program Files (x86)\HI-TECH Software\PICC\9.83\dat\en_msgs.txt -cs \
  -h+BT Ôn Thi 04.sym -z -Q16F887 -ol.obj -MBT Ôn Thi 04.map -E1 \
  -ACONST=00h-0FFhx32 -ACODE=00h-07FFhx4 -ASTRCODE=00h-01FFFh \
  -AENTRY=00h-0FFhx32 -ASTRING=00h-0FFhx32 -ABANK0=020h-06Fh \
  -ABANK1=0A0h-0EFh -ABANK2=0110h-016Fh -ABANK3=0190h-01EFh \
  -ARAM=020h-06Fh,0A0h-0EFh,0110h-016Fh,0190h-01EFh \
  -AABS1=020h-07Fh,0A0h-0EFh,0110h-016Fh,0190h-01EFh -ACOMMON=070h-07Fh \
  -ASFR0=00h-01Fh -ASFR1=080h-09Fh -ASFR2=0100h-010Fh -ASFR3=0180h-018Fh \
  -preset_vec=00h,intentry=04h,init,end_init -ppowerup=CODE -pfunctab=CODE \
  -ACONFIG=02007h-02008h -pconfig=CONFIG -DCONFIG=2 -AIDLOC=02000h-02003h \
  -pidloc=IDLOC -DIDLOC=2 -AEEDATA=00h-0FFh/02100h -peeprom_data=EEDATA \
  -DEEDATA=2 -DCODE=2 -DSTRCODE=2 -DSTRING=2 -DCONST=2 -DENTRY=2 -k \
  startup.obj BT Ôn Thi 04.obj 

Object code version is 3.10

Machine type is 16F887



                Name                               Link     Load   Length Selector   Space Scale
startup.obj     end_init                              E        E        3        8       0
                reset_vec                             0        0        3        0       0
BT Ôn Thi 04.obj
                functab                             100      100        9        2       0
                intentry                              4        4        A        8       0
                config                             2007     2007        1     400E       0
                text485                             EE5      EE5      11B     1DCA       0
                text484                              50       50        E       A0       0
                text483                             7D0      7D0       15        2       0
                text475                             76E      76E       62        2       0
                text474                             7E5      7E5       14        2       0
                text469                             560      560      186        2       0
                text465                             36D      36D      1F3        2       0
                text463                             109      109      264        2       0
                maintext                            6E6      6E6       88        2       0
                cstackBANK0                          20       20       42       20       1
                cstackCOMMON                         70       70        E       70       1
                bssBANK0                             62       62        5       20       1
                cinit                                5E       5E        9       A0       0
                strings                              11       11       3F       22       0

TOTAL           Name                               Link     Load   Length     Space
        CLASS   CONST          

        CLASS   CODE           
                end_init                              E        E        3         0
                functab                             100      100        9         0
                intentry                              4        4        A         0
                reset_vec                             0        0        3         0
                text485                             EE5      EE5      11B         0
                text484                              50       50        E         0
                text483                             7D0      7D0       15         0
                text475                             76E      76E       62         0
                text474                             7E5      7E5       14         0
                text469                             560      560      186         0
                text465                             36D      36D      1F3         0
                text463                             109      109      264         0
                maintext                            6E6      6E6       88         0
                cinit                                5E       5E        9         0

        CLASS   STRCODE        

        CLASS   ENTRY          

        CLASS   STRING         
                strings                              11       11       3F         0

        CLASS   BANK0          
                cstackBANK0                          20       20       42         1
                bssBANK0                             62       62        5         1

        CLASS   BANK1          

        CLASS   BANK2          

        CLASS   BANK3          

        CLASS   RAM            

        CLASS   ABS1           
                abs_s1                               7E       7E        2         1

        CLASS   COMMON         
                cstackCOMMON                         70       70        E         1

        CLASS   SFR0           

        CLASS   SFR1           

        CLASS   SFR2           

        CLASS   SFR3           

        CLASS   CONFIG         
                config                             2007     2007        1         0

        CLASS   IDLOC          

        CLASS   EEDATA         



SEGMENTS        Name                           Load    Length   Top    Selector   Space  Class     Delta

                reset_vec                      000000  000003  000003         0       0  CODE        2
                intentry                       000004  00000D  000011         8       0  CODE        2
                cstackBANK0                    000020  000047  000067        20       1  BANK0       1
                strings                        000011  00003F  000050        22       0  STRING      2
                cstackCOMMON                   000070  00000E  00007E        70       1  COMMON      1
                text484                        000050  000017  000067        A0       0  CODE        2
                functab                        000100  0006F9  0007F9         2       0  CODE        2
                text485                        000EE5  00011B  001000      1DCA       0  CODE        2
                config                         002007  000001  002008      400E       0  CONFIG      2


UNUSED ADDRESS RANGES

        Name                Unused          Largest block    Delta
        BANK0            0067-006F              9           1
        BANK1            00A0-00EF             50           1
        BANK2            0110-016F             60           1
        BANK3            0190-01EF             60           1
        CODE             0003-0003              1           2
                         0067-00FF             99
                         07F9-0EE4              7
                         1000-1FFF            800
        CONFIG           2008-2008              1           2
        CONST            0003-0003              1           2
                         0067-00FF             99
                         07F9-0EE4            100
                         1000-1FFF            100
        EEDATA           2100-21FF            100           2
        ENTRY            0003-0003              1           2
                         0067-00FF             99
                         07F9-0EE4            100
                         1000-1FFF            100
        IDLOC            2000-2003              4           2
        RAM              0067-006F              9           1
                         00A0-00EF             50
                         0110-016F             60
                         0190-01EF             60
        SFR0             0000-001F             20           1
        SFR1             0080-009F             20           1
        SFR2             0100-010F             10           1
        SFR3             0180-018F             10           1
        STRCODE          0003-0003              1           2
                         0067-00FF             99
                         07F9-0EE4            6EC
                         1000-1FFF           1000
        STRING           0003-0003              1           2
                         0067-00FF             99
                         07F9-0EE4            100
                         1000-1FFF            100

                                  Symbol Table

??___ftadd             cstackBANK0  0052
??___ftmul             cstackBANK0  0043
??___ftpack            cstackBANK0  002D
??___fttol             cstackBANK0  0034
??___lbtoft            cstackBANK0  0040
??___lwdiv             cstackBANK0  002C
??___lwmod             cstackBANK0  0033
??___wmul              cstackBANK0  002C
??__doprnt             cstackBANK0  0036
??_isdigit             cstackBANK0  0028
??_isprint             cstackBANK0  0028
??_lcd_busy            cstackBANK0  0028
??_lcd_gotoxy          cstackBANK0  002E
??_lcd_init            cstackBANK0  002D
??_lcd_put_byte        cstackBANK0  0029
??_lcd_putc            cstackBANK0  0030
??_main                cstackBANK0  0058
??_ngat                cstackBANK0  0026
??_printf              cstackBANK0  0045
??_putch               cstackBANK0  0032
??_rx                  cstackBANK0  0028
??_send_char           cstackBANK0  0028
??_send_string         cstackBANK0  0029
??_sprintf             cstackBANK0  0046
??_tx                  cstackBANK0  0028
??i1___ftadd           cstackBANK0  0020
??i1___ftpack          cstackCOMMON 0075
?___ftadd              cstackBANK0  004C
?___ftmul              cstackBANK0  003D
?___ftpack             cstackBANK0  0028
?___fttol              cstackBANK0  0030
?___lbtoft             cstackBANK0  003D
?___lwdiv              cstackBANK0  0028
?___lwmod              cstackBANK0  002F
?___wmul               cstackBANK0  0028
?__doprnt              cstackBANK0  0034
?_isdigit              cstackCOMMON 0070
?_isprint              cstackCOMMON 0070
?_lcd_busy             cstackCOMMON 0070
?_lcd_gotoxy           cstackBANK0  002D
?_lcd_init             cstackCOMMON 0070
?_lcd_put_byte         cstackBANK0  0028
?_lcd_putc             cstackCOMMON 0070
?_main                 cstackCOMMON 0070
?_ngat                 cstackCOMMON 0070
?_printf               cstackBANK0  0043
?_putch                cstackBANK0  0031
?_rx                   cstackCOMMON 0070
?_send_char            cstackCOMMON 0070
?_send_string          cstackCOMMON 0070
?_sprintf              cstackBANK0  0043
?_tx                   cstackCOMMON 0070
?i1___ftadd            cstackCOMMON 0078
?i1___ftpack           cstackCOMMON 0070
_ANSEL                 (abs)        0188
_ANSELH                (abs)        0189
_BRG16                 (abs)        0C3B
_BRGH                  (abs)        04C2
_CREN                  (abs)        00C4
_GIE                   (abs)        005F
_PEIE                  (abs)        005E
_PSA                   (abs)        040B
_RCIE                  (abs)        0465
_RCIF                  (abs)        0065
_RD1                   (abs)        0041
_RD2                   (abs)        0042
_RD3                   (abs)        0043
_RD4                   (abs)        0044
_RD5                   (abs)        0045
_RD6                   (abs)        0046
_RD7                   (abs)        0047
_RX9                   (abs)        00C6
_SPBRG                 (abs)        0099
_SPBRGH                (abs)        009A
_SPEN                  (abs)        00C7
_SYNC                  (abs)        04C4
_T0CS                  (abs)        040D
_T0IE                  (abs)        005D
_T0IF                  (abs)        005A
_T0SE                  (abs)        040C
_TMR0                  (abs)        0001
_TRISA4                (abs)        042C
_TRISD                 (abs)        0088
_TRISD1                (abs)        0441
_TRISD2                (abs)        0442
_TRISD3                (abs)        0443
_TRISD4                (abs)        0444
_TRISD5                (abs)        0445
_TRISD6                (abs)        0446
_TRISD7                (abs)        0447
_TRISE0                (abs)        0448
_TX9                   (abs)        04C6
_TXEN                  (abs)        04C5
_TXIF                  (abs)        0064
_TXREG                 (abs)        0019
__Habs1                abs1         0000
__Hbank0               bank0        0000
__Hbank1               bank1        0000
__Hbank2               bank2        0000
__Hbank3               bank3        0000
__HbssBANK0            bssBANK0     0000
__Hcinit               cinit        0000
__Hclrtext             clrtext      0000
__Hcode                code         0000
__Hcommon              common       0000
__Hconfig              config       2008
__HcstackBANK0         cstackBANK0  0000
__HcstackCOMMON        cstackCOMMON 0000
__Heeprom_data         eeprom_data  0000
__Hend_init            end_init     0011
__Hfunctab             functab      0109
__Hidloc               idloc        0000
__Hinit                init         000E
__Hintentry            intentry     000E
__Hmaintext            maintext     0000
__Hpa_nodes            pa_nodes     0000
__Hpowerup             powerup      0000
__Hram                 ram          0000
__Hreset_vec           reset_vec    0003
__Hsfr0                sfr0         0000
__Hsfr1                sfr1         0000
__Hsfr2                sfr2         0000
__Hsfr3                sfr3         0000
__Hstrings             strings      0000
__Htext                text         0000
__Labs1                abs1         0000
__Lbank0               bank0        0000
__Lbank1               bank1        0000
__Lbank2               bank2        0000
__Lbank3               bank3        0000
__LbssBANK0            bssBANK0     0000
__Lcinit               cinit        0000
__Lclrtext             clrtext      0000
__Lcode                code         0000
__Lcommon              common       0000
__Lconfig              config       2007
__LcstackBANK0         cstackBANK0  0000
__LcstackCOMMON        cstackCOMMON 0000
__Leeprom_data         eeprom_data  0000
__Lend_init            end_init     000E
__Lfunctab             functab      0100
__Lidloc               idloc        0000
__Linit                init         000E
__Lintentry            intentry     0004
__Lmaintext            maintext     0000
__Lpa_nodes            pa_nodes     0000
__Lpowerup             powerup      0000
__Lram                 ram          0000
__Lreset_vec           reset_vec    0000
__Lsfr0                sfr0         0000
__Lsfr1                sfr1         0000
__Lsfr2                sfr2         0000
__Lsfr3                sfr3         0000
__Lstrings             strings      0000
__Ltext                text         0000
__S0                   (abs)        2008
__S1                   (abs)        007E
__S2                   (abs)        0000
___ftadd               text469      05DE
___ftadd@exp1          cstackBANK0  0057
___ftadd@exp2          cstackBANK0  0056
___ftadd@f1            cstackBANK0  004C
___ftadd@f2            cstackBANK0  004F
___ftadd@sign          cstackBANK0  0055
___ftmul               text469      056F
___ftmul@cntr          cstackBANK0  004A
___ftmul@exp           cstackBANK0  0046
___ftmul@f1            cstackBANK0  003D
___ftmul@f2            cstackBANK0  0040
___ftmul@f3_as_product cstackBANK0  0047
___ftmul@sign          cstackBANK0  004B
___ftpack              text469      069E
___ftpack@arg          cstackBANK0  0028
___ftpack@exp          cstackBANK0  002B
___ftpack@sign         cstackBANK0  002C
___fttol               text475      076E
___fttol@exp1          cstackBANK0  003C
___fttol@f1            cstackBANK0  0030
___fttol@lval          cstackBANK0  0038
___fttol@sign1         cstackBANK0  0037
___lbtoft              text469      0560
___lbtoft@c            cstackBANK0  0040
___lwdiv               text463      031F
___lwdiv@counter       cstackBANK0  002E
___lwdiv@dividend      cstackBANK0  002A
___lwdiv@divisor       cstackBANK0  0028
___lwdiv@quotient      cstackBANK0  002C
___lwmod               text463      0349
___lwmod@counter       cstackBANK0  0033
___lwmod@dividend      cstackBANK0  0031
___lwmod@divisor       cstackBANK0  002F
___wmul                text463      0306
___wmul@multiplicand   cstackBANK0  002A
___wmul@multiplier     cstackBANK0  0028
___wmul@product        cstackBANK0  002C
__doprnt               text463      0125
__doprnt@_val          cstackBANK0  003A
__doprnt@ap            cstackBANK0  0035
__doprnt@c             cstackBANK0  0041
__doprnt@f             cstackBANK0  0034
__doprnt@flag          cstackBANK0  003E
__doprnt@pb            cstackBANK0  0042
__doprnt@prec          cstackBANK0  0039
__doprnt@width         cstackBANK0  003F
__end_of___ftadd       text469      069E
__end_of___ftmul       text469      05DE
__end_of___ftpack      text469      06DC
__end_of___fttol       text475      07C9
__end_of___lbtoft      text469      056F
__end_of___lwdiv       text463      0349
__end_of___lwmod       text463      036D
__end_of___wmul        text463      031F
__end_of__doprnt       text463      02F8
__end_of_isdigit       text463      0306
__end_of_isprint       text465      055B
__end_of_lcd_busy      text465      054D
__end_of_lcd_gotoxy    text465      0387
__end_of_lcd_init      text465      0477
__end_of_lcd_put_byte  text465      0522
__end_of_lcd_putc      text465      03B6
__end_of_main          maintext     076E
__end_of_ngat          text485      0F02
__end_of_printf        text463      0115
__end_of_putch         text465      036F
__end_of_rx            text483      07E5
__end_of_send_char     text474      07F9
__end_of_send_string   text474      07F3
__end_of_sprintf       text463      0125
__end_of_tx            text484      005E
__end_ofi1___ftadd     text485      0FC2
__end_ofi1___ftpack    text485      1000
__pbssBANK0            bssBANK0     0062
__pcstackBANK0         cstackBANK0  0020
__pcstackCOMMON        cstackCOMMON 0070
__pfunctab             functab      0100
__pintentry            intentry     0004
__pmaintext            maintext     06E6
__pstrings             strings      0011
__ptext462             text463      0115
__ptext463             text463      0109
__ptext464             text463      0125
__ptext465             text465      036D
__ptext466             text465      0387
__ptext467             text465      036F
__ptext468             text465      03B6
__ptext469             text469      0560
__ptext470             text469      056F
__ptext471             text469      05DE
__ptext472             text465      0522
__ptext473             text465      0477
__ptext474             text474      07E5
__ptext475             text475      076E
__ptext476             text469      069E
__ptext477             text463      0349
__ptext478             text463      031F
__ptext479             text463      0306
__ptext480             text463      02F8
__ptext481             text465      054D
__ptext482             text474      07F3
__ptext483             text483      07D0
__ptext484             text484      0050
__ptext485             text485      0EE5
__ptext486             text485      0F02
__ptext487             text485      0FC2
__size_of___ftadd      (abs)        0000
__size_of___ftmul      (abs)        0000
__size_of___ftpack     (abs)        0000
__size_of___fttol      (abs)        0000
__size_of___lbtoft     (abs)        0000
__size_of___lwdiv      (abs)        0000
__size_of___lwmod      (abs)        0000
__size_of___wmul       (abs)        0000
__size_of__doprnt      (abs)        0000
__size_of_isdigit      (abs)        0000
__size_of_isprint      (abs)        0000
__size_of_lcd_busy     (abs)        0000
__size_of_lcd_gotoxy   (abs)        0000
__size_of_lcd_init     (abs)        0000
__size_of_lcd_put_byte (abs)        0000
__size_of_lcd_putc     (abs)        0000
__size_of_main         (abs)        0000
__size_of_ngat         (abs)        0000
__size_of_printf       (abs)        0000
__size_of_putch        (abs)        0000
__size_of_rx           (abs)        0000
__size_of_send_char    (abs)        0000
__size_of_send_string  (abs)        0000
__size_of_sprintf      (abs)        0000
__size_of_tx           (abs)        0000
__size_ofi1___ftadd    (abs)        0000
__size_ofi1___ftpack   (abs)        0000
_count1                bssBANK0     0065
_dem                   bssBANK0     0062
_dpowers               strings      0017
_exit                  init         000E
_isdigit               text463      02F8
_isdigit$3687          cstackBANK0  0028
_isprint               text465      054D
_isprint$3690          cstackBANK0  0028
_lcd_busy              text465      0522
_lcd_gotoxy            text465      036F
_lcd_init              text465      03B6
_lcd_put_byte          text465      0477
_lcd_putc              text465      0387
_main                  maintext     06E6
_ngat                  text485      0EE5
_printf                text463      0109
_putch                 text465      036D
_rx                    text483      07D0
_send_char             text474      07F3
_send_string           text474      07E5
_sprintf               text463      0115
_tx                    text484      0050
btemp                  (abs)        007E
end_of_initialization  cinit        0063
fpbase                 functab      0105
fptable                functab      0100
fptotal                (abs)        0002
i1___ftadd             text485      0F02
i1___ftadd@exp1        cstackBANK0  0025
i1___ftadd@exp2        cstackBANK0  0024
i1___ftadd@f1          cstackCOMMON 0078
i1___ftadd@f2          cstackCOMMON 007B
i1___ftadd@sign        cstackBANK0  0023
i1___ftpack            text485      0FC2
i1___ftpack@arg        cstackCOMMON 0070
i1___ftpack@exp        cstackCOMMON 0073
i1___ftpack@sign       cstackCOMMON 0074
i1l1071                                 
i1l4667                                 
i1l4673                                 
i1l4831                                 
i1l4833                                 
i1l4835                                 
i1l4845                                 
i1l4851                                 
i1l4857                                 
i1l4859                                 
i1l4863                                 
i1l4875                                 
i1l4885                                 
i1l4891                                 
i1l4895                                 
i1l4897                                 
i1l4901                                 
i1l4903                                 
i1l4909                                 
i1l4911                                 
i1l4931                                 
i1l4933                                 
i1l4935                                 
interrupt_function     intentry     0004
intlevel0              functab      0100
intlevel1              functab      0100
intlevel2              functab      0100
intlevel3              functab      0100
intlevel4              functab      0100
intlevel5              functab      0100
isdigit@c              cstackBANK0  0029
isprint@c              cstackBANK0  0029
l1067                                   
l1077                                   
l1083                                   
l1086                                   
l1089                                   
l2145                                   
l2148                                   
l2156                                   
l2179                                   
l2246                                   
l3231                                   
l3236                                   
l3245                                   
l3252                                   
l3264                                   
l3274                                   
l3284                                   
l3386                                   
l4639                                   
l4641                                   
l4643                                   
l4645                                   
l4647                                   
l4649                                   
l4651                                   
l4653                                   
l4655                                   
l4657                                   
l4659                                   
l4661                                   
l4663                                   
l4665                                   
l4675                                   
l4679                                   
l4681                                   
l4691                                   
l4693                                   
l4703                                   
l4711                                   
l4713                                   
l4719                                   
l4721                                   
l4731                                   
l4735                                   
l4739                                   
l4745                                   
l4759                                   
l4765                                   
l4767                                   
l4787                                   
l4789                                   
l4791                                   
l4793                                   
l4799                                   
l4801                                   
l4803                                   
l4805                                   
l4807                                   
l4815                                   
l4825                                   
l4937                                   
l4941                                   
l4945                                   
l4947                                   
l4949                                   
l4953                                   
l4955                                   
l4957                                   
l4965                                   
l4967                                   
l4969                                   
l4977                                   
l4979                                   
l4981                                   
l4983                                   
l4985                                   
l4987                                   
l4989                                   
l4991                                   
l4995                                   
l4997                                   
l4999                                   
l5009                                   
l5015                                   
l5021                                   
l5023                                   
l5027                                   
l5039                                   
l5049                                   
l5055                                   
l5059                                   
l5061                                   
l5065                                   
l5067                                   
l5073                                   
l5087                                   
l5089                                   
l5091                                   
l5093                                   
l5095                                   
l5097                                   
l5099                                   
l5101                                   
l5109                                   
l5111                                   
l5113                                   
l5121                                   
l5123                                   
l5125                                   
l5129                                   
l5133                                   
l5135                                   
l5137                                   
l5139                                   
l5141                                   
l5143                                   
l5171                                   
l5173                                   
l5179                                   
l5183                                   
l5201                                   
l5203                                   
l5213                                   
l5217                                   
l5229                                   
l5231                                   
l5239                                   
l5243                                   
l5255                                   
l5279                                   
l5289                                   
l5301                                   
l5313                                   
l5319                                   
l5325                                   
l5335                                   
l5337                                   
l5339                                   
l5341                                   
l5345                                   
l5347                                   
l5349                                   
l5351                                   
l5353                                   
l5357                                   
l5359                                   
l5361                                   
l5363                                   
l5365                                   
l5367                                   
l5369                                   
l5371                                   
l5373                                   
l5375                                   
l5377                                   
l5379                                   
l5381                                   
l5383                                   
l5387                                   
l5389                                   
l5391                                   
l5393                                   
l5395                                   
l5397                                   
lcd_busy@busy          cstackBANK0  0029
lcd_gotoxy@address     cstackBANK0  002F
lcd_gotoxy@col         cstackBANK0  002E
lcd_gotoxy@row         cstackBANK0  002D
lcd_put_byte@b         cstackBANK0  0028
lcd_put_byte@rs        cstackBANK0  002B
lcd_put_byte@temp      cstackBANK0  002C
lcd_putc@c             cstackBANK0  0030
main@data_tx           cstackBANK0  0058
printf@ap              cstackBANK0  0046
printf@f               cstackBANK0  0045
printf@pb              cstackBANK0  0047
putch@c                cstackBANK0  0031
reset_vec              reset_vec    0000
saved_w                (abs)        007E
send_char@data         cstackBANK0  0028
send_string@s          cstackBANK0  0029
sprintf@ap             cstackBANK0  0047
sprintf@f              cstackBANK0  0043
sprintf@pb             cstackBANK0  0048
sprintf@wh             cstackBANK0  0046
start                  init         000E
start_initialization   cinit        005E
u1920                                   
wtemp0                 (abs)        007E
