HI-TECH Software C Compiler 

Linker command line:

--edf=C:\Program Files (x86)\HI-TECH Software\PICC\9.83\dat\en_msgs.txt -cs \
  -h+BT Ôn Thi 02.sym -z -Q16F887 -ol.obj -MBT Ôn Thi 02.map -E1 \
  -ACONST=00h-0FFhx32 -ACODE=00h-07FFhx4 -ASTRCODE=00h-01FFFh \
  -AENTRY=00h-0FFhx32 -ASTRING=00h-0FFhx32 -ABANK0=020h-06Fh \
  -ABANK1=0A0h-0EFh -ABANK2=0110h-016Fh -ABANK3=0190h-01EFh \
  -ARAM=020h-06Fh,0A0h-0EFh,0110h-016Fh,0190h-01EFh \
  -AABS1=020h-07Fh,0A0h-0EFh,0110h-016Fh,0190h-01EFh -ACOMMON=070h-07Fh \
  -ASFR0=00h-01Fh -ASFR1=080h-09Fh -ASFR2=0100h-010Fh -ASFR3=0180h-018Fh \
  -preset_vec=00h,intentry=04h,init,end_init -ppowerup=CODE -pfunctab=CODE \
  -ACONFIG=02007h-02008h -pconfig=CONFIG -DCONFIG=2 -AIDLOC=02000h-02003h \
  -pidloc=IDLOC -DIDLOC=2 -AEEDATA=00h-0FFh/02100h -peeprom_data=EEDATA \
  -DEEDATA=2 -DCODE=2 -DSTRCODE=2 -DSTRING=2 -DCONST=2 -DENTRY=2 -k \
  startup.obj BT Ôn Thi 02.obj 

Object code version is 3.10

Machine type is 16F887



                Name                               Link     Load   Length Selector   Space Scale
startup.obj     end_init                              C        C        3        8       0
                reset_vec                             0        0        3        0       0
BT Ôn Thi 02.obj
                intentry                              4        4        8        8       0
                config                             2007     2007        1     400E       0
                text803                             7C8      7C8       1E        8       0
                text802                             98A      98A        F     1314       0
                text801                             999      999       15     1332       0
                text797                             A1A      A1A       CB     1434       0
                text784                             7E6      7E6       15        8       0
                text780                             C37      C37      3C9     186E       0
                text778                             AE5      AE5      152     15CA       0
                text775                               F        F      7B9        8       0
                maintext                            9AE      9AE       6C     135C       0
                cstackBANK0                          20       20       43       20       1
                cstackCOMMON                         70       70        A       70       1
                cstackBANK1                          A0       A0       23       A0       1
                bssBANK0                             66       66        2       20       1
                bssCOMMON                            7A       7A        2       70       1
                cinit                               982      982        8     1304       0
                nvBANK0                              63       63        3       20       1
                strings                             800      800       84     1000       0

TOTAL           Name                               Link     Load   Length     Space
        CLASS   CONST          

        CLASS   CODE           
                end_init                              C        C        3         0
                intentry                              4        4        8         0
                reset_vec                             0        0        3         0
                text803                             7C8      7C8       1E         0
                text802                             98A      98A        F         0
                text801                             999      999       15         0
                text797                             A1A      A1A       CB         0
                text784                             7E6      7E6       15         0
                text780                             C37      C37      3C9         0
                text778                             AE5      AE5      152         0
                text775                               F        F      7B9         0
                maintext                            9AE      9AE       6C         0
                cinit                               982      982        8         0

        CLASS   STRCODE        

        CLASS   ENTRY          

        CLASS   STRING         
                strings                             800      800       84         0

        CLASS   BANK0          
                cstackBANK0                          20       20       43         1
                bssBANK0                             66       66        2         1
                nvBANK0                              63       63        3         1

        CLASS   BANK1          
                cstackBANK1                          A0       A0       23         1

        CLASS   BANK2          

        CLASS   BANK3          

        CLASS   RAM            

        CLASS   ABS1           
                abs_s1                               7E       7E        2         1

        CLASS   COMMON         
                cstackCOMMON                         70       70        A         1
                bssCOMMON                            7A       7A        2         1

        CLASS   SFR0           

        CLASS   SFR1           

        CLASS   SFR2           

        CLASS   SFR3           

        CLASS   CONFIG         
                config                             2007     2007        1         0

        CLASS   IDLOC          

        CLASS   EEDATA         



SEGMENTS        Name                           Load    Length   Top    Selector   Space  Class     Delta

                reset_vec                      000000  000003  000003         0       0  CODE        2
                intentry                       000004  0007F7  0007FB         8       0  CODE        2
                cstackBANK0                    000020  000048  000068        20       1  BANK0       1
                cstackCOMMON                   000070  00000C  00007C        70       1  COMMON      1
                cstackBANK1                    0000A0  000023  0000C3        A0       1  BANK1       1
                strings                        000800  000084  000884      1000       0  STRING      2
                cinit                          000982  000008  00098A      1304       0  CODE        2
                text802                        00098A  00000F  000999      1314       0  CODE        2
                text801                        000999  000015  0009AE      1332       0  CODE        2
                maintext                       0009AE  00006C  000A1A      135C       0  CODE        2
                text797                        000A1A  0000CB  000AE5      1434       0  CODE        2
                text778                        000AE5  000152  000C37      15CA       0  CODE        2
                text780                        000C37  0003C9  001000      186E       0  CODE        2
                config                         002007  000001  002008      400E       0  CONFIG      2


UNUSED ADDRESS RANGES

        Name                Unused          Largest block    Delta
        BANK0            0068-006F              8           1
        BANK1            00C3-00EF             2D           1
        BANK2            0110-016F             60           1
        BANK3            0190-01EF             60           1
        CODE             0003-0003              1           2
                         07FB-07FF              5
                         0884-0981             FE
                         1000-1FFF            800
        COMMON           007C-007D              2           1
        CONFIG           2008-2008              1           2
        CONST            0003-0003              1           2
                         07FB-07FF              5
                         0884-0981             7C
                         1000-1FFF            100
        EEDATA           2100-21FF            100           2
        ENTRY            0003-0003              1           2
                         07FB-07FF              5
                         0884-0981             7C
                         1000-1FFF            100
        IDLOC            2000-2003              4           2
        RAM              0068-006F              8           1
                         00C3-00EF             2D
                         0110-016F             60
                         0190-01EF             60
        SFR0             0000-001F             20           1
        SFR1             0080-009F             20           1
        SFR2             0100-010F             10           1
        SFR3             0180-018F             10           1
        STRCODE          0003-0003              1           2
                         07FB-07FF              5
                         0884-0981             FE
                         1000-1FFF           1000
        STRING           0003-0003              1           2
                         07FB-07FF              5
                         0884-0981             7C
                         1000-1FFF            100

                                  Symbol Table

??___awdiv             cstackCOMMON 0078
??___awmod             cstackCOMMON 0076
??___awtoft            cstackCOMMON 007A
??___bmul              cstackCOMMON 0079
??___ftadd             cstackBANK0  004A
??___ftdiv             cstackBANK0  002A
??___ftge              cstackCOMMON 0078
??___ftmul             cstackBANK0  003B
??___ftneg             cstackCOMMON 0075
??___ftpack            cstackCOMMON 0077
??___ftsub             cstackCOMMON 007A
??___fttol             cstackBANK0  002C
??___lbdiv             cstackCOMMON 0078
??___lbmod             cstackCOMMON 0073
??___lldiv             cstackCOMMON 007A
??___llmod             cstackCOMMON 007A
??___lltoft            cstackCOMMON 007A
??___wmul              cstackCOMMON 0076
??__div_to_l_          cstackBANK0  0020
??__tdiv_to_l_         cstackBANK0  0020
??_fround              cstackCOMMON 007A
??_isdigit             cstackCOMMON 0072
??_main                cstackCOMMON 007A
??_ngat                cstackCOMMON 0070
??_rx                  cstackCOMMON 0072
??_scale               cstackBANK0  0047
??_send_char           cstackCOMMON 0072
??_send_string         cstackCOMMON 0073
??_sprintf             cstackBANK0  005E
??_tx                  cstackCOMMON 0072
?___awdiv              cstackBANK0  0020
?___awmod              cstackCOMMON 0072
?___awtoft             cstackBANK0  0020
?___bmul               cstackCOMMON 0078
?___ftadd              cstackBANK0  0044
?___ftdiv              cstackBANK0  0024
?___ftge               cstackCOMMON 0072
?___ftmul              cstackBANK0  0035
?___ftneg              cstackCOMMON 0072
?___ftpack             cstackCOMMON 0072
?___ftsub              cstackBANK0  0050
?___fttol              cstackBANK0  0028
?___lbdiv              cstackCOMMON 0077
?___lbmod              cstackCOMMON 0072
?___lldiv              cstackCOMMON 0072
?___llmod              cstackBANK0  0025
?___lltoft             cstackBANK0  0020
?___wmul               cstackCOMMON 0072
?__div_to_l_           cstackCOMMON 0072
?__tdiv_to_l_          cstackCOMMON 0072
?_fround               cstackBANK0  0050
?_isdigit              cstackCOMMON 0070
?_main                 cstackCOMMON 0070
?_ngat                 cstackCOMMON 0070
?_rx                   cstackCOMMON 0070
?_scale                cstackBANK0  0044
?_send_char            cstackCOMMON 0070
?_send_string          cstackCOMMON 0070
?_sprintf              cstackBANK0  005A
?_tx                   cstackCOMMON 0070
_ANSEL                 (abs)        0188
_ANSELH                (abs)        0189
_BRG16                 (abs)        0C3B
_BRGH                  (abs)        04C2
_CREN                  (abs)        00C4
_GIE                   (abs)        005F
_PEIE                  (abs)        005E
_PS0                   (abs)        0408
_PS1                   (abs)        0409
_PS2                   (abs)        040A
_PSA                   (abs)        040B
_RCIE                  (abs)        0465
_RCIF                  (abs)        0065
_RE0                   (abs)        0048
_RX9                   (abs)        00C6
_SPBRG                 (abs)        0099
_SPBRGH                (abs)        009A
_SPEN                  (abs)        00C7
_SYNC                  (abs)        04C4
_T0CS                  (abs)        040D
_T0IE                  (abs)        005D
_T0IF                  (abs)        005A
_T1CKPS0               (abs)        0084
_T1CKPS1               (abs)        0085
_T1SYNC                (abs)        0082
_TMR0                  (abs)        0001
_TMR1                  (abs)        000E
_TMR1CS                (abs)        0081
_TMR1GE                (abs)        0086
_TMR1ON                (abs)        0080
_TRISE0                (abs)        0448
_TX9                   (abs)        04C6
_TXEN                  (abs)        04C5
_TXIF                  (abs)        0064
_TXREG                 (abs)        0019
__Habs1                abs1         0000
__Hbank0               bank0        0000
__Hbank1               bank1        0000
__Hbank2               bank2        0000
__Hbank3               bank3        0000
__HbssBANK0            bssBANK0     0000
__HbssCOMMON           bssCOMMON    0000
__Hcinit               cinit        0000
__Hclrtext             clrtext      0000
__Hcode                code         0000
__Hcommon              common       0000
__Hconfig              config       2008
__HcstackBANK0         cstackBANK0  0000
__HcstackBANK1         cstackBANK1  0000
__HcstackCOMMON        cstackCOMMON 0000
__Heeprom_data         eeprom_data  0000
__Hend_init            end_init     000F
__Hfunctab             functab      0000
__Hidloc               idloc        0000
__Hinit                init         000C
__Hintentry            intentry     000C
__Hmaintext            maintext     0000
__HnvBANK0             nvBANK0      0000
__Hpa_nodes            pa_nodes     0000
__Hpowerup             powerup      0000
__Hram                 ram          0000
__Hreset_vec           reset_vec    0003
__Hsfr0                sfr0         0000
__Hsfr1                sfr1         0000
__Hsfr2                sfr2         0000
__Hsfr3                sfr3         0000
__Hstrings             strings      0000
__Htext                text         0000
__Labs1                abs1         0000
__Lbank0               bank0        0000
__Lbank1               bank1        0000
__Lbank2               bank2        0000
__Lbank3               bank3        0000
__LbssBANK0            bssBANK0     0000
__LbssCOMMON           bssCOMMON    0000
__Lcinit               cinit        0000
__Lclrtext             clrtext      0000
__Lcode                code         0000
__Lcommon              common       0000
__Lconfig              config       2007
__LcstackBANK0         cstackBANK0  0000
__LcstackBANK1         cstackBANK1  0000
__LcstackCOMMON        cstackCOMMON 0000
__Leeprom_data         eeprom_data  0000
__Lend_init            end_init     000C
__Lfunctab             functab      0000
__Lidloc               idloc        0000
__Linit                init         000C
__Lintentry            intentry     0004
__Lmaintext            maintext     0000
__LnvBANK0             nvBANK0      0000
__Lpa_nodes            pa_nodes     0000
__Lpowerup             powerup      0000
__Lram                 ram          0000
__Lreset_vec           reset_vec    0000
__Lsfr0                sfr0         0000
__Lsfr1                sfr1         0000
__Lsfr2                sfr2         0000
__Lsfr3                sfr3         0000
__Lstrings             strings      0000
__Ltext                text         0000
__S0                   (abs)        2008
__S1                   (abs)        00C3
__S2                   (abs)        0000
___awdiv               text780      0E6A
___awdiv@counter       cstackBANK0  0024
___awdiv@dividend      cstackBANK0  0022
___awdiv@divisor       cstackBANK0  0020
___awdiv@quotient      cstackBANK0  0026
___awdiv@sign          cstackBANK0  0025
___awmod               text780      0EAF
___awmod@counter       cstackCOMMON 0076
___awmod@dividend      cstackCOMMON 0074
___awmod@divisor       cstackCOMMON 0072
___awmod@sign          cstackCOMMON 0077
___awtoft              text780      0C37
___awtoft@c            cstackBANK0  0020
___awtoft@sign         cstackBANK0  0023
___bmul                text780      0F5B
___bmul@multiplicand   cstackCOMMON 0078
___bmul@multiplier     cstackBANK0  0024
___bmul@product        cstackBANK0  0023
___ftadd               text775      0653
___ftadd@exp1          cstackBANK0  004F
___ftadd@exp2          cstackBANK0  004E
___ftadd@f1            cstackBANK0  0044
___ftadd@f2            cstackBANK0  0047
___ftadd@sign          cstackBANK0  004D
___ftdiv               text780      0C70
___ftdiv@cntr          cstackBANK0  002D
___ftdiv@exp           cstackBANK0  0031
___ftdiv@f1            cstackBANK0  0027
___ftdiv@f2            cstackBANK0  0024
___ftdiv@f3            cstackBANK0  002E
___ftdiv@sign          cstackBANK0  0032
___ftge                text775      049E
___ftge@ff1            cstackCOMMON 0072
___ftge@ff2            cstackCOMMON 0075
___ftmul               text780      0EEC
___ftmul@cntr          cstackBANK0  0042
___ftmul@exp           cstackBANK0  003E
___ftmul@f1            cstackBANK0  0035
___ftmul@f2            cstackBANK0  0038
___ftmul@f3_as_product cstackBANK0  003F
___ftmul@sign          cstackBANK0  0043
___ftneg               text775      064B
___ftneg@f1            cstackCOMMON 0072
___ftpack              text780      0F69
___ftpack@arg          cstackCOMMON 0072
___ftpack@exp          cstackCOMMON 0075
___ftpack@sign         cstackCOMMON 0076
___ftsub               text775      0715
___ftsub@f1            cstackBANK0  0053
___ftsub@f2            cstackBANK0  0050
___fttol               text775      04F1
___fttol@exp1          cstackBANK0  0034
___fttol@f1            cstackBANK0  0028
___fttol@lval          cstackBANK0  0030
___fttol@sign1         cstackBANK0  002F
___lbdiv               text778      0BEA
___lbdiv@counter       cstackBANK0  0021
___lbdiv@dividend      cstackBANK0  0020
___lbdiv@divisor       cstackCOMMON 0077
___lbdiv@quotient      cstackBANK0  0022
___lbmod               text778      0C05
___lbmod@counter       cstackCOMMON 0075
___lbmod@dividend      cstackCOMMON 0074
___lbmod@divisor       cstackCOMMON 0072
___lbmod@rem           cstackCOMMON 0076
___lldiv               text775      058A
___lldiv@counter       cstackBANK0  0024
___lldiv@dividend      cstackCOMMON 0076
___lldiv@divisor       cstackCOMMON 0072
___lldiv@quotient      cstackBANK0  0020
___llmod               text775      054C
___llmod@counter       cstackBANK0  002D
___llmod@dividend      cstackBANK0  0029
___llmod@divisor       cstackBANK0  0025
___lltoft              text780      0C52
___lltoft@c            cstackBANK0  0020
___lltoft@exp          cstackBANK0  0024
___wmul                text775      04D8
___wmul@multiplicand   cstackCOMMON 0074
___wmul@multiplier     cstackCOMMON 0072
___wmul@product        cstackCOMMON 0076
__div_to_l_            text797      0A1A
__div_to_l_@cntr       cstackBANK0  002C
__div_to_l_@exp1       cstackBANK0  002D
__div_to_l_@f1         cstackCOMMON 0072
__div_to_l_@f2         cstackCOMMON 0075
__div_to_l_@quot       cstackBANK0  0028
__end_of___awdiv       text780      0EAF
__end_of___awmod       text780      0EEC
__end_of___awtoft      text780      0C52
__end_of___bmul        text780      0F69
__end_of___ftadd       text775      0715
__end_of___ftdiv       text780      0CD8
__end_of___ftge        text775      04CA
__end_of___ftmul       text780      0F5B
__end_of___ftneg       text775      0653
__end_of___ftpack      text780      0FA7
__end_of___ftsub       text775      072B
__end_of___fttol       text775      054C
__end_of___lbdiv       text778      0C05
__end_of___lbmod       text778      0C21
__end_of___lldiv       text775      05D3
__end_of___llmod       text775      058A
__end_of___lltoft      text780      0C70
__end_of___wmul        text775      04F1
__end_of__div_to_l_    text797      0AD8
__end_of__tdiv_to_l_   text775      064B
__end_of_fround        text778      0BEA
__end_of_isdigit       text775      04D8
__end_of_main          maintext     0A1A
__end_of_ngat          text803      07E6
__end_of_rx            text801      09AE
__end_of_scale         text780      0E6A
__end_of_send_char     text784      07FB
__end_of_send_string   text784      07F4
__end_of_sprintf       text775      049E
__end_of_tx            text802      0999
__npowers_             strings      0806
__pbssBANK0            bssBANK0     0066
__pbssCOMMON           bssCOMMON    007A
__pcstackBANK0         cstackBANK0  0020
__pcstackBANK1         cstackBANK1  00A0
__pcstackCOMMON        cstackCOMMON 0070
__pintentry            intentry     0004
__pmaintext            maintext     09AE
__pnvBANK0             nvBANK0      0063
__powers_              strings      082D
__pstrings             strings      0800
__ptext775             text775      000F
__ptext776             text775      0715
__ptext777             text780      0CD8
__ptext778             text778      0AE5
__ptext779             text780      0C52
__ptext780             text780      0C37
__ptext781             text780      0EEC
__ptext782             text780      0C70
__ptext783             text775      0653
__ptext784             text784      07E6
__ptext785             text780      0EAF
__ptext786             text775      058A
__ptext787             text775      049E
__ptext788             text775      064B
__ptext789             text775      054C
__ptext790             text780      0E6A
__ptext791             text775      04F1
__ptext792             text780      0F69
__ptext793             text778      0C05
__ptext794             text778      0BEA
__ptext795             text775      04D8
__ptext796             text780      0F5B
__ptext797             text797      0A1A
__ptext798             text775      05D3
__ptext799             text775      04CA
__ptext800             text784      07F4
__ptext801             text801      0999
__ptext802             text802      098A
__ptext803             text803      07C8
__ptext804             text804      0000
__size_of___awdiv      (abs)        0000
__size_of___awmod      (abs)        0000
__size_of___awtoft     (abs)        0000
__size_of___bmul       (abs)        0000
__size_of___ftadd      (abs)        0000
__size_of___ftdiv      (abs)        0000
__size_of___ftge       (abs)        0000
__size_of___ftmul      (abs)        0000
__size_of___ftneg      (abs)        0000
__size_of___ftpack     (abs)        0000
__size_of___ftsub      (abs)        0000
__size_of___fttol      (abs)        0000
__size_of___lbdiv      (abs)        0000
__size_of___lbmod      (abs)        0000
__size_of___lldiv      (abs)        0000
__size_of___llmod      (abs)        0000
__size_of___lltoft     (abs)        0000
__size_of___wmul       (abs)        0000
__size_of__div_to_l_   (abs)        0000
__size_of__tdiv_to_l_  (abs)        0000
__size_of_fround       (abs)        0000
__size_of_isdigit      (abs)        0000
__size_of_main         (abs)        0000
__size_of_ngat         (abs)        0000
__size_of_rx           (abs)        0000
__size_of_scale        (abs)        0000
__size_of_send_char    (abs)        0000
__size_of_send_string  (abs)        0000
__size_of_sprintf      (abs)        0000
__size_of_tx           (abs)        0000
__tdiv_to_l_           text775      05D3
__tdiv_to_l_@cntr      cstackBANK0  0027
__tdiv_to_l_@exp1      cstackBANK0  0028
__tdiv_to_l_@f1        cstackCOMMON 0072
__tdiv_to_l_@f2        cstackCOMMON 0075
__tdiv_to_l_@quot      cstackBANK0  0023
_dem                   bssCOMMON    007A
_dpowers               strings      0854
_exit                  init         000C
_fround                text778      0AE5
_fround$2806           cstackBANK0  0056
_fround$2807           cstackBANK0  0053
_isdigit               text775      04CA
_isdigit$2381          cstackCOMMON 0072
_main                  maintext     09AE
_ngat                  text803      07C8
_rx                    text801      0999
_scale                 text780      0CD8
_scale$2808            cstackBANK0  004B
_send_char             text784      07F4
_send_string           text784      07E6
_sprintf               text775      000F
_sprintf$1873          cstackBANK1  00A0
_tx                    text802      098A
_v                     nvBANK0      0063
_xung                  bssBANK0     0066
btemp                  (abs)        007E
end_of_initialization  cinit        0986
fround@prec            cstackBANK0  0059
i1l1055                                 
i1l4721                                 
i1l4725                                 
i1l4727                                 
i1l4731                                 
i1l4733                                 
interrupt_function     intentry     0004
intlevel0              functab      0000
intlevel1              functab      0000
intlevel2              functab      0000
intlevel3              functab      0000
intlevel4              functab      0000
intlevel5              functab      0000
isdigit@c              cstackCOMMON 0073
l1061                                   
l1067                                   
l1070                                   
l1073                                   
l1183                                   
l2168                                   
l2178                                   
l2184                                   
l2214                                   
l2220                                   
l2264                                   
l2318                                   
l2331                                   
l2341                                   
l2345                                   
l2360                                   
l2399                                   
l2421                                   
l2429                                   
l2472                                   
l5853                                   
l5855                                   
l5857                                   
l5859                                   
l5861                                   
l5863                                   
l5865                                   
l5867                                   
l5869                                   
l5871                                   
l5873                                   
l5875                                   
l5877                                   
l5879                                   
l5881                                   
l5885                                   
l5887                                   
l5897                                   
l5905                                   
l5907                                   
l5909                                   
l5911                                   
l5913                                   
l5917                                   
l5921                                   
l5925                                   
l5933                                   
l5945                                   
l5955                                   
l5957                                   
l5959                                   
l5961                                   
l5965                                   
l5969                                   
l5971                                   
l5979                                   
l5991                                   
l5999                                   
l6001                                   
l6007                                   
l6015                                   
l6017                                   
l6023                                   
l6025                                   
l6027                                   
l6033                                   
l6037                                   
l6041                                   
l6047                                   
l6049                                   
l6053                                   
l6055                                   
l6061                                   
l6065                                   
l6067                                   
l6087                                   
l6089                                   
l6091                                   
l6093                                   
l6099                                   
l6101                                   
l6103                                   
l6105                                   
l6107                                   
l6115                                   
l6125                                   
l6131                                   
l6133                                   
l6137                                   
l6143                                   
l6147                                   
l6157                                   
l6161                                   
l6165                                   
l6169                                   
l6175                                   
l6189                                   
l6195                                   
l6203                                   
l6213                                   
l6215                                   
l6223                                   
l6225                                   
l6235                                   
l6239                                   
l6243                                   
l6249                                   
l6251                                   
l6255                                   
l6275                                   
l6279                                   
l6285                                   
l6289                                   
l6293                                   
l6295                                   
l6297                                   
l6307                                   
l6313                                   
l6319                                   
l6321                                   
l6325                                   
l6337                                   
l6347                                   
l6353                                   
l6357                                   
l6359                                   
l6363                                   
l6365                                   
l6371                                   
l6383                                   
l6385                                   
l6387                                   
l6389                                   
l6391                                   
l6393                                   
l6395                                   
l6397                                   
l6399                                   
l6405                                   
l6409                                   
l6411                                   
l6415                                   
l6429                                   
l6431                                   
l6433                                   
l6435                                   
l6437                                   
l6439                                   
l6441                                   
l6443                                   
l6451                                   
l6453                                   
l6455                                   
l6463                                   
l6465                                   
l6467                                   
l6471                                   
l6473                                   
l6477                                   
l6483                                   
l6493                                   
l6497                                   
l6507                                   
l6515                                   
l6519                                   
l6555                                   
l6557                                   
l6561                                   
l6571                                   
l6577                                   
l6579                                   
l6585                                   
l6587                                   
l6591                                   
l6597                                   
l6611                                   
l6613                                   
l6617                                   
l6621                                   
l6625                                   
l6627                                   
l6629                                   
l6631                                   
l6633                                   
l6635                                   
l6641                                   
l6643                                   
l6673                                   
l6675                                   
l6677                                   
l6681                                   
l6695                                   
l6699                                   
l6709                                   
l6729                                   
l6731                                   
l6741                                   
l6743                                   
l6749                                   
l6751                                   
l6757                                   
l6759                                   
l6801                                   
l6803                                   
l6817                                   
l6819                                   
l6821                                   
l6823                                   
l6825                                   
l6827                                   
l6829                                   
l6831                                   
l6833                                   
l6835                                   
l6837                                   
l6839                                   
l6841                                   
l6843                                   
l6845                                   
l6847                                   
l6849                                   
l6851                                   
l6853                                   
l6855                                   
l6857                                   
l6859                                   
l6863                                   
l6865                                   
main@data_tx           cstackBANK1  00B9
reset_vec              reset_vec    0000
saved_w                (abs)        007E
scale@scl              cstackBANK0  004E
send_char@data         cstackCOMMON 0072
send_string@s          cstackCOMMON 0073
sprintf@_val           cstackBANK1  00A8
sprintf@ap             cstackBANK1  00A4
sprintf@c              cstackBANK1  00B8
sprintf@exp            cstackBANK1  00B0
sprintf@f              cstackBANK0  005A
sprintf@flag           cstackBANK1  00AC
sprintf@fval           cstackBANK1  00B3
sprintf@integ          cstackBANK1  00A5
sprintf@prec           cstackBANK1  00B6
sprintf@sp             cstackBANK1  00B2
sprintf@width          cstackBANK1  00AE
start                  init         000C
start_initialization   cinit        0982
u3630                                   
u4470                                   
wtemp0                 (abs)        007E
